06-07 20:22:32.909 D/SplitScreenAppReader( 3272): SPLIT_TOUCH support check:com.coloros.weather.service = false
06-07 20:22:32.909 D/ActivityTaskManagerServiceExtImpl( 3272): preBindApplication record is null
06-07 20:22:32.909 D/RGBNormalizeServer( 3272): OplusRGBNormalize feature enabled ? false
06-07 20:22:32.909 D/ResourcesManagerCache( 3272): For package com.coloros.weather.service we got cacheList [null] appInfoExt is null ? false hasFeature ? false
06-07 20:22:32.918 W/UserAwareMgr( 3272): event can not be released, id: 1010, count: 678, releasePid: 3272
06-07 20:22:32.921 V/OsAgent ( 4428): broadcastSystemEvent - 7
06-07 20:22:32.927 D/OplusAppHeapManager(18498): java.lang.NoSuchMethodException: dalvik.system.VMRuntime.updateProcessValue [int, int, int]
06-07 20:22:32.931 W/OplusExSystemServiceHelper(18498): checkOplusExSystemService intent getComponent is null
06-07 20:22:32.934 D/CompactWindowAppManager(18498): initCompactApplicationInfo CompactMode: , NormalMode: 
06-07 20:22:32.939 V/Configuration(18498): Updating configuration, locales updated from [] to [en_EG]
06-07 20:22:32.941 D/OplusScrollToTopManager(18498): setIsInWhiteList false
06-07 20:22:32.943 D/OplusViewDebugManager(18498): OplusViewDebugManager Constructor android.view.debug.OplusViewDebugManager@ed374e6 [mHasViewDebugProperty true] [mHasMsgDebugProperty false] [DEBUG false] [EXTRAINFOENABLE false] [LIGHT_OS true]
06-07 20:22:32.960 W/libc    (18498): Access denied finding property "ro.odm.prev.product.name"
06-07 20:22:32.977 D/nativeloader(18498): Configuring clns-9 for other apk /system/system_ext/framework/vendor.oplus.hardware.cryptoeng-V1.0-java.jar. target_sdk_version=36, uses_libraries=ALL, library_path=/data/app/~~c9HTb-Cyd1PJJwU68iykRQ==/com.coloros.weather.service-O-0u_FI_KtJk7ZLnvDEAiA==/lib/arm64, permitted_path=/data:/mnt/expand:/data/user_de/0/com.coloros.weather.service
06-07 20:22:32.977 D/nativeloader(18498): Extending system_exposed_libraries: libbinauralrenderer_wrapper.qti.so:libhoaeffects.qti.so:libsuperNight.oplus.so:libAPSClient-cmd-jni-extension.oplus.so:libsatellite_audio_jni.oplus.so:libortc_so.oplus.so:libsoundtouch.oplus.so:libsoundtouch_jni.oplus.so:libOplusStringJNI-extension.oplus.so:libsatellite_ostx_jni.oplus.so:libapssuspend-jni.oplus.so:libupdateprof.qti.so:libthermalclient.qti.so:libqape.qti.so:libqesdk_ndk_platform.qti.so:liblistenjni.qti.so
06-07 20:22:32.979 D/ApplicationLoaders(18498): Returning zygote-cached class loader: /system_ext/framework/androidx.window.extensions.jar
06-07 20:22:32.979 D/ApplicationLoaders(18498): Returning zygote-cached class loader: /system_ext/framework/androidx.window.sidecar.jar
06-07 20:22:33.001 D/nativeloader(18498): Configuring clns-10 for other apk /data/app/~~c9HTb-Cyd1PJJwU68iykRQ==/com.coloros.weather.service-O-0u_FI_KtJk7ZLnvDEAiA==/base.apk. target_sdk_version=36, uses_libraries=, library_path=/data/app/~~c9HTb-Cyd1PJJwU68iykRQ==/com.coloros.weather.service-O-0u_FI_KtJk7ZLnvDEAiA==/lib/arm64, permitted_path=/data:/mnt/expand:/data/user_de/0/com.coloros.weather.service
06-07 20:22:33.033 I/weather.service(18498): AssetManager2(0xb400006f959d6d28) locale list changing from [] to [en-EG]
06-07 20:22:33.045 V/GraphicsEnvironment(18498): Currently set values for:
06-07 20:22:33.045 V/GraphicsEnvironment(18498):   angle_gl_driver_selection_pkgs=[]
06-07 20:22:33.045 V/GraphicsEnvironment(18498):   angle_gl_driver_selection_values=[]
06-07 20:22:33.045 V/GraphicsEnvironment(18498): com.coloros.weather.service is not listed in per-application setting
06-07 20:22:33.045 V/GraphicsEnvironment(18498): ANGLE allowlist from config: 
06-07 20:22:33.045 V/GraphicsEnvironment(18498): com.coloros.weather.service is not listed in ANGLE allowlist or settings, returning default
06-07 20:22:33.045 V/GraphicsEnvironment(18498): Neither updatable production driver nor prerelease driver is supported.
06-07 20:22:33.050 D/ResourcesManagerExtImpl(18498): applyConfigurationToAppResourcesLocked app.getDisplayId() return callback.displayId:-1
06-07 20:22:33.062 W/ActivityTaskManager( 3272): Activity top resumed state loss timeout for ActivityRecord{22799810 u0 com.saucelabs.mydemoapp.android/.view.activities.MainActivity t17212 f} isExiting}
06-07 20:22:33.063 D/OplusAppStartupConfigExt( 3272): ActivityChangedListener prePkg = com.saucelabs.mydemoapp.android  nextPkg = com.android.launcher
06-07 20:22:33.063 I/OplusJoystickManager( 3272): handleApplicationSwitch deprecated!
06-07 20:22:33.063 I/GameManagerServiceExt-GameManagerServiceExt( 3272): on FG change: com.saucelabs.mydemoapp.android|com.android.launcher
06-07 20:22:33.063 D/OplusAppSwitchListener( 3272): App Activity Change
06-07 20:22:33.063 D/OplusAppSwitchListener( 3272): Detect com.saucelabs.mydemoapp.android switch to background
06-07 20:22:33.064 D/OplusFeatureReduceBrightness( 3272): onAppExit , info = com.saucelabs.mydemoapp.android
06-07 20:22:33.065 D/OplusAppSwitchListener( 3272): Detect com.android.launcher switch to foreground
06-07 20:22:33.067 D/OplusEapManager( 3272): mTargetExitName :com.saucelabs.mydemoapp.android
06-07 20:22:33.067 D/ResourcesManagerExtImpl( 4091): applyConfigurationToAppResourcesLocked app.getDisplayId() return callback.displayId:0
06-07 20:22:33.067 D/VRR [OPlusRefreshRateService]( 3272): handleFrontAppChange pkgName: null
06-07 20:22:33.067 W/Battery ( 4324): AppSwitchDetectorV2: OnAppSwitchObserver: onAppExit , info = OplusAppExitInfo = {  targetName = com.saucelabs.mydemoapp.android hasResumingActivity = true resumingPackageName = com.android.launcher resumingActivityName = com.android.launcher.Launcher resumingWindowMode = 1 isResumingMultiApp = false isResumingFirstStart = false extension = Bundle[mParcelledData.dataSize=672]} lastReg=1780822262403
06-07 20:22:33.068 D/OplusAppSwitchRuleInfo( 3272): generateAppEnterInfo - launch_source_type =  , launch_source_traceid = 
06-07 20:22:33.068 W/Battery ( 4324): AppSwitchManager: onAppSwitch: [m4.o$d@cbf4d67]
06-07 20:22:33.068 D/OplusAppSwitchRuleInfo( 3272): generateAppEnterInfo - launch_source_type =  , launch_source_traceid = 
06-07 20:22:33.069 W/Battery ( 4324): ThermalControlUtils: mForegroundPkg=com.android.launcher mLastWindowMode=1
06-07 20:22:33.069 D/OplusAppSwitchRuleInfo( 3272): generateAppEnterInfo - launch_source_type =  , launch_source_traceid = 
06-07 20:22:33.069 W/Battery ( 4324): StateManager: getAppType com.android.launcher, last=1780852835864
06-07 20:22:33.069 W/Battery ( 4324): ThermalControllerCenter: mSafetyState=10000,  mSafetyTestConfigList=01111,10111,11011,11101,11110,00111,01011,01101,01110,10011,10101,10110,11001,11010,11100,11111,10100
06-07 20:22:33.069 W/Battery ( 4324): ThermalControllHandler: tempLevel=[4, 4, 3, 4, 3, 3, 4, 5],userMode=2,gameUserMode=-1,appType=-1,envTempType=0,appStates=[],appSwitchSafetyMode=false,split=[],float=[],full=[com.android.launcher], tempGear=[4, 4, 3, 4, 3, 3, 4, 5],configItemName=common_config
06-07 20:22:33.069 D/OplusAppSwitchRuleInfo( 3272): generateAppEnterInfo - launch_source_type =  , launch_source_traceid = 
06-07 20:22:33.070 D/OplusAppSwitchRuleInfo( 3272): generateAppEnterInfo - launch_source_type =  , launch_source_traceid = 
06-07 20:22:33.070 D/OplusEapManager( 3272): mTargetEnterName :com.android.launcher
06-07 20:22:33.070 I/OPM     ( 3272): home scene change to true
06-07 20:22:33.070 V/DCSEX-AppSwitchManager( 4111): OnAppSwitchObserver: onAppExit, resuming = com.android.launcher, target = com.saucelabs.mydemoapp.android, is ResumingFirstStart =  false, is ResumingMultiApp =  false, extensionInfo =  Bundle[mParcelledData.dataSize=672]
06-07 20:22:33.070 D/OplusLatencyOptimizerManager( 3272): enter pkg: com.android.launcher isPrevBlackAppTop: false mIsBlackAppTop: false
06-07 20:22:33.070 D/OplusAppSwitchRuleInfo( 3272): generateAppEnterInfo - launch_source_type =  , launch_source_traceid = 
06-07 20:22:33.070 I/Athena  ( 4588): AthenaDynamicReceiver: pre_app:com.saucelabs.mydemoapp.android, next_app:com.android.launcher(10221|4091)
06-07 20:22:33.071 D/DCSEX-AppLaunchEventRecorder( 4111): onAppSwitch from = com.saucelabs.mydemoapp.android to = com.android.launcher
06-07 20:22:33.071 D/OplusAppSwitchRuleInfo( 3272): generateAppEnterInfo - launch_source_type =  , launch_source_traceid = 
06-07 20:22:33.071 D/DCSEX-AppLaunchEventRecorder( 4111): recordExitApp = com.saucelabs.mydemoapp.android
06-07 20:22:33.071 D/OplusAppSwitchRuleInfo( 3272): generateActivityEnterInfo - launch_source_type =  , launch_source_traceid = 
06-07 20:22:33.071 D/OplusAppSwitchRuleInfo( 3272): generateActivityEnterInfo - launch_source_type =  , launch_source_traceid = 
06-07 20:22:33.072 D/OplusAppSwitchRuleInfo( 3272): generateActivityEnterInfo - launch_source_type =  , launch_source_traceid = 
06-07 20:22:33.072 D/OplusAppSwitchRuleInfo( 3272): generateActivityEnterInfo - launch_source_type =  , launch_source_traceid = 
06-07 20:22:33.073 D/VRR [OPlusRefreshRateService]( 3272): handleFrontAppChange pkgName: com.android.launcher
06-07 20:22:33.073 V/DCSEX-AppSwitchManager( 4111): OnAppSwitchObserver: onAppEnter, launchedFrom =  null, target =  com.android.launcher, is firstStart =  false, is multiApp =  false, extensionInfo =  Bundle[mParcelledData.dataSize=1060], launch_source_type =  , launch_source_traceid =  
06-07 20:22:33.074 D/OplusBatteryServiceFeature( 3272): setSmartCoolDown: coolDown = 0, normalCoolDown = 0, pkgName = com.android.launcher
06-07 20:22:33.075 D/vendor.oplus.hardware.charger-V10-service( 1895): set cooldown:0,  normalCoolDown:0
06-07 20:22:33.077 W/Battery ( 4324): ThermalControllHandler: MSG_THERMAL_CONTROL_CATEGORY_CHANGED
06-07 20:22:33.077 W/Battery ( 4324): AppSceneCenter: PerfPolicy not enable!
06-07 20:22:33.077 W/Battery ( 4324): ThermalControllerCenter: startCollingMethods,thermalPolicy=Policy info
06-07 20:22:33.077 W/Battery ( 4324): {
06-07 20:22:33.077 W/Battery ( 4324):  categoryName: com.android.launcher
06-07 20:22:33.077 W/Battery ( 4324):  coolingConfig: {disWifiHotSpot=0, refreshRate=0, charge=0, disCamera=0, disFrameInsert=0, speedChargeAdd=0, freezer=0, restrict=0, cpu=0, fps=0, gpu=0, cdsp=0, wifi=0, cameraBrightness=0, modem=0, heatoff_policy=0, disTorch=7, cpuPower=0, ipaweight=0, brightness=0, boostBreak1=0, boostBreak2=0, stopCameraVideo=0, disVideoSR=0, disFlashlight=7, thermalSerious=0}
06-07 20:22:33.077 W/Battery ( 4324):  configItemName: gear_config 
06-07 20:22:33.077 W/Battery ( 4324):  gearVal:[4, 4, 3, 4, 3, 3, 4, 5], cpuVal:-2, gpuVal:-2, restrictVal:-2, brightnessVal:-2, chargeVal:-2, modemVal:-2, disFlashVal:0, stopCameraVideoVal:-2, cameraBrightnessVal:-2, disCameraVal:-2, disWifiHotSpotVal:-2, disTorchVal:0, disFrameInsertVal:-2, fpsVal:-2, refreshRateVal:-2, cpuPowerVal:-2, disVideoSRVal:-2, thermalSerious:-2, speedChargeAdd:-2, ipaweight:-2,-2,-2, boostBreak1:-2, boostBreak2:-2, heatoffPolicy:-2, freezer:-2 
06-07 20:22:33.077 W/Battery ( 4324): } 
06-07 20:22:33.077 W/Battery ( 4324): ThermalControlUtils: not set the same modem=0
06-07 20:22:33.077 D/OplusBatteryServiceFeature( 3272): setSmartCoolDown: coolDown = 0, normalCoolDown = 0, pkgName = com.android.launcher
06-07 20:22:33.078 D/vendor.oplus.hardware.charger-V10-service( 1895): set cooldown:0,  normalCoolDown:0
06-07 20:22:33.078 W/Battery ( 4324): ThermalControlUtils: not set the same wifi=0
06-07 20:22:33.079 D/OplusWifiService( 3272): setSoftApHighTempLimitLevel level = -2 scene = 0
06-07 20:22:33.079 E/OplusSoftApHighTempDataLimit( 3272): set wrong values for SoftApHighTempLimitLevel
06-07 20:22:33.079 W/Battery ( 4324): Thermal.WifiHotSpotControl: setSoftApHighTempLimitLevel -2 scene=0, success
06-07 20:22:33.082 I/[UAH_CLIENT]( 4324): uahRuleCtl, ruleId:4, status:0
06-07 20:22:33.083 W/Battery ( 4324): ThermalControllHandler: MSG_THERMAL_CONTROL_TRACEINFO_UPLOAD. isTraceMonitorOn:false, hasTraceAidl:false
06-07 20:22:33.090 I/SwitchesProvider(18498): com.oplus.weather.service.provider.WeatherSwitchProvider
06-07 20:22:33.099 E/WeatherS_AccuUtilsExp(18498): exp -> true
06-07 20:22:33.117 I/SwitchesProvider(18498): com.oplus.weather.service.provider.ColorWeatherSwitchProvider
06-07 20:22:33.129 E/OsenseResClient( 4091): osenseClrSceneAction: handle is illegal
06-07 20:22:33.129 W/LauncherJankManager[u0]( 4091): skipReport: JankScene(GO_HOME|2|0|4), reason: adaptive animation
06-07 20:22:33.129 D/OplusGcSupressionExtImpl( 4091): callGcDesupression : java.lang.NullPointerException: Attempt to invoke virtual method 'java.lang.Object java.lang.reflect.Method.invoke(java.lang.Object, java.lang.Object[])' on a null object reference
06-07 20:22:33.130 E/[OPLUS_AFS_CONFIG]( 4091): Failed to open AFS config file: /proc/oplus_afs_config/afs_config
06-07 20:22:33.130 E/AFS_CONFIG( 4091): Failed to get scene config
06-07 20:22:33.130 E/OplusAfsManager( 4091): afsConfigSceneConfigGet sceneType is null
06-07 20:22:33.130 W/LauncherJankManager[u0]( 4091): skipReport: JankScene(GO_HOME|2|0|4), reason: adaptive animation
06-07 20:22:33.130 E/OsenseResClient( 4091): osenseClrSceneAction: handle is illegal
06-07 20:22:33.130 D/RemoteAnimationRunnerCompat( 4091): animationFinishedCallback start, transition id: 2527, multiOpenId: -1, isPredictiveBackBlockablAnim: false, mFinishCallback: android.window.IRemoteTransitionFinishedCallback$Stub$Proxy@1d8d9a2, mMultiRemoteCallback: null
06-07 20:22:33.130 W/RemoteAnimFrameRateManager( 4091): this os is not support dynamic frame rate .
06-07 20:22:33.130 D/RemoteAnimRunnerExt( 4091): setPredictiveBackAnimPair, id: 2527, active: false, previous id: -1
06-07 20:22:33.130 W/RemoteAnimRunnerExt( 4091): setPredictiveBackBlockablAnimPair, miss matching id for inactive
06-07 20:22:33.130 D/RemoteAnimationRunnerCompat( 4091): animationFinishedCallback call, transition id: 2527, needMergeT: false, mergeTransition: null
06-07 20:22:33.132 D/OplusShellTransition( 4186): RemoteTransitionHandlerandroid.os.BinderProxy@64563a, onTransitionFinished thread=849, true
06-07 20:22:33.132 D/OplusShellTransition( 4186): RemoteTransitionHandlerandroid.os.BinderProxy@64563a, onTransitionFinished, finishTransaction.mNativeObject=-5476376673955540736, thread=44
06-07 20:22:33.134 V/WindowManagerShell( 4186): Transition animation finished (aborted=false), notifying core (#2527) android.os.BinderProxy@64563a@0
06-07 20:22:33.134 D/SplitScreen-->AppLockManager( 4186): setStartFromSafeControl mStartFromSafeControl=false
06-07 20:22:33.135 D/ShellTaskOrganizerExt( 4186): adjust change for exiting mini task: -1
06-07 20:22:33.140 D/Transition( 3272): finishTransaction-onCommitted syncId=2527
06-07 20:22:33.141 D/Transition( 3272): finishTransition ar ActivityRecord{18544384 u0 com.android.launcher/.Launcher t5}, isVisibleRequested=true, state=RESUMED, visibleAtTransitionEndTokens={ActivityRecord{18544384 u0 com.android.launcher/.Launcher t5}, WallpaperWindowToken{fb089ba showWhenLocked=false}}, this=TransitionRecord{c9ae21c id=2527 track=0 type=CLOSE flags=0x10 state=2 c=[
06-07 20:22:33.141 D/Transition( 3272):    ChangeInfo{c7efe25 container=ActivityRecord{18544384 u0 com.android.launcher/.Launcher t5} flags=0x0}
06-07 20:22:33.141 D/Transition( 3272):    ChangeInfo{91fabfa container=ActivityRecord{22799810 u0 com.saucelabs.mydemoapp.android/.view.activities.MainActivity t17212 f} isExiting} flags=0x0}
06-07 20:22:33.141 D/Transition( 3272):    ChangeInfo{36046f0 container=Task{2298778 #17212 type=standard A=10319:com.saucelabs.mydemoapp.android} flags=0x10}
06-07 20:22:33.141 D/Transition( 3272):    ChangeInfo{63e95ab container=DefaultTaskDisplayArea@55477417 flags=0x0}
06-07 20:22:33.141 D/Transition( 3272):    ChangeInfo{601f333 container=Task{5c0738a #1 type=home} flags=0x30}
06-07 20:22:33.141 D/Transition( 3272):    ChangeInfo{7820408 container=Task{8902a2e #5 type=home I=com.android.launcher/.Launcher} flags=0x30}
06-07 20:22:33.141 D/Transition( 3272):    ChangeInfo{5c657a1 container=Display{#0 state=ON size=720x1604 ROTATION_0} flags=0x0}
06-07 20:22:33.141 D/Transition( 3272):    ChangeInfo{33b8469 container=WallpaperWindowToken{fb089ba showWhenLocked=false} flags=0x0}
06-07 20:22:33.141 D/Transition( 3272): ]
06-07 20:22:33.141 D/Transition( 3272): }
06-07 20:22:33.141 D/Transition( 3272): finishTransition ar ActivityRecord{22799810 u0 com.saucelabs.mydemoapp.android/.view.activities.MainActivity t17212 f} isExiting}, isVisibleRequested=false, state=DESTROYED, visibleAtTransitionEndTokens={ActivityRecord{18544384 u0 com.android.launcher/.Launcher t5}, WallpaperWindowToken{fb089ba showWhenLocked=false}}, this=TransitionRecord{c9ae21c id=2527 track=0 type=CLOSE flags=0x10 state=2 c=[
06-07 20:22:33.141 D/Transition( 3272):    ChangeInfo{c7efe25 container=ActivityRecord{18544384 u0 com.android.launcher/.Launcher t5} flags=0x0}
06-07 20:22:33.141 D/Transition( 3272):    ChangeInfo{91fabfa container=ActivityRecord{22799810 u0 com.saucelabs.mydemoapp.android/.view.activities.MainActivity t17212 f} isExiting} flags=0x0}
06-07 20:22:33.141 D/Transition( 3272):    ChangeInfo{36046f0 container=Task{2298778 #17212 type=standard A=10319:com.saucelabs.mydemoapp.android} flags=0x10}
06-07 20:22:33.141 D/Transition( 3272):    ChangeInfo{63e95ab container=DefaultTaskDisplayArea@55477417 flags=0x0}
06-07 20:22:33.141 D/Transition( 3272):    ChangeInfo{601f333 container=Task{5c0738a #1 type=home} flags=0x30}
06-07 20:22:33.141 D/Transition( 3272):    ChangeInfo{7820408 container=Task{8902a2e #5 type=home I=com.android.launcher/.Launcher} flags=0x30}
06-07 20:22:33.141 D/Transition( 3272):    ChangeInfo{5c657a1 container=Display{#0 state=ON size=720x1604 ROTATION_0} flags=0x0}
06-07 20:22:33.141 D/Transition( 3272):    ChangeInfo{33b8469 container=WallpaperWindowToken{fb089ba showWhenLocked=false} flags=0x0}
06-07 20:22:33.141 D/Transition( 3272): ]
06-07 20:22:33.141 D/Transition( 3272): }
06-07 20:22:33.141 D/ActivityTaskManager( 3272): commitVisibility: ActivityRecord{22799810 u0 com.saucelabs.mydemoapp.android/.view.activities.MainActivity t17212 f} isExiting}: visible=false visibleRequested=false, isInTransition=false 
06-07 20:22:33.142 D/WindowManager( 3272): NFW_setClientVisible:ActivityRecord{22799810 u0 com.saucelabs.mydemoapp.android/.view.activities.MainActivity t17212 f} isExiting} clientVisible:false
06-07 20:22:33.142 D/OplusActivityManager(18498): get AMS extension: android.os.BinderProxy@5b1e4f6
06-07 20:22:33.145 W/ActivityManager( 3272): pid 3272 system sent binder code 7 with flags 1 to frozen apps and got error -32
06-07 20:22:33.148 W/WindowManager( 3272): Exception thrown during dispatchAppVisibility Window{ff7e7a u0 com.saucelabs.mydemoapp.android/com.saucelabs.mydemoapp.android.view.activities.MainActivity EXITING}
06-07 20:22:33.148 W/WindowManager( 3272): android.os.DeadObjectException
06-07 20:22:33.148 W/WindowManager( 3272): 	at android.os.BinderProxy.transactNative(Native Method)
06-07 20:22:33.148 W/WindowManager( 3272): 	at android.os.BinderProxy.transact(BinderProxy.java:685)
06-07 20:22:33.148 W/WindowManager( 3272): 	at android.view.IWindow$Stub$Proxy.dispatchAppVisibility(IWindow.java:609)
06-07 20:22:33.148 W/WindowManager( 3272): 	at com.android.server.wm.WindowState.sendAppVisibilityToClients(WindowState.java:3635)
06-07 20:22:33.148 W/WindowManager( 3272): 	at com.android.server.wm.WindowContainer.sendAppVisibilityToClients(WindowContainer.java:1499)
06-07 20:22:33.148 W/WindowManager( 3272): 	at com.android.server.wm.WindowToken.setClientVisible(WindowToken.java:427)
06-07 20:22:33.148 W/WindowManager( 3272): 	at com.android.server.wm.ActivityRecord.setClientVisible(ActivityRecord.java:8335)
06-07 20:22:33.148 W/WindowManager( 3272): 	at com.android.server.wm.ActivityRecord.commitVisibility(ActivityRecord.java:6849)
06-07 20:22:33.148 W/WindowManager( 3272): 	at com.android.server.wm.Transition.finishTransition(Transition.java:1694)
06-07 20:22:33.148 W/WindowManager( 3272): 	at com.android.server.wm.TransitionController.finishTransition(TransitionController.java:1159)
06-07 20:22:33.148 W/WindowManager( 3272): 	at com.android.server.wm.WindowOrganizerController.finishTransition(WindowOrganizerController.java:595)
06-07 20:22:33.148 W/WindowManager( 3272): 	at android.window.IWindowOrganizerController$Stub.onTransact(IWindowOrganizerController.java:376)
06-07 20:22:33.148 W/WindowManager( 3272): 	at com.android.server.wm.WindowOrganizerController.onTransact(WindowOrganizerController.java:238)
06-07 20:22:33.148 W/WindowManager( 3272): 	at android.os.Binder.execTransactInternal(Binder.java:1439)
06-07 20:22:33.148 W/WindowManager( 3272): 	at android.os.Binder.execTransact(Binder.java:1378)
06-07 20:22:33.148 W/Process ( 3272): Unable to open /proc/18362/status
06-07 20:22:33.148 I/WindowManager( 3272): Window{ff7e7a u0 com.saucelabs.mydemoapp.android/com.saucelabs.mydemoapp.android.view.activities.MainActivity EXITING} state from HAS_DRAWN to DRAW_PENDING; reason: resetDrawState
06-07 20:22:33.149 I/OplusAppSwitchManagerService( 3272):  handleAppVisible , r = ActivityRecord{18544384 u0 com.android.launcher/.Launcher t5}
06-07 20:22:33.149 W/ActivityManager( 3272): pid 2304 received async transactions while frozen
06-07 20:22:33.150 W/ActivityManager( 3272): pid 21635 received async transactions while frozen
06-07 20:22:33.150 D/WallpaperControllerExtImpl( 3272): screenshot + id = 86 userId = 0
06-07 20:22:33.151 D/QuickBackInputPolicy( 3272): hasMultiChildrenInTask: false
06-07 20:22:33.151 D/WindowManager( 3272): NFW_findFocusedWindowIfNeeded:Window{9f6b67a u0 com.android.launcher/com.android.launcher.Launcher} mCurrentFocus:Window{9f6b67a u0 com.android.launcher/com.android.launcher.Launcher}
06-07 20:22:33.156 I/TaskOrganizerController( 3272): onTaskInfoChanged taskid 17212 config { mBounds=Rect(0, 0 - 720, 1604) mAppBounds=Rect(0, 0 - 720, 1604) mMaxBounds=Rect(0, 0 - 720, 1604) mDisplayRotation=ROTATION_0 mWindowingMode=fullscreen mActivityType=standard mAlwaysOnTop=undefined mRotation=ROTATION_0}
06-07 20:22:33.157 D/OplusFlexibleDragToSplitAnimController( 3272): visibleFlexibleTaskInfos delete:17212
06-07 20:22:33.157 E/FlexibleWindowManagerService( 3272): notifyTaskObserverToAttachController not need to notify!
06-07 20:22:33.157 I/FlexibleWindowManagerService( 3272): onFlexibleWindowTaskInfoChanged, return for cur task not embedded
06-07 20:22:33.159 D/SnapshotCache( 3272): removeRunningEntry id: 17212, callers=com.android.server.wm.SnapshotCache.onAppRemoved:91 com.android.server.wm.AbsAppSnapshotController.onAppRemoved:755 com.android.server.wm.SnapshotController.onAppRemoved:97 
06-07 20:22:33.159 D/ActivityTaskManager( 3272): removeAppToken: ActivityRecord{22799810 u0 com.saucelabs.mydemoapp.android/.view.activities.MainActivity t17212 f}} delayed=false parent=Task{2298778 #17212 type=standard A=10319:com.saucelabs.mydemoapp.android} animating=false Callers=com.android.server.wm.ActivityRecord.removeImmediately:5363 com.android.server.wm.WindowToken.removeIfPossible:267 com.android.server.wm.WindowToken.handleCompleteDeferredRemoval:273 com.android.server.wm.WindowContainer.handleCompleteDeferredRemoval:1646 
06-07 20:22:33.160 D/QuickBackInputPolicy( 3272): hasMultiChildrenInTask: false
06-07 20:22:33.160 D/WindowManager( 3272): NFW_findFocusedWindowIfNeeded:Window{9f6b67a u0 com.android.launcher/com.android.launcher.Launcher} mCurrentFocus:Window{9f6b67a u0 com.android.launcher/com.android.launcher.Launcher}
06-07 20:22:33.165 I/WindowManager( 3272): Window{ff7e7a u0 com.saucelabs.mydemoapp.android/com.saucelabs.mydemoapp.android.view.activities.MainActivity EXITING} state from DRAW_PENDING to NO_SURFACE; reason: destroySurface
06-07 20:22:33.167 W/OplusExSystemServiceHelper(22427): checkOplusExSystemService intent getComponent is null
06-07 20:22:33.171 E/ashmem  (18498): Pinning is deprecated since Android Q. Please use trim or other methods.
06-07 20:22:33.175 D/OplusMirageWindowManagerService( 3272): onTaskRemoved displayid:0 taskId:17212 callers:com.android.server.wm.MirageWindowManagerExtImpl.onTaskRemoved:47 com.android.server.wm.TaskDisplayArea.removeChildTask:391 com.android.server.wm.TaskDisplayArea.removeChild:380 com.android.server.wm.WindowContainer.removeImmediately:1098 com.android.server.wm.TaskFragment.removeImmediately:3761 
06-07 20:22:33.175 I/OplusScreenSecurityMask( 3272): onStackRemoved task = Task{2298778 #17212 type=standard A=10319:com.saucelabs.mydemoapp.android} record = null displayId = 0
06-07 20:22:33.175 D/OplusAlwaysAliveManager( 3272): removing: 17212, ComponentInfo{com.saucelabs.mydemoapp.android/com.saucelabs.mydemoapp.android.view.activities.SplashActivity}
06-07 20:22:33.176 D/OplusTransitionController( 3272): finishTransition, transition: TransitionRecord{c9ae21c id=2527 track=0 type=CLOSE flags=0x10 state=4 c=[
06-07 20:22:33.176 D/OplusTransitionController( 3272):    ChangeInfo{c7efe25 container=ActivityRecord{18544384 u0 com.android.launcher/.Launcher t5} flags=0x0}
06-07 20:22:33.176 D/OplusTransitionController( 3272):    ChangeInfo{91fabfa container=ActivityRecord{22799810 u0 com.saucelabs.mydemoapp.android/.view.activities.MainActivity t-1 f}} flags=0x0}
06-07 20:22:33.176 D/OplusTransitionController( 3272):    ChangeInfo{36046f0 container=Task{2298778 #17212 type=standard A=10319:com.saucelabs.mydemoapp.android} flags=0x10}
06-07 20:22:33.176 D/OplusTransitionController( 3272):    ChangeInfo{63e95ab container=DefaultTaskDisplayArea@55477417 flags=0x0}
06-07 20:22:33.176 D/OplusTransitionController( 3272):    ChangeInfo{601f333 container=Task{5c0738a #1 type=home} flags=0x30}
06-07 20:22:33.176 D/OplusTransitionController( 3272):    ChangeInfo{7820408 container=Task{8902a2e #5 type=home I=com.android.launcher/.Launcher} flags=0x30}
06-07 20:22:33.176 D/OplusTransitionController( 3272):    ChangeInfo{5c657a1 container=Display{#0 state=ON size=720x1604 ROTATION_0} flags=0x0}
06-07 20:22:33.176 D/OplusTransitionController( 3272):    ChangeInfo{33b8469 container=WallpaperWindowToken{fb089ba showWhenLocked=false} flags=0x0}
06-07 20:22:33.176 D/OplusTransitionController( 3272): ]
06-07 20:22:33.176 D/OplusTransitionController( 3272): }
06-07 20:22:33.176 D/FlexibleTaskTransitionController( 3272):  finishTransition pendingRecentToFlexibleTask:null,isRotationTransition:false ,pendingRecentToFlexible:null ,transition:TransitionRecord{c9ae21c id=2527 track=0 type=CLOSE flags=0x10 state=4 c=[
06-07 20:22:33.176 D/FlexibleTaskTransitionController( 3272):    ChangeInfo{c7efe25 container=ActivityRecord{18544384 u0 com.android.launcher/.Launcher t5} flags=0x0}
06-07 20:22:33.176 D/FlexibleTaskTransitionController( 3272):    ChangeInfo{91fabfa container=ActivityRecord{22799810 u0 com.saucelabs.mydemoapp.android/.view.activities.MainActivity t-1 f}} flags=0x0}
06-07 20:22:33.176 D/FlexibleTaskTransitionController( 3272):    ChangeInfo{36046f0 container=Task{2298778 #17212 type=standard A=10319:com.saucelabs.mydemoapp.android} flags=0x10}
06-07 20:22:33.176 D/FlexibleTaskTransitionController( 3272):    ChangeInfo{63e95ab container=DefaultTaskDisplayArea@55477417 flags=0x0}
06-07 20:22:33.176 D/FlexibleTaskTransitionController( 3272):    ChangeInfo{601f333 container=Task{5c0738a #1 type=home} flags=0x30}
06-07 20:22:33.176 D/FlexibleTaskTransitionController( 3272):    ChangeInfo{7820408 container=Task{8902a2e #5 type=home I=com.android.launcher/.Launcher} flags=0x30}
06-07 20:22:33.176 D/FlexibleTaskTransitionController( 3272):    ChangeInfo{5c657a1 container=Display{#0 state=ON size=720x1604 ROTATION_0} flags=0x0}
06-07 20:22:33.176 D/FlexibleTaskTransitionController( 3272):    ChangeInfo{33b8469 container=WallpaperWindowToken{fb089ba showWhenLocked=false} flags=0x0}
06-07 20:22:33.176 D/FlexibleTaskTransitionController( 3272): ]
06-07 20:22:33.176 D/FlexibleTaskTransitionController( 3272): }
06-07 20:22:33.184 W/UserAwareMgr( 3272): event can not be released, id: 5005, count: 2, releasePid: 3272
06-07 20:22:33.184 D/TransitionControllerExtImpl( 3272): NFW_send RECOMPUTE_FOCUS in finishTransition
06-07 20:22:33.185 D/ShellTaskOrganizer( 4186): onTransitionFinish, isRecent:false
06-07 20:22:33.187 V/WindowManagerShell( 4186): Track 0 became idle
06-07 20:22:33.188 V/WindowManagerShell( 4186): All active transition animations finished
06-07 20:22:33.188 D/ShellTaskOrganizerExt( 4186): visibleFlexibleTaskInfos delete:17212
06-07 20:22:33.188 D/ShellTaskOrganizerExt( 4186): isOnCanvas size:0
06-07 20:22:33.188 D/ShellTaskOrganizerExt( 4186): isOnThreeFlexibleCanvas size:0
06-07 20:22:33.191 D/BoundBrokerSvc(10227): onBind: Intent { act=com.google.android.gms.semanticlocationhistory.service.START dat=chimera-action:/... xflg=0x4 cmp=com.google.android.gms/.chimera.GmsApiService mCallingUid=10133 }
06-07 20:22:33.191 D/BoundBrokerSvc(10227): Loading bound service for intent: Intent { act=com.google.android.gms.semanticlocationhistory.service.START dat=chimera-action:/... xflg=0x4 cmp=com.google.android.gms/.chimera.GmsApiService mCallingUid=10133 }
06-07 20:22:33.195 D/SurfaceAnimationRunner( 3272): onAnimationStart:Surface(name=Surface(name=WindowToken{a3fb48 type=2000 android.os.BinderProxy@ad2813a})/@0x79afc5e - animation-leash of token_transform)/@0xdd6e90d
06-07 20:22:33.196 D/OplusFlexibleWindowMinimizedManagerHelper( 3272): onTaskVanished taskInfo:17212 task:Task{2298778 #17212 type=standard A=10319:com.saucelabs.mydemoapp.android}
06-07 20:22:33.197 D/OplusFlexibleDragToSplitAnimController( 3272): visibleFlexibleTaskInfos delete:17212
06-07 20:22:33.197 D/FlexibleTaskController( 3272): no need releaseFlexibleCaptionView or destroyFlexibleDragLeash when non-caption-view-task vanished, task=Task{2298778 #17212 type=standard A=10319:com.saucelabs.mydemoapp.android}
06-07 20:22:33.197 D/FlexibleTaskPerformanceManager( 3272): onTaskVanished:Task{2298778 #17212 type=standard A=10319:com.saucelabs.mydemoapp.android}
06-07 20:22:33.197 D/FlexibleWindowManagerService( 3272): notifyFlexibleTaskVanish taskId : 17212 is not taskEmbedded
06-07 20:22:33.197 D/FlexibleWindowManagerService( 3272): onFlexibleWindowTaskVanished: task = 17212,size:0
06-07 20:22:33.198 D/OplusFlexibleWindowMinimizedManagerHelper( 3272): onTaskVanished taskInfo:17212 task:Task{2298778 #17212 type=standard A=10319:com.saucelabs.mydemoapp.android}
06-07 20:22:33.198 D/OplusFlexibleDragToSplitAnimController( 3272): visibleFlexibleTaskInfos delete:17212
06-07 20:22:33.198 D/ShellTaskOrganizer( 4186): Task vanished taskId=17212
06-07 20:22:33.198 D/FlexibleTaskController( 3272): no need releaseFlexibleCaptionView or destroyFlexibleDragLeash when non-caption-view-task vanished, task=Task{2298778 #17212 type=standard A=10319:com.saucelabs.mydemoapp.android}
06-07 20:22:33.198 D/FlexibleWindowManagerService( 3272): notifyFlexibleTaskVanish taskId : 17212 is not taskEmbedded
06-07 20:22:33.198 D/FlexibleWindowManagerService( 3272): onFlexibleWindowTaskVanished: task = 17212,size:0
06-07 20:22:33.198 D/FlexibleTaskPerformanceManager( 3272): onTaskVanished:Task{2298778 #17212 type=standard A=10319:com.saucelabs.mydemoapp.android}
06-07 20:22:33.199 D/ShellTaskOrganizerExt( 4186): visibleFlexibleTaskInfos delete:17212
06-07 20:22:33.199 D/ShellTaskOrganizerExt( 4186): isOnCanvas size:0
06-07 20:22:33.199 D/ShellTaskOrganizerExt( 4186): isOnThreeFlexibleCanvas size:0
06-07 20:22:33.199 D/FlexibleSeekBarManager( 4186): removeAlpha for taskId=17212
06-07 20:22:33.205 I/WeatherS_WeatherApplication(18498): registerWeatherUIAppChangedReceiver
06-07 20:22:33.207 E/BpTransactionCompletedListener( 1988): Failed to transact (-32)
06-07 20:22:33.213 I/WeatherS_WeatherApplication(18498): registerExternalUpdateWeatherReceiver
06-07 20:22:33.213 I/AccessibilityWindowsPopulator( 3272): getInsensibleFlag flag = 0
06-07 20:22:33.216 D/ConnectivityService( 3272): NetReassign [no changes] [c 0] [a 5] [i 11]
06-07 20:22:33.217 I/TaskStackChangeListeners( 4091): onTaskRemoved(), cur=17212
06-07 20:22:33.217 D/QuickBackInputPolicy( 3272): hasMultiChildrenInTask: false
06-07 20:22:33.217 D/WindowManager( 3272): NFW_findFocusedWindowIfNeeded:Window{9f6b67a u0 com.android.launcher/com.android.launcher.Launcher} mCurrentFocus:Window{9f6b67a u0 com.android.launcher/com.android.launcher.Launcher}
06-07 20:22:33.217 I/TaskStackChangeListeners( 4091): onTaskRemoved(), cur=17212
06-07 20:22:33.219 I/SystemUiProxy( 4091): SystemUiProxy#getRecentTasks isInGoRecentsAnim: false
06-07 20:22:33.220 D/ActivityTaskManager( 3272): Skipping, invisible task: Task{8902a2e #5 type=home I=com.android.launcher/.Launcher}
06-07 20:22:33.222 D/OplusSplitScreenManagerService( 3272): com.android.settings unSupportsSplitScreen by blockList or ForbidActivityList
06-07 20:22:33.225 D/ActivityTaskManager( 3272): after skip size:8,pre-Filtered:com.saucelabs.mydemoapp.android # com.medisafe.android.client # com.android.settings # com.google.android.googlequicksearchbox # com.whatsapp # com.coloros.gallery3d # com.android.chrome # com.android.vending # 
06-07 20:22:33.229 I/AccessibilityWindowsPopulator( 3272): getInsensibleFlag flag = 0
06-07 20:22:33.229 D/ZoomController( 4186): onTaskRemoved
06-07 20:22:33.230 D/ZoomController( 4186): onTaskRemoved
06-07 20:22:33.238 W/UserAwareMgr( 3272): event can not be released, id: 2020, count: 2, releasePid: 4091
06-07 20:22:33.241 I/OplusHansManager ( 3272): uid=10279, pkg=com.grammarly.android.keyboard cannot transition from R to M, importance=accessibility
06-07 20:22:33.247 I/ActivityManager( 3272): Flag disabled. Ignoring finishAttachApplication from uid: 10202. pid: 18498
06-07 20:22:33.257 D/CommonApp-134-10319( 4857): commonScoreStrategy scenarios low package
06-07 20:22:33.257 D/OplusL3Monitor( 3272): top_uid=10221, kpi_uid=10319, ignore
06-07 20:22:33.257 E/WeatherS_LocalUtils(18498): startAutoGetLocalCity bg location permission:true
06-07 20:22:33.257 D/ScorePolicy( 4857): handleScoreChanged: []
06-07 20:22:33.257 D/ScorePolicy( 4857): handleScoreChanged: []
06-07 20:22:33.257 D/ScorePolicy( 4857): handleScoreChanged: []
06-07 20:22:33.261 I/CardRequestSDK.Utils(18498): isUmsRunCardService,[sdk:v3000000]
06-07 20:22:33.261 I/WeatherS_WeatherServiceManager( 1224): onServiceConnected
06-07 20:22:33.267 I/WeatherS_WeatherBaseDataTask( 1224): executeRequest getDoubleCityWeatherDataAndUpdate
06-07 20:22:33.270 E/CardRequestSDK.Utils(18498): getBooleanMetaValue error:android.content.pm.PackageManager$NameNotFoundException: com.oplus.pantanal.ums,[sdk:v3000000]
06-07 20:22:33.270 I/CardRequestSDK.Utils(18498): isUmsRunCardService, isUmsCardService=false,isUmsSupportCardService=false, isAboveOSVersion14=true,[sdk:v3000000]
06-07 20:22:33.270 I/CardRequestSDK.CardReqFacade(18498): init,astScreen run cardService,[sdk:v3000000]
06-07 20:22:33.274 E/WeatherS_PrivacyStatementExport(18498): isSupportExportPrivacyVersion metaData -> true
06-07 20:22:33.278 E/WeatherS_PrivacyStatementExport(18498): isAgreed-1
06-07 20:22:33.282 I/WeatherS_AutoGetLocationService(18498): onStartCommand intent: true flags: 0 startId: 1
06-07 20:22:33.284 W/WeatherS_ApkSignedCheck(18498): checkCertificateWhiteList: has safe componentcom.coloros.alarmclock
06-07 20:22:33.294 I/WeatherS_AutoGetLocationService(18498): start locate force: false needCityFromNet: true
06-07 20:22:33.296 E/WeatherS_PrivacyStatementExport(18498): isSupportExportPrivacyVersion metaData -> true
06-07 20:22:33.297 E/WeatherS_PrivacyStatementExport(18498): isAgreed-1
06-07 20:22:33.301 E/WeatherS_WeatherCommonServiceProxy(18498): getLocationCityInfo
06-07 20:22:33.302 D/WeatherS_PoolManager(18498):  thread: Thread[pool-1-thread-1,5,main]
06-07 20:22:33.315 I/DCS>ContentProvider[516]( 4575): support
06-07 20:22:33.319 E/WeatherS_PrivacyStatementExport(18498): isSupportExportPrivacyVersion metaData -> true
06-07 20:22:33.320 E/WeatherS_PrivacyStatementExport(18498): isAgreed-1
06-07 20:22:33.322 W/WeatherS_ApkSignedCheck(18498): checkCertificateWhiteList: not in inWhiteListcom.coloros.weather.service
06-07 20:22:33.327 I/Quality ( 3272): BitmapCompressInfo:360,801,3,95,100520677
06-07 20:22:33.328 I/WeatherS_WeatherProvider(18498): query option: 1,callingUid: 10202,name: com.coloros.weather.service
06-07 20:22:33.351 D/SurfaceAnimationRunner( 3272): onAnimationEnd:Surface(name=Surface(name=WindowToken{a3fb48 type=2000 android.os.BinderProxy@ad2813a})/@0x79afc5e - animation-leash of token_transform)/@0xdd6e90d
06-07 20:22:33.385 I/WeatherS_WeatherCommonServiceProxy(18498): getLocationCityAndUpdate id = 2 cityId:0
06-07 20:22:33.385 E/WeatherS_WeatherCommonServiceProxy(18498): getTimeZoneOfAttendCity
06-07 20:22:33.386 D/WeatherS_PoolManager(18498):  thread: Thread[pool-1-thread-2,5,main]
06-07 20:22:33.389 E/WeatherS_WeatherCommonServiceProxy(18498): getOneAttentCityWeatherInfoList
06-07 20:22:33.390 D/WeatherS_PoolManager(18498):  thread: Thread[pool-1-thread-3,5,main]
06-07 20:22:33.394 I/Weather_Location_LocationSdkUtils(18498): getLastLocation isNullOrEmpty
06-07 20:22:33.398 I/WeatherS_WeatherCommonServiceProxy(18498): parseWeatherToAttentWeatherInfo currentTemp: 32
06-07 20:22:33.404 I/WeatherS_SharedUtil(18498): send load sLastSendResult sp cache 202
06-07 20:22:33.405 I/WeatherS_SharedUtil(18498): send not force send and lastSendResult is 202
06-07 20:22:33.405 I/WeatherS_WeatherCommonServiceProxy(18498): getLocationCityAndUpdate  temp = 32 Mostly clear 55
06-07 20:22:33.406 E/WeatherS_WeatherCommonServiceProxy(18498): getLocationCityAndUpdate  needUpdateWeatherInfo = true, isCallFromWeatherApp = false
06-07 20:22:33.411 E/WeatherS_LocalUtils(18498): startAutoGetLocalCity bg location permission:true
06-07 20:22:33.412 I/WeatherS_LocalUtils(18498): startGetLocalCityByWeather lastStartLocationServiceTime interval not met elapsedRealtime: 267053561 currentElapsedRealtime: 267053715
06-07 20:22:33.413 I/Weather_Location_LocationController(18498): startLocationWithTimeOut, forceLocation:false, needCityFromNet:true
06-07 20:22:33.414 W/Weather_Location_LocationController(18498): start isStartPassiveLocation false
06-07 20:22:33.414 I/WeatherS_WeatherCommonServiceProxy(18498): getResidentCity list size: 0
06-07 20:22:33.414 I/WeatherS_WeatherCommonServiceProxy(18498): getDoubleCityData temp: 32 weatherType:55 weatherDesc:Mostly clear
06-07 20:22:33.414 I/WeatherS_WeatherCommonServiceProxy(18498): getDoubleCityData data is null
06-07 20:22:33.415 D/WeatherS_PoolManager(18498):  thread: Thread[pool-2-thread-1,5,main]
06-07 20:22:33.416 W/Weather_Location_LocationController(18498): isLocationPermissionGranted:true
06-07 20:22:33.418 W/Weather_Location_LocationController(18498): isPassiveLocationServiceEnable:false
06-07 20:22:33.420 D/LocationManagerExtImpl(18498): getLastLocation provider: gps, uid: 10202, com.coloros.weather.service
06-07 20:22:33.421 D/LocationManagerExtImpl(18498): getLastLocation don't containsKey
06-07 20:22:33.422 D/LocationManagerExtImpl(18498): saveLastLocation provider: gps don't contains
06-07 20:22:33.425 D/LocationManagerExtImpl(18498): getLastLocation provider: network, uid: 10202, com.coloros.weather.service
06-07 20:22:33.425 D/LocationManagerExtImpl(18498): getLocationByProvider: network null
06-07 20:22:33.425 D/LocationManagerExtImpl(18498): getLastLocation containsKey and location
06-07 20:22:33.426 I/AccessibilityWindowsPopulator( 3272): getInsensibleFlag flag = 0
06-07 20:22:33.426 I/WeatherS_WeatherBaseDataTask( 1224): after doRequestFromWeatherService getDoubleCityWeatherDataAndUpdate result true
06-07 20:22:33.436 I/WeatherS_WeatherBaseDataTask( 1224):  doRequestFromWeatherService getDoubleCityWeatherDataAndUpdate response data true
06-07 20:22:33.437 D/ClockTag_ClockWidget.BaseWidgetViewHelper( 1224): locationWeather: 32;-410003;3.0
06-07 20:22:33.440 I/WeatherS_AutoGetLocationService(18498): onLocationSdkCall for scene:[3] at step:[9] by extra:[location service unavailable]
06-07 20:22:33.441 I/WeatherS_AutoGetLocationService(18498): handleLocationFailedNotify location service unavailable
06-07 20:22:33.441 I/WeatherS_LocalUtils(18498): notifyChange errorCode: -410003 uri: content://com.oplus.weather.provider.locationCallBack?errorCode=-410003
06-07 20:22:33.442 I/WeatherS_WeatherServiceManager( 1224): unBindUpdateService true
06-07 20:22:33.442 I/ClockTag_ClockWidget.ClockWidgetManager( 1224): isRPlus = false
06-07 20:22:33.443 D/ClockTag_ClockWidget.ClockWidgetManager( 1224): allCheck: false
06-07 20:22:33.443 D/ClockTag_ClockWidget.BaseWidgetViewHelper( 1224): getLocalWeatherInfo isCommonWeatherServiceExist is true
06-07 20:22:33.444 D/ClockTag_ClockWidget.BaseWidgetViewHelper( 1224): getResidentWeatherInfo isCommonWeatherServiceExist=true 
06-07 20:22:33.444 D/ClockTag_ClockWidget.BaseWidgetViewHelper( 1224): isExpVersion getCurClockType isDoubleClockOpened:false,localWeatherEntity:WeatherEntity{mDegree='32', mType='55', mDescription='Mostly clear', mCentigrade='°', mTimeZone='3.0', mParentCityCode='00300840031255', mLocationResultCode='-410003', sunriseTime='1780800803000', sunsetTime='1780851272000'},residentWeatherEntity:null
06-07 20:22:33.444 D/ClockTag_ClockWidget.ClockWidgetManager( 1224): init clock type:1->1
06-07 20:22:33.445 D/ClockTag_ClockWidget.BaseWidgetViewHelper( 1224): getLocalWeatherInfo isCommonWeatherServiceExist is true
06-07 20:22:33.445 I/WeatherS_AutoGetLocationService(18498): onLocationSdkFail errorCode =-410003
06-07 20:22:33.445 D/ClockTag_ClockWidget.ClockWidgetWeatherService( 1224): locationResultNotifyObserver onChange
06-07 20:22:33.446 D/ClockTag_OplusDateUtils( 1224): isTimeMillisDayTime -- hour = 20 sunriseTime:1780800803000 sunsetTime:1780851272000
06-07 20:22:33.446 D/ClockTag_ClockWidget.ClockWidgetWeatherService( 1224): locationResultNotifyObserver errorCode: -410003
06-07 20:22:33.446 D/ClockTag_ClockWidget.BaseWidgetViewHelper( 1224): updateLocateResult new -410003 old: -410003
06-07 20:22:33.446 D/ClockTag_WeatherResUtil( 1224): getOpWeatherIcon -- index:55 OP_WEATHER_ICON_LENGTH:71 correctWeatherIndex:68
06-07 20:22:33.452 D/WeatherS_PoolManager(18498):  thread: Thread[pool-2-thread-2,5,main]
06-07 20:22:33.455 D/ClockTag_ClockWidget.ClockWidgetManager( 1224): updateTimeAndDateInfo lunar:
06-07 20:22:33.455 D/ClockTag_ClockWidget.ClockWidgetManager( 1224): updateLocalData type:false weather:false time:false force:true
06-07 20:22:33.455 D/ClockTag_WidgetUpdateHelper( 1224): start update all widgets
06-07 20:22:33.455 I/WeatherS_OplusFreezeUtil(18498): cancelFreezeDelay result:true
06-07 20:22:33.455 D/ClockTag_WidgetUpdateHelper( 1224): skip update widget (cached absent): class com.coloros.widget.smallweather.OppoWeather
06-07 20:22:33.455 D/ClockTag_WidgetUpdateHelper( 1224): skip update widget (cached absent): class com.coloros.widget.smallweather.OppoWeatherSingle
06-07 20:22:33.455 D/ClockTag_WidgetUpdateHelper( 1224): getWidgetIds: class com.coloros.widget.smallweather.OppoWeatherMultiVertical
06-07 20:22:33.457 D/ClockTag_WidgetUpdateHelper( 1224): getWidgetViewProxy:320
06-07 20:22:33.458 I/WeatherS_AutoGetLocationService(18498): onDestroy
06-07 20:22:33.458 W/Weather_Location_LocationController(18498): not have permission not canPassiveLocation
06-07 20:22:33.459 I/WeatherS_AutoGetLocationService(18498): onLocationSdkCall for scene:[3] at step:[4] by extra:[check location environment start]
06-07 20:22:33.459 D/ClockTag_WidgetUpdateHelper( 1224): updateWidget: [I@2553104 class com.coloros.widget.smallweather.OppoWeatherMultiVertical
06-07 20:22:33.459 D/ClockTag_WidgetUpdateHelper( 1224): relayoutAllWidget :[2]
06-07 20:22:33.459 D/ClockTag_ClockWidget.BaseClockWidget( 1224): relayoutWidget mLastClockType = 1 isClockAllOverTheme =false
06-07 20:22:33.459 D/ClockTag_ClockWidgetUtils( 1224): supportLandWidget false
06-07 20:22:33.459 W/Weather_Location_LocationController(18498): isLocationServiceEnable:false
06-07 20:22:33.459 D/ClockTag_ClockWidget.ClockWidgetManager( 1224): getIntentToStartApp action=com.oplus.alarmclock.AlarmClock category=null
06-07 20:22:33.460 D/PackageDisabledManager( 1224): pkg com.coloros.weather2  status  is 0
06-07 20:22:33.460 I/Weather_Location_LocationController(18498): stopAndClear
06-07 20:22:33.460 D/PackageDisabledManager( 1224): pkg net.oneplus.weather  status  is 2
06-07 20:22:33.461 D/ClockTag_ClockWidget.BaseWidgetViewHelper( 1224): getLocalWeatherInfo isCommonWeatherServiceExist is true
06-07 20:22:33.461 D/ClockTag_ClockWidgetState( 1224): systemWallpaperColor:-1/true
06-07 20:22:33.461 D/ClockTag_ClockWidget.ClockWidgetManager( 1224): updateTextColor -- str = -1/true, colors size = 2
06-07 20:22:33.461 D/ClockTag_ClockWidget.ClockWidgetManager( 1224): updateTextColor, color: ffffffff, mDrawTextShadow = true, mCurDividerLineColor = 4dffffff
06-07 20:22:33.461 D/ClockTag_ClockWidget.BaseClockWidget( 1224): updateTextViewColor color = -1
06-07 20:22:33.462 D/LocationManagerExtImpl(18498): getLastLocation provider: gps, uid: 10202, com.coloros.weather.service
06-07 20:22:33.462 D/ClockTag_CommonUtil( 1224): isAddZero language:en
06-07 20:22:33.462 D/ClockTag_ClockWidget.BaseClockWidget( 1224): updateTimeFormat:HH
06-07 20:22:33.462 D/LocationManagerExtImpl(18498): getLocationByProvider: gps Location[null 0.00****,0.00**** et=0]
06-07 20:22:33.462 D/LocationManagerExtImpl(18498): getLastLocation containsKey and location
06-07 20:22:33.462 D/ClockTag_ClockWidget.BaseClockWidget( 1224): updateDataFormat dataFormat=EEE, MMM d
06-07 20:22:33.463 D/LocationManagerExtImpl(18498): getLastLocation provider: network, uid: 10202, com.coloros.weather.service
06-07 20:22:33.465 D/LocationManagerExtImpl(18498): getLocationByProvider: network Location[null 0.00****,0.00**** et=0]
06-07 20:22:33.465 D/LocationManagerExtImpl(18498): getLastLocation containsKey and location
06-07 20:22:33.465 I/WeatherS_AutoGetLocationService(18498): onLocationSdkCall for scene:[3] at step:[9] by extra:[location service unavailable]
06-07 20:22:33.465 I/WeatherS_AutoGetLocationService(18498): handleLocationFailedNotify location service unavailable
06-07 20:22:33.466 I/WeatherS_LocalUtils(18498): notifyChange errorCode: -410003 uri: content://com.oplus.weather.provider.locationCallBack?errorCode=-410003
06-07 20:22:33.466 D/ClockTag_ClockWidget.BaseClockWidget( 1224): updateDataFormat:EEE, MMM d
06-07 20:22:33.466 D/AppSenseConfig( 4857): getIgnoreAppList: [com.android.launcher, com.android.contacts, com.oplus.wirelesssettings, com.coloros.alarmclock, com.coloros.calculator, com.coloros.calendar, com.coloros.phonemanager, com.android.settings, com.android.phone, com.oplus.nas, com.oplus.nhs, com.oplus.appdetail, com.android.permissioncontroller, com.oplus.pscanvas, com.oplus.autotest.test.ctp, com.android.systemui, com.android.systemui.overlay.fingerprint.anim.fy, com.android.systemui.overlay.fingerprint.anim.qy, com.android.systemui.overlay.fingerprint.anim.sw, com.android.systemui.overlay.fingerprint.anim.xw, com.android.systemui.overlay.fingerprint.anim.ccyh, com.android.systemui.overlay.fingerprint.anim.halo, com.android.systemui.overlay.fingerprint.anim.jslz, com.android.systemui.overlay.fingerprint.anim.none, com.android.systemui.overlay.fingerprint.anim.xklc]
06-07 20:22:33.467 D/AppSenseConfig( 4857): getIgnoreAppList: [com.android.launcher, com.android.contacts, com.oplus.wirelesssettings, com.coloros.alarmclock, com.coloros.calculator, com.coloros.calendar, com.coloros.phonemanager, com.android.settings, com.android.phone, com.oplus.nas, com.oplus.nhs, com.oplus.appdetail, com.android.permissioncontroller, com.oplus.pscanvas, com.oplus.autotest.test.ctp, com.android.systemui, com.android.systemui.overlay.fingerprint.anim.fy, com.android.systemui.overlay.fingerprint.anim.qy, com.android.systemui.overlay.fingerprint.anim.sw, com.android.systemui.overlay.fingerprint.anim.xw, com.android.systemui.overlay.fingerprint.anim.ccyh, com.android.systemui.overlay.fingerprint.anim.halo, com.android.systemui.overlay.fingerprint.anim.jslz, com.android.systemui.overlay.fingerprint.anim.none, com.android.systemui.overlay.fingerprint.anim.xklc]
06-07 20:22:33.468 D/ActivityAdapter( 4857): taskChange: pre: 1, cur: 0, changed:true
06-07 20:22:33.468 D/ActivityAdapter( 4857): app com.saucelabs.mydemoapp.android; com.saucelabs.mydemoapp.android.view.activities.MainActivity; 1; COMMON; 10319 exit
06-07 20:22:33.468 D/ActivityAdapter( 4857): isEnterBGAppScene, mActiveUidMap has no app com.saucelabs.mydemoapp.android
06-07 20:22:33.468 D/ActivityAdapter( 4857): notifyActivityQuery: []
06-07 20:22:33.468 D/OPlusFrontAppManager( 4857): decide -->> []
06-07 20:22:33.468 D/ActivityAdapter( 4857): notifyActivityQuery: []
06-07 20:22:33.468 D/OPlusFrontAppManager( 4857): decide -->> []
06-07 20:22:33.469 D/ConferenceScene( 4857): pkg:com.saucelabs.mydemoapp.android, activity:com.saucelabs.mydemoapp.android.view.activities.MainActivity, appSense:COMMON
06-07 20:22:33.469 D/NetworkUtils( 4857): list1 size 0,list2 size1
06-07 20:22:33.469 D/Subsys-ScoreAppManager( 4857): handleMessage what:2
06-07 20:22:33.469 D/Subsys-ScoreAppManager( 4857): EVENT_ID_APP_SENSE_CHANGE  onFrontActivityChanged
06-07 20:22:33.469 D/Subsys-ScoreAppManager( 4857): appSceneChange fgAppUnits size 0 fgAppUnits [] mLastNetworkList[134]
06-07 20:22:33.470 D/CommonApp-134-10319( 4857): destory
06-07 20:22:33.470 D/CommonApp-134-10319( 4857): stopDataCollection
06-07 20:22:33.470 D/CommonApp-134-10319( 4857): current network isn't cellular,not need disable modem report
06-07 20:22:33.470 D/NetlinkUtils( 4857): sendToKernel byteBuffer:java.nio.HeapByteBuffer[pos=32 lim=32 cap=32],nlmsg_pid:4857,nlmsg_type:56,cmdType:1,type:10,nla_len:12
06-07 20:22:33.470 D/NetlinkUtils( 4857): sendTransportScoreInfo result:true
06-07 20:22:33.470 D/CommonApp-134-10319( 4857): Remaining data save time: 0
06-07 20:22:33.470 D/Subsys-ScoreAppManager( 4857): createApp
06-07 20:22:33.470 D/CommonApp-134-10319( 4857): CommonState exit
