06-07 20:22:25.384 V/WindowManager( 3272):  OplusTransitionExtendedInfo{mTmpFinishT=null, mInOplusCompatMode=false, mIsProcessRunning=false, mHasMismatchBoundsTarget=false, mRecentsController=null, mRemoteTransition=null, mIsTranslucentActivityToHome=false, mAvoidInterceptKeyEventToHome=false, mIsFromHome=true, mParentLeash=null, mBackAnimClosingLeash=null, mIsOplusAnimRes=false, mKeepBgForContinuous=false, mIsBalAllow=false, mTaskNotInRecent=false, mIsPredictiveBackAnim=false, mIsMergedWithPredictive=false, mIsLaunchFromSpruce=false, mIsLaunchFromDrive=false, mGlobalSearchPageSwitch=false, mNeedNoAlphaGlobalSearchScene=false, mAssistScreenShowing=false, mSwipeUpBrowserScreenShowing=false, mUserIdTransition=0
06-07 20:22:25.384 V/WindowManager( 3272): , mInRemoteScene=false, mInPreReady=false, mPreStart=false, mToken=null, mAbortByRemoteFromHome=false, mShellApplyToken=null, mRequestTransitionTaskId=17212, mAbortTransitionOnShell=0, mStartFromShortcut=false, mRemovedTaskId=-1, mTransitionInterruptType=0, mMergeSecondTaskId=-1, mTaskIdStartFromRecents=0, mTransitionId=2525, mCanUseSpringSlideAnim=false, mTransitionLaunchFrom=0, mFoldChangeType=-1, mAnimStartingPosition=[0, 0, 0, 0], mIsOpeningStkDialogActivity=false, mSecondaryHomeToFrontWhenUnFolding=false, mIsNeedApplyStartTForEmbedded=false
06-07 20:22:25.384 V/WindowManager( 3272): , mNeedCanvasExitAnim=false, mMergeSecondTaskAnimation=false, mIsLaunchUnityStart=false, mIsLaunchFromAssistantByDefault=false, mSkipRemoteTransitionfalse, mIsStartFromKeyguard=false flags=0x0, mWCT=null, mIsOpenMergeToInValidPredictive=false}]}
06-07 20:22:25.384 V/WindowManagerShell( 4186): onTransitionReady (#2525) android.os.BinderProxy@261b034: {id=2525 t=OPEN f=0x0 trk=0 r=[0@Point(0, 0)] c=[
06-07 20:22:25.384 V/WindowManagerShell( 4186):         {m=OPEN f=NONE leash=Surface(name=Task=17212)/@0xd7aafff sb=Rect(0, 0 - 720, 1604) eb=Rect(0, 0 - 720, 1604) epz=Point(720, 1604) d=0 taskParent=-1},
06-07 20:22:25.384 V/WindowManagerShell( 4186):         {m=TO_BACK f=SHOW_WALLPAPER leash=Surface(name=Task=1)/@0xd16d1cc sb=Rect(0, 0 - 720, 1604) eb=Rect(0, 0 - 720, 1604) epz=Point(720, 1604) d=0 taskParent=-1}
06-07 20:22:25.384 V/WindowManagerShell( 4186):     ] 
06-07 20:22:25.384 V/WindowManagerShell( 4186): extendInfo=[
06-07 20:22:25.384 V/WindowManagerShell( 4186):  OplusTransitionExtendedInfo{mTmpFinishT=null, mInOplusCompatMode=false, mIsProcessRunning=false, mHasMismatchBoundsTarget=false, mRecentsController=null, mRemoteTransition=null, mIsTranslucentActivityToHome=false, mAvoidInterceptKeyEventToHome=false, mIsFromHome=true, mParentLeash=null, mBackAnimClosingLeash=null, mIsOplusAnimRes=false, mKeepBgForContinuous=false, mIsBalAllow=false, mTaskNotInRecent=false, mIsPredictiveBackAnim=false, mIsMergedWithPredictive=false, mIsLaunchFromSpruce=false, mIsLaunchFromDrive=false, mGlobalSearchPageSwitch=false, mNeedNoAlphaGlobalSearchScene=false, mAssistScreenShowing=false, mSwipeUpBrowserScreenShowing=false, mUserIdTransition=0
06-07 20:22:25.384 V/WindowManagerShell( 4186): , mInRemoteScene=false, mInPreReady=false, mPreStart=false, mToken=null, mAbortByRemoteFromHome=false, mShellApplyToken=null, mRequestTransitionTaskId=17212, mAbortTransitionOnShell=0, mStartFromShortcut=false, mRemovedTaskId=-1, mTransitionInterruptType=0, mMergeSecondTaskId=-1, mTaskIdStartFromRecents=0, mTransitionId=2525, mCanUseSpringSlideAnim=false, mTransitionLaunchFrom=0, mFoldChangeType=-1, mAnimStartingPosition=[0, 0, 0, 0], mIsOpeningStkDialogActivity=false, mSecondaryHomeToFrontWhenUnFolding=false, mIsNeedApplyStartTForEmbedded=false
06-07 20:22:25.384 V/WindowManagerShell( 4186): , mNeedCanvasExitAnim=false, mMergeSecondTaskAnimation=false, mIsLaunchUnityStart=false, mIsLaunchFromAssistantByDefault=false, mSkipRemoteTransitionfalse, mIsStartFromKeyguard=false flags=0x0, mWCT=null, mIsOpenMergeToInValidPredictive=false}]}
06-07 20:22:25.383 D/Zygote  ( 1707): Forked child process 18362
06-07 20:22:25.384 I/ActivityTaskManager( 3272): START u0 {act=android.intent.action.MAIN cat=[android.intent.category.LAUNCHER] flg=0x10200000 xflg=0x4 cmp=com.saucelabs.mydemoapp.android/.view.activities.SplashActivity bnds=[360,489][524,669] (has extras) mCallingUid=10221} with LAUNCH_MULTIPLE from uid 10221 (sr=18544384) (BAL_ALLOW_VISIBLE_WINDOW (callingUid has visible window)) result code=0
06-07 20:22:25.384 D/OplusShellTransition( 4186): dispatchReady, active:(#2525) android.os.BinderProxy@261b034@0, isSync=false, track:com.android.wm.shell.transition.Transitions$Track@1f9391e
06-07 20:22:25.385 D/OplusShellTransition( 4186): Abort transition (#2525) android.os.BinderProxy@261b034@0 WMCore requested. reason: 0; abortTransition: false
06-07 20:22:25.386 V/WindowManagerShell( 4186): Playing animation for (#2525) android.os.BinderProxy@261b034@0
06-07 20:22:25.386 V/WindowManagerShell( 4186):  try firstHandler com.android.wm.shell.transition.DefaultMixedHandler@1b8a5ff
06-07 20:22:25.386 V/WindowManagerShell( 4186): Mixed transition for opening an intent with a remote transition and PIP or Desktop #2525
06-07 20:22:25.386 V/WindowManagerShell( 4186): tryAnimateOpenIntentWithRemoteAndPipOrDesktop
06-07 20:22:25.386 V/WindowManagerShell( 4186):  Delegate animation for (#2525) to RemoteTransition { remoteTransition = android.window.IRemoteTransition$Stub$Proxy@e839ba0, appThread = android.app.IApplicationThread$Stub$Proxy@5343359, debugName = QuickstepLaunch }
06-07 20:22:25.386 W/QosScheduler( 3272): getScenario failed! scenarios is null, mask=2
06-07 20:22:25.387 D/OplusShellTransition( 4186): RemoteTransitionHandler, shell start remote animation, type: OPEN
06-07 20:22:25.387 W/QosScheduler( 3272): executeSceneQosStrategy get scenario failed! scenario is null
06-07 20:22:25.387 I/ActivityManager( 3272): Start proc 18362:com.saucelabs.mydemoapp.android/u0a319 for top-activity {com.saucelabs.mydemoapp.android/com.saucelabs.mydemoapp.android.view.activities.SplashActivity}
06-07 20:22:25.387 I/UserAwareMgr( 3272): event is already released: SceneEvent{id=5007, maxWorkDurationMs=200, caller='[android]', eventFlags=256, fbPriority=1, keyThreads=[KeyThread{name=binder, owner=android, schedPolicy=ux, priority=HEAVY, maxThreadCount=16}], vipBinderGroup=null}, callingPid: 3272, appPid: 0
06-07 20:22:25.387 I/ActivityManager( 3272): ProcessObserver broadcast disabled
06-07 20:22:25.388 I/OPM     ( 3272): handleProcessStart : ProcessRecord{884a5f2 18362:com.saucelabs.mydemoapp.android/u0a319}
06-07 20:22:25.388 I/OStatsManager_OplusBatteryStatsManager( 3272): updateStateTime: PkgName = com.saucelabs.mydemoapp.android, uid = 10319, state to bg, mForegroundCnt = 0, isFg = false
06-07 20:22:25.390 D/RemoteAnimationRunnerCompat( 4091): Remote transition startAnimation, startFromLauncher: false, support nav anim: false, isPredictiveBackBlockablAnim: false, mIsAppLaunchTransition: true, info = {id=2525 t=OPEN f=0x0 trk=0 r=[0@Point(0, 0)] c=[{m=OPEN f=NONE leash=Surface(name=Task=17212)/@0xead70c5 sb=Rect(0, 0 - 720, 1604) eb=Rect(0, 0 - 720, 1604) epz=Point(720, 1604) d=0 taskParent=-1},{m=TO_BACK f=SHOW_WALLPAPER leash=Surface(name=Task=1)/@0x5933a1a sb=Rect(0, 0 - 720, 1604) eb=Rect(0, 0 - 720, 1604) epz=Point(720, 1604) d=0 taskParent=-1}] 
06-07 20:22:25.390 D/RemoteAnimationRunnerCompat( 4091): extendInfo=[
06-07 20:22:25.390 D/RemoteAnimationRunnerCompat( 4091):  OplusTransitionExtendedInfo{mTmpFinishT=null, mInOplusCompatMode=false, mIsProcessRunning=false, mHasMismatchBoundsTarget=false, mRecentsController=null, mRemoteTransition=null, mIsTranslucentActivityToHome=false, mAvoidInterceptKeyEventToHome=false, mIsFromHome=true, mParentLeash=null, mBackAnimClosingLeash=null, mIsOplusAnimRes=false, mKeepBgForContinuous=false, mIsBalAllow=false, mTaskNotInRecent=false, mIsPredictiveBackAnim=false, mIsMergedWithPredictive=false, mIsLaunchFromSpruce=false, mIsLaunchFromDrive=false, mGlobalSearchPageSwitch=false, mNeedNoAlphaGlobalSearchScene=false, mAssistScreenShowing=false, mSwipeUpBrowserScreenShowing=false, mUserIdTransition=0
06-07 20:22:25.390 D/RemoteAnimationRunnerCompat( 4091): , mInRemoteScene=false, mInPreReady=false, mPreStart=false, mToken=null, mAbortByRemoteFromHome=false, mShellApplyToken=null, mRequestTransitionTaskId=17212, mAbortTransitionOnShell=0, mStartFromShortcut=false, mRemovedTaskId=-1, mTransitionInterruptType=0, mMergeSecondTaskId=-1, mTaskIdStartFromRecents=0, mTransitionId=2525, mCanUseSpringSlideAnim=false, mTransitionLaunchFrom=0, mFoldChangeType=-1, mAnimStartingPosition=[0, 0, 0, 0], mIsOpeningStkDialogActivity=false, mSecondaryHomeToFrontWhenUnFolding=false, mIsNeedApplyStartTForEmbedded=false
06-07 20:22:25.390 D/RemoteAnimationRunnerCompat( 4091): , mNeedCanvasExitAnim=false, mMergeSecondTaskAnimation=false, mIsLaunchUnityStart=false, mIsLaunchFromAssistantByDefault=false, mSkipRemoteTransitionfalse, mIsStartFromKeyguard=false flags=0x0, mWCT=null, mIsOpenMergeToInValidPredictive=false}]}
06-07 20:22:25.390 V/WindowManagerShell( 4186):  animated by firstHandler
06-07 20:22:25.390 D/RemoteAnimationRunnerCompat( 4091): Remote transition preStartOpen, supportPreStart: false, isPreStart: false, isOpenFromHome: true, is map contains: false
06-07 20:22:25.390 D/RemoteAnimationRunnerCompat( 4091): Remote transition startAnimation, isPreStart: false, isPreStartAnimRunning: false, mIsMultiOpenPreStart: false, mNeedReparentLauncher: false, mRemoteTransitionId: 2525, finish cb == null: false
06-07 20:22:25.391 I/TaskOrganizerController( 3272): onTaskInfoChanged taskid 17212 config { mBounds=Rect(0, 0 - 720, 1604) mAppBounds=Rect(0, 0 - 720, 1604) mMaxBounds=Rect(0, 0 - 720, 1604) mDisplayRotation=ROTATION_0 mWindowingMode=fullscreen mActivityType=standard mAlwaysOnTop=undefined mRotation=ROTATION_0}
06-07 20:22:25.392 D/OplusFlexibleDragToSplitAnimController( 3272): visibleFlexibleTaskInfos delete:17212
06-07 20:22:25.392 E/FlexibleWindowManagerService( 3272): notifyTaskObserverToAttachController not need to notify!
06-07 20:22:25.392 I/FlexibleWindowManagerService( 3272): onFlexibleWindowTaskInfoChanged, return for cur task not embedded
06-07 20:22:25.393 W/RemoteAnimFrameRateManager( 4091): this os is not support dynamic frame rate .
06-07 20:22:25.393 D/ShellTaskOrganizerExt( 4186): visibleFlexibleTaskInfos delete:17212
06-07 20:22:25.393 D/AnimSeqTimeStamp( 4091): resetLastStartAppTime
06-07 20:22:25.393 D/ShellTaskOrganizerExt( 4186): isOnCanvas size:0
06-07 20:22:25.393 D/AnimSeqTimeStamp( 4091): resetLastRecentFinishTime
06-07 20:22:25.393 D/ShellTaskOrganizerExt( 4186): isOnThreeFlexibleCanvas size:0
06-07 20:22:25.393 D/RemoteAnimationTargetCompat( 4091): Clear the break param
06-07 20:22:25.393 I/RemoteAnimationRunnerCompat( 4091): Got app task 17212
06-07 20:22:25.394 I/RemoteAnimationRunnerCompat( 4091): onAnimationStart, is calling, apps size: 2
06-07 20:22:25.395 D/RemoteAnimInflectUtil( 4091): getTaskLeashFromRemoteTarget: Surface(name=Task=17212)/@0xead70c5
06-07 20:22:25.395 D/RemoteAnimationUtil( 4091): initOplusField launchViewInfo:null
06-07 20:22:25.395 I/RemoteAnimationTargetCompat( 4091): New instance. RecentsTaskId:0, clientAnim: false, taskLeash: Surface(name=Task=17212)/@0xead70c5, leash: Surface(name=Surface(name=Task=17212)/@0xead70c5_transition-leash)/@0x6a68f28
06-07 20:22:25.395 D/RemoteAnimInflectUtil( 4091): getTaskLeashFromRemoteTarget: Surface(name=Task=1)/@0x5933a1a
06-07 20:22:25.395 D/RemoteAnimationUtil( 4091): initOplusField launchViewInfo:null
06-07 20:22:25.395 I/RemoteAnimationTargetCompat( 4091): New instance. RecentsTaskId:0, clientAnim: false, taskLeash: Surface(name=Task=1)/@0x5933a1a, leash: Surface(name=Surface(name=Task=1)/@0x5933a1a_transition-leash)/@0x5795441
06-07 20:22:25.396 I/[UAH_CLIENT]( 4091): UahEventAcquire, cmdid:85, pkg:com.saucelabs.mydemoapp.android, identity:GpuBoost
06-07 20:22:25.397 D/QuickBackInputPolicy( 3272): setInterceptInputKeyStatus, enable=true, enableFlag=1, inputCallback=android.window.IRemoteTransitionInputCallback$Stub$Proxy@3a100a1
06-07 20:22:25.398 I/AppSnapshotController( 3272): attachStartingWindow, win = Window{4f4d6ab u0 Splash Screen com.saucelabs.mydemoapp.android}, shouldAppSnapshot = false
06-07 20:22:25.398 D/ActivityTaskManager( 3272): attachStartingWindow: mStartingData=SplashScreenStartingData{74482c6 removeAfterTransaction= 0}, mAssociatedTask=null, mStartingWindow=Window{4f4d6ab u0 Splash Screen com.saucelabs.mydemoapp.android}
06-07 20:22:25.398 D/WindowManager( 3272): attachImeScreenshotOnTargetIfNeeded, mImeHiding = false, requestedVisibleTypes = -9
06-07 20:22:25.399 I/WindowManager( 3272): addWindow: New client android.os.BinderProxy@db250fa : window=Window{4f4d6ab u0 Splash Screen com.saucelabs.mydemoapp.android}
06-07 20:22:25.400 D/FlexibleTaskController( 3272): isFullToFlexibleAnimating: false
06-07 20:22:25.400 D/WindowManager( 3272): rotation(ROTATION_0) no changed  displayId = 0, lastOrientation = -1
06-07 20:22:25.401 D/OplusGcSupressionExtImpl( 4091): callGcSupression : java.lang.NullPointerException: Attempt to invoke virtual method 'java.lang.Object java.lang.reflect.Method.invoke(java.lang.Object, java.lang.Object[])' on a null object reference
06-07 20:22:25.401 E/[OPLUS_AFS_CONFIG]( 4091): Failed to open AFS config file: /proc/oplus_afs_config/afs_config
06-07 20:22:25.401 E/AFS_CONFIG( 4091): Failed to get scene config
06-07 20:22:25.401 E/OplusAfsManager( 4091): afsConfigSceneConfigGet sceneType is null
06-07 20:22:25.402 D/ViewRootImplExtImpl( 4186): onDisplayChanged -1 for VRI android.view.ViewRootImpl@9609ff7
06-07 20:22:25.407 I/BLASTSyncEngine( 3272): onCommitted syncId: 2525, timeout: false ran: false
06-07 20:22:25.409 I/Quality-ScreenOnOffLogProcessor(18780): withInScreenOnOffRange mIsScreenOn:true refTime:1780852945283 mRecentScreenOnTime:1780852680401 mRecentScreenOffTime:1780851631819
06-07 20:22:25.410 I/AccessibilityWindowsPopulator( 3272): getInsensibleFlag flag = 0
06-07 20:22:25.413 E/OplusBracketLog( 4186): [OplusViewMirrorManager] updateHostViewRootIfNeeded, not support android.view.ViewRootImpl@9609ff7
06-07 20:22:25.415 D/ViewRootImplExtImpl( 4186): wrapConfigInfoIntoFlags rotation=0, smallestScreenWidthDp=0, residentWS=false, scenario=0, bounds=Rect(0, 0 - 720, 1604), relayoutAsync=false, flags=0, newFlags=840957952, title=Splash Screen com.saucelabs.mydemoapp.android
06-07 20:22:25.417 D/CoreBackPreview( 3272): Window{4f4d6ab u0 Splash Screen com.saucelabs.mydemoapp.android}: Setting back callback OnBackInvokedCallbackInfo{mCallback=android.window.IOnBackInvokedCallback$Stub$Proxy@2ecd5b4, mPriority=0, mIsAnimationCallback=false, mOverrideBehavior=0}
06-07 20:22:25.418 V/WindowManager( 3272): Relayout Window{4f4d6ab u0 Splash Screen com.saucelabs.mydemoapp.android}: viewVisibility=0, oldvis=0, req=720x1604 , apr = 8, vsysui=, x=0, y=0
06-07 20:22:25.419 I/WindowManager( 3272): Window{4f4d6ab u0 Splash Screen com.saucelabs.mydemoapp.android} state from NO_SURFACE to DRAW_PENDING; reason: resetDrawState
06-07 20:22:25.423 D/ZoomController( 4186): onTaskMovedToFront, task id:17212
06-07 20:22:25.423 I/ZoomUiController( 4186): FloatHandle-isFloatHandleShow mPackageName = null
06-07 20:22:25.425 I/demoapp.android(18362): Late-enabling -Xcheck:jni
06-07 20:22:25.426 D/BackgroundInstallControlService( 3272): Package event received: 0
06-07 20:22:25.426 D/WindowManager( 3272): NFW_findFocusedWindowIfNeeded:null mCurrentFocus:Window{9f6b67a u0 com.android.launcher/com.android.launcher.Launcher}
06-07 20:22:25.427 V/WindowManager( 3272): Changing focus from Window{9f6b67a u0 com.android.launcher/com.android.launcher.Launcher} to null,diplayid=0
06-07 20:22:25.429 I/DispPerfService( 1988): updateLayerMask 409
06-07 20:22:25.431 D/WindowManager( 3272): setFrameRateStart invalid typeId return!
06-07 20:22:25.434 D/WindowManager( 3272): setFrameRateStart invalid typeId return!
06-07 20:22:25.441 W/VRI[android]( 4186): updateBlastSurfaceIfNeeded, surfaceSize:Point(720, 1604), lastSurfaceSize:Point(0, 0), format:-3, blastBufferQueue:null
06-07 20:22:25.441 D/BufferQueueConsumer( 4186): [](id:105a00000930,api:0,p:-1,c:4186) connect: controlledByApp=false
06-07 20:22:25.442 D/BufferQueueConsumer( 4186): [VRI[android]#2349(BLAST Consumer)2349](id:105a00000930,api:0,p:-1,c:4186) setMaxAcquiredBufferCount: 2
06-07 20:22:25.444 I/InputDispatcher( 3272): updateFocusedWindow,  on display 0, reason: NO_WINDOW, result:   FocusedWindows: <none>
06-07 20:22:25.447 D/OomAdjuster( 3272): Not killing cached processes
06-07 20:22:25.448 D/VRI[Launcher]( 4091): onFocusEvent false
06-07 20:22:25.451 D/HWUI    ( 4186): createSurface new attribs array
06-07 20:22:25.451 D/libEGL  ( 4186): this is from skia gles
06-07 20:22:25.451 D/BufferQueueProducer( 4186): [VRI[android]#2349(BLAST Consumer)2349](id:105a00000930,api:1,p:4186,c:4186) connect: api=1 producerControlledByApp=true
06-07 20:22:25.451 D/OplusSystemUINavigationGesture( 4091): packageName: com.android.launcher, systemGestureExclusionChanged region=SkRegion() list:
06-07 20:22:25.453 I/SurfaceControl( 4186):  setExtendedRangeBrightness sc=Surface(name=Splash Screen com.saucelabs.mydemoapp.android)/@0x969a582,currentBufferRatio=1.0,desiredRatio=1.0
06-07 20:22:25.470 D/BLASTBufferQueue( 4186): [VRI[android]#2349](f:0,a:1) acquireNextBufferLocked size=720x1604 mFrameNumber=1 applyTransaction=true mTimestamp=85394640905340(auto) mPendingTransactions.size=0 graphicBufferId=17978733116551 transform=0
06-07 20:22:25.470 D/VRI[android]( 4186): Received frameCommittedCallback lastAttemptedDrawFrameNum=1 didProduceBuffer=true syncBuffer=false
06-07 20:22:25.471 D/VRI[android]( 4186): draw finished. seqId=0
06-07 20:22:25.475 D/SurfaceFlinger( 1988): latchBuffer notifyFrameDrawState... sequence=33557 ownerApp=com.android.systemui name=Splash Screen com.saucelabs.mydemoapp.android#33557
06-07 20:22:25.478 I/SystemUiProxy( 4091): SystemUiProxy#getRecentTasks isInGoRecentsAnim: false
06-07 20:22:25.479 W/VRI[android]( 4186): handleResized, msg:, frameChanged:false, configChanged:false, displayChanged:false, attachedFrameChanged:false, compatScaleChanged:false, pendingDragResizing=false
06-07 20:22:25.481 I/WindowManager( 3272): Window{4f4d6ab u0 Splash Screen com.saucelabs.mydemoapp.android} state from DRAW_PENDING to COMMIT_DRAW_PENDING; reason: finishDrawingLocked
06-07 20:22:25.486 I/WindowManager( 3272): Window{4f4d6ab u0 Splash Screen com.saucelabs.mydemoapp.android} state from COMMIT_DRAW_PENDING to READY_TO_SHOW; reason: commitFinishDrawingLocked
06-07 20:22:25.487 D/ActivityTaskManager( 3272): onStartingWindowDrawn: app=null, mStartingData=SplashScreenStartingData{74482c6 removeAfterTransaction= 0}, finishing=false,mLaunchedFromBubble=false, mVisibleRequested=true, mDisplayContent=Display{#0 state=ON size=720x1604 ROTATION_0}, isZoomMode=false
06-07 20:22:25.488 I/WindowManager( 3272): Window{4f4d6ab u0 Splash Screen com.saucelabs.mydemoapp.android} state from READY_TO_SHOW to HAS_DRAWN; reason: performShowLocked
06-07 20:22:25.491 D/VRI[android]( 4186): Received frameCommittedCallback lastAttemptedDrawFrameNum=2 didProduceBuffer=false syncBuffer=false
06-07 20:22:25.491 D/ActivityTaskManager( 3272): Skipping, invisible task: Task{8902a2e #5 type=home I=com.android.launcher/.Launcher}
06-07 20:22:25.491 D/VRI[android]( 4186): draw finished. seqId=0
06-07 20:22:25.492 D/OplusSplitScreenManagerService( 3272): com.android.settings unSupportsSplitScreen by blockList or ForbidActivityList
06-07 20:22:25.493 D/RecentTasksExtImpl( 3272): isExcludeFromRecents scenario:0 task:Task{43cf80 #17210 type=standard A=10226:com.android.systemui} embedded:false res:true
06-07 20:22:25.493 D/ActivityTaskManager( 3272): Skipping, invisible task by policy range: Task{43cf80 #17210 type=standard A=10226:com.android.systemui},position:4
06-07 20:22:25.495 D/surfaceflinger( 1988): notify frame state to starting windows -- from sf
06-07 20:22:25.497 D/OplusStartingWindowManager( 3272): isLayerMatchToStartingWindow error, mStartingRecords empty or inValid layerName:Splash Screen com.saucelabs.mydemoapp.android#33557
06-07 20:22:25.497 D/ActivityTaskManager( 3272): after skip size:8,pre-Filtered:com.saucelabs.mydemoapp.android # com.medisafe.android.client # com.android.settings # com.google.android.googlequicksearchbox # com.whatsapp # com.coloros.gallery3d # com.android.chrome # com.android.vending # 
06-07 20:22:25.498 I/WindowStateExtImpl( 3272): onSurfaceShowChange show = true mPackageName = com.saucelabs.mydemoapp.android parentPkgName = com.saucelabs.mydemoapp.android
06-07 20:22:25.498 D/CoreBackPreview( 3272):  return markWindowHasDrawn mComposed: false  mWaitTransition: false
06-07 20:22:25.508 I/DispPerfService( 1988): updateLayerMask 9
06-07 20:22:25.524 W/ProcessStats( 3272): Tracking association SourceState{1a18dae system/1000 BFgs #206321} whose proc state 4 is better than process ProcessState{7e92be3 com.grammarly.android.keyboard/10279 pkg=com.grammarly.android.keyboard} proc state 5 (268 skipped)
06-07 20:22:25.527 D/AudioActivityMonitor(24348): start AudioProcessRunable
06-07 20:22:25.529 I/OplusHansManager ( 3272): onUidActive() update stay time, uid=10319, pkgName=com.saucelabs.mydemoapp.android, U stay=772
06-07 20:22:25.534 V/OsAgent ( 4428): broadcastSystemEvent - 7
06-07 20:22:25.534 I/AudioActivityMonitor(24348): getActiveAudioPids : 
06-07 20:22:25.536 I/AudioActivityMonitor(24348): getActiveRecordPids : 
06-07 20:22:25.536 D/AudioActivityMonitor(24348): CheckAudioCount 1
06-07 20:22:25.538 D/AudioActivityMonitor(24348): syncToLocal
06-07 20:22:25.550 E/demoapp.android(18362): Unknown bits set in runtime_flags: 0x40000000
06-07 20:22:25.550 I/demoapp.android(18362): Using generational CollectorTypeCMC GC.
06-07 20:22:25.561 I/adbd    ( 5858): jdwp connection from 18362
06-07 20:22:25.581 D/nativeloader(18362): Load libframework-connectivity-tiramisu-jni.so using APEX ns com_android_tethering for caller /apex/com.android.tethering/javalib/framework-connectivity-t.jar: ok
06-07 20:22:25.597 D/OplusActivityThreadExtImpl(18362): java.lang.NoSuchMethodException: dalvik.system.VMRuntime.SupressionGC [int, int]
06-07 20:22:25.601 W/libc    (18362): Access denied finding property "persist.vendor.sys.activitylog"
06-07 20:22:25.603 I/OneTrace(18362): Mark active for pid=18362? true
06-07 20:22:25.604 D/cutils-dev(18362): otrace_set_tracing_enabled? true tag:0
06-07 20:22:25.604 D/cutils-dev(18362): properties changed in otrace_seq_number_changed!
06-07 20:22:25.622 D/SplitScreenAppReader( 3272): SPLIT_TOUCH support check:com.saucelabs.mydemoapp.android = false
06-07 20:22:25.623 D/RGBNormalizeServer( 3272): OplusRGBNormalize feature enabled ? false
06-07 20:22:25.623 D/ResourcesManagerCache( 3272): For package com.saucelabs.mydemoapp.android we got cacheList [null] appInfoExt is null ? false hasFeature ? false
06-07 20:22:25.629 D/FlexibleTaskController( 3272): isFullToFlexibleAnimating: false
06-07 20:22:25.629 D/WindowManager( 3272): rotation(ROTATION_0) no changed  displayId = 0, lastOrientation = -1
06-07 20:22:25.630 I/TaskOrganizerController( 3272): onTaskInfoChanged taskid 17212 config { mBounds=Rect(0, 0 - 720, 1604) mAppBounds=Rect(0, 0 - 720, 1604) mMaxBounds=Rect(0, 0 - 720, 1604) mDisplayRotation=ROTATION_0 mWindowingMode=fullscreen mActivityType=standard mAlwaysOnTop=undefined mRotation=ROTATION_0}
06-07 20:22:25.632 D/ShellTaskOrganizerExt( 4186): visibleFlexibleTaskInfos delete:17212
06-07 20:22:25.632 D/OplusFlexibleDragToSplitAnimController( 3272): visibleFlexibleTaskInfos delete:17212
06-07 20:22:25.632 D/ShellTaskOrganizerExt( 4186): isOnCanvas size:0
06-07 20:22:25.632 D/ShellTaskOrganizerExt( 4186): isOnThreeFlexibleCanvas size:0
06-07 20:22:25.632 E/FlexibleWindowManagerService( 3272): notifyTaskObserverToAttachController not need to notify!
06-07 20:22:25.632 I/FlexibleWindowManagerService( 3272): onFlexibleWindowTaskInfoChanged, return for cur task not embedded
06-07 20:22:25.632 D/OplusDexOptimizeManager( 3272): androidPackage inappropriate state!
06-07 20:22:25.635 D/ActivityTaskManager( 3272): onWindowFocusChanged Task{2298778 #17212 type=standard A=10319:com.saucelabs.mydemoapp.android} would transfer to compact
06-07 20:22:25.635 I/UserAwareMgr( 3272): handleTopAppChanged: com.saucelabs.mydemoapp.android, pid: 18362, uid: 10319
06-07 20:22:25.636 D/ActivityTaskManager( 3272): NFW_setLastResumedActivityUncheckLocked:true r:ActivityRecord{262043282 u0 com.saucelabs.mydemoapp.android/.view.activities.SplashActivity t17212} currentFocus:null
06-07 20:22:25.636 D/WindowManager( 3272): NFW_findFocusedWindowIfNeeded:null mCurrentFocus:null
06-07 20:22:25.636 D/FlexibleTaskController( 3272): onTaskFocusChanged prevTask:Task{8902a2e #5 type=home I=com.android.launcher/.Launcher} ,currentTask:Task{2298778 #17212 type=standard A=10319:com.saucelabs.mydemoapp.android}, reason: realStartActivityLocked - onActivityStateChanged
06-07 20:22:25.636 D/OplusFlexibleDCSManager( 3272): onNextPkgChanged pkg = com.saucelabs.mydemoapp.android
06-07 20:22:25.636 I/OPM     ( 3272): handlePackageLaunched pkg: com.saucelabs.mydemoapp.android, uid: 10319, pid: 18362
06-07 20:22:25.637 D/OplusVisibleTasks( 3272):  notifyTaskFocusChange no need.
06-07 20:22:25.637 I/OplusAppSwitchManagerService( 3272): appswitch hasProcess ActivityRecord{262043282 u0 com.saucelabs.mydemoapp.android/.view.activities.SplashActivity t17212}
06-07 20:22:25.637 I/[UAH_CLIENT]( 3272): UahEventAcquire, cmdid:0, pkg:com.saucelabs.mydemoapp.android, identity:com.android.server.wm
06-07 20:22:25.637 D/OplusAppStartupConfigExt( 3272): ActivityChangedListener prePkg = com.android.launcher  nextPkg = com.saucelabs.mydemoapp.android
06-07 20:22:25.637 I/OplusJoystickManager( 3272): handleApplicationSwitch deprecated!
06-07 20:22:25.637 I/GameManagerServiceExt-GameManagerServiceExt( 3272): on FG change: com.android.launcher|com.saucelabs.mydemoapp.android
06-07 20:22:25.638 I/OplusAppSwitchManagerService( 3272): appswitch hasProcess ActivityRecord{262043282 u0 com.saucelabs.mydemoapp.android/.view.activities.SplashActivity t17212}
06-07 20:22:25.640 D/OplusAppSwitchListener( 3272): App Activity Change
06-07 20:22:25.640 D/OplusAppSwitchListener( 3272): Detect com.android.launcher switch to background
06-07 20:22:25.642 D/OplusFeatureReduceBrightness( 3272): onAppExit , info = com.android.launcher
06-07 20:22:25.642 D/OplusAppSwitchListener( 3272): Detect com.saucelabs.mydemoapp.android switch to foreground
06-07 20:22:25.642 D/OplusEapManager( 3272): mTargetExitName :com.android.launcher
06-07 20:22:25.643 W/Battery ( 4324): AppSwitchDetectorV2: OnAppSwitchObserver: onAppExit , info = OplusAppExitInfo = {  targetName = com.android.launcher hasResumingActivity = true resumingPackageName = com.saucelabs.mydemoapp.android resumingActivityName = com.saucelabs.mydemoapp.android.view.activities.SplashActivity resumingWindowMode = 1 isResumingMultiApp = false isResumingFirstStart = true extension = Bundle[mParcelledData.dataSize=608]} lastReg=1780822262403
06-07 20:22:25.643 W/Battery ( 4324): AppSwitchManager: onAppSwitch: [m4.o$d@cbf4d67]
06-07 20:22:25.644 D/VRR [OPlusRefreshRateService]( 3272): handleFrontAppChange pkgName: null
06-07 20:22:25.646 W/Battery ( 4324): ThermalControlUtils: mForegroundPkg=com.saucelabs.mydemoapp.android mLastWindowMode=1
06-07 20:22:25.649 D/OplusAppSwitchRuleInfo( 3272): generateAppEnterInfo - launch_source_type = launcherWorkspace , launch_source_traceid = 
06-07 20:22:25.649 D/OplusAppSwitchRuleInfo( 3272): generateAppEnterInfo - launch_source_type = launcherWorkspace , launch_source_traceid = 
06-07 20:22:25.650 D/OplusAppSwitchRuleInfo( 3272): generateAppEnterInfo - launch_source_type = launcherWorkspace , launch_source_traceid = 
06-07 20:22:25.651 D/OplusAppSwitchRuleInfo( 3272): generateAppEnterInfo - launch_source_type = launcherWorkspace , launch_source_traceid = 
06-07 20:22:25.652 D/OplusAppSwitchRuleInfo( 3272): generateAppEnterInfo - launch_source_type = launcherWorkspace , launch_source_traceid = 
06-07 20:22:25.653 D/NirvanaManager( 3272): enable_bg_limit_level_thermal feature is not supported
06-07 20:22:25.653 D/OplusEapManager( 3272): mTargetEnterName :com.saucelabs.mydemoapp.android
06-07 20:22:25.653 D/VRR [OPlusRefreshRateService]( 3272): handleFrontAppChange pkgName: com.saucelabs.mydemoapp.android
06-07 20:22:25.657 I/OPM     ( 3272): home scene change to false
06-07 20:22:25.657 I/Athena  ( 4588): AthenaDynamicReceiver: pre_app:com.android.launcher, next_app:com.saucelabs.mydemoapp.android(10319|18362)
06-07 20:22:25.657 D/OplusLatencyOptimizerManager( 3272): enter pkg: com.saucelabs.mydemoapp.android isPrevBlackAppTop: false mIsBlackAppTop: false
06-07 20:22:25.657 D/OplusAppSwitchRuleInfo( 3272): generateAppEnterInfo - launch_source_type = launcherWorkspace , launch_source_traceid = 
06-07 20:22:25.658 D/OplusAppSwitchRuleInfo( 3272): generateAppEnterInfo - launch_source_type = launcherWorkspace , launch_source_traceid = 
06-07 20:22:25.659 D/OplusAppSwitchRuleInfo( 3272): generateActivityEnterInfo - launch_source_type = launcherWorkspace , launch_source_traceid = 
06-07 20:22:25.660 D/OplusAppSwitchRuleInfo( 3272): generateActivityEnterInfo - launch_source_type = launcherWorkspace , launch_source_traceid = 
06-07 20:22:25.663 V/DCSEX-AppSwitchManager( 4111): OnAppSwitchObserver: onAppExit, resuming = com.saucelabs.mydemoapp.android, target = com.android.launcher, is ResumingFirstStart =  true, is ResumingMultiApp =  false, extensionInfo =  Bundle[mParcelledData.dataSize=608]
06-07 20:22:25.663 V/DCSEX-AppSwitchManager( 4111): OnAppSwitchObserver: onAppEnter, launchedFrom =  com.android.launcher, target =  com.saucelabs.mydemoapp.android, is firstStart =  true, is multiApp =  false, extensionInfo =  Bundle[mParcelledData.dataSize=1076], launch_source_type =  launcherWorkspace, launch_source_traceid =  
06-07 20:22:25.664 D/OplusAtlas.OplusAudioScene( 6725): callback success event:atlas_event_on_foreground_activities_changed eventInfo:pid:18362,uid:10319,hasForegroundActivities:1
06-07 20:22:25.664 D/DCSEX-AppLaunchEventRecorder( 4111): onAppSwitch from = com.android.launcher to = com.saucelabs.mydemoapp.android
06-07 20:22:25.666 D/AudioBoost( 1952): audioSchedBoost, pid=1952, tid=22639, enable=1, ret=0
06-07 20:22:25.666 D/AudioFlingerExtImpl( 1952): AudioFlingerExtImpl oplusSetParameters: keyvalue onForegroundActivitiesChanged=com.saucelabs.mydemoapp.android:foreground:1|10319:18362
06-07 20:22:25.666 D/AudioFlingerExtImpl( 1952): updateForegroundInfo, mapInf mForegroundMap(1)|[com.saucelabs.mydemoapp.android]=1, uidPidMapInf mForegroundUidPidMap(1)|[10319]=18362
06-07 20:22:25.666 D/AudioBoost( 1952): audioSchedBoost, pid=1952, tid=22639, enable=0, ret=0
06-07 20:22:25.667 I/OplusCharge--( 4186): OplusChargeAnimImpl-->updateChargeAnimState , state : cancel charge anim, reason : launcher gone
06-07 20:22:25.667 I/OplusCharge--( 4186): OplusChargeAnimImpl-->allowWaterWave = false, isChargingAnimShow = false, isHighAnimLevel = false
06-07 20:22:25.667 I/OplusCharge--( 4186): OplusChargeAnimImpl-->clearChargeAnim , reason : launcher gone,chargeAnimLayoutVfx : null, frameChargeLayout: null, this: com.oplus.charge.viewmodel.OplusChargeAnimImpl@fcdcb16
06-07 20:22:25.668 I/SystemUi--Keyguard( 4186): ChargingAnimationImpl-->onAnimStateChanged , mChargeState : 4 , isScreenOn : true , mStateChanged : false , isGoingToSleep : false
06-07 20:22:25.668 V/OsAgent ( 4428): broadcastSystemEvent - 7
06-07 20:22:25.672 D/OplusActivityManager(18362): get AMS extension: android.os.BinderProxy@69e741
06-07 20:22:25.670 E/OplusThermalStats( 3272): Error getting package info: com.saucelabs.mydemoapp.android
06-07 20:22:25.675 D/OplusAppHeapManager(18362): java.lang.NoSuchMethodException: dalvik.system.VMRuntime.updateProcessValue [int, int, int]
06-07 20:22:25.677 D/SurfaceSyncGroup(18362): preCreateSurfaceSyncGroupTimerThread
06-07 20:22:25.679 D/FlexibleTaskController( 3272): check task which not have enough child, isInSingleWhiteList:false isCloneTask:false
06-07 20:22:25.679 W/Battery ( 4324): ThermalControllerCenter: mSafetyState=10000,  mSafetyTestConfigList=01111,10111,11011,11101,11110,00111,01011,01101,01110,10011,10101,10110,11001,11010,11100,11111,10100
06-07 20:22:25.679 W/Battery ( 4324): ThermalControllHandler: tempLevel=[4, 4, 3, 4, 3, 3, 4, 5],userMode=2,gameUserMode=-1,appType=-1,envTempType=0,appStates=[],appSwitchSafetyMode=false,split=[],float=[],full=[com.saucelabs.mydemoapp.android], tempGear=[4, 4, 3, 4, 3, 3, 4, 5],configItemName=common_config
06-07 20:22:25.680 W/Battery ( 4324): ThermalControllerCenter: MSG_THERMAL_CONTROL_CATEGORY_PROTECT_PERIOD enter.
06-07 20:22:25.682 D/OplusBatteryServiceFeature( 3272): setSmartCoolDown: coolDown = 6, normalCoolDown = 6, pkgName = com.saucelabs.mydemoapp.android
06-07 20:22:25.685 D/vendor.oplus.hardware.charger-V10-service( 1895): set cooldown:6,  normalCoolDown:6
06-07 20:22:25.686 W/Battery ( 4324): ThermalControlUtils: not set the same wifi=0
06-07 20:22:25.688 W/Battery ( 4324): AppSceneCenter: PerfPolicy not enable!
06-07 20:22:25.689 E/KernelCpuUidFreqTimeReader( 3272): Negative delta from freq time for uid: 90006, delta: -35
06-07 20:22:25.689 E/KernelCpuUidFreqTimeReader( 3272): Negative delta from freq time for uid: 90007, delta: -67
06-07 20:22:25.689 E/KernelCpuUidFreqTimeReader( 3272): Negative delta from freq time for uid: 90009, delta: -534
06-07 20:22:25.690 D/BackgroundInstallControlService( 3272): Package event received: 0
06-07 20:22:25.691 D/CompatChangeReporter(18362): Compat change id reported: 171979766; UID 10319; state: ENABLED
06-07 20:22:25.691 I/OStatsManager_Calc( 3272): add screen power pkgName = com.android.launcher, uid = 10221, power = 3644.0099999997765, is Fg = true, fore size = 1, mScale = 1.0
06-07 20:22:25.691 I/OStatsManager_Calc( 3272): noteBeforePkgSwitch change = true, curTime = 267045936, com.saucelabs.mydemoapp.android, fg = false
06-07 20:22:25.691 I/OStatsManager_OplusBatteryStatsManager( 3272): updateStateTime: PkgName = com.saucelabs.mydemoapp.android, uid = 10319, state to fg, mForegroundCnt = 1, isFg = true
06-07 20:22:25.692 I/OStatsManager_OplusBatteryStatsManager( 3272): notePkgForeground [com.android.launcher10221, com.saucelabs.mydemoapp.android10319], uid = 10319, pid = 18362, pkgName = com.saucelabs.mydemoapp.android
06-07 20:22:25.693 D/CompactWindowAppManager(18362): initCompactApplicationInfo CompactMode: , NormalMode: 
06-07 20:22:25.707 D/OplusGcSupressionExtImpl( 4091): callGcDesupression : java.lang.NullPointerException: Attempt to invoke virtual method 'java.lang.Object java.lang.reflect.Method.invoke(java.lang.Object, java.lang.Object[])' on a null object reference
06-07 20:22:25.707 E/[OPLUS_AFS_CONFIG]( 4091): Failed to open AFS config file: /proc/oplus_afs_config/afs_config
06-07 20:22:25.707 E/AFS_CONFIG( 4091): Failed to get scene config
06-07 20:22:25.707 E/OplusAfsManager( 4091): afsConfigSceneConfigGet sceneType is null
06-07 20:22:25.707 I/[UAH_CLIENT]( 4091): UahRelease, handle:81711
06-07 20:22:25.709 V/Configuration(18362): Updating configuration, locales updated from [] to [en_EG]
06-07 20:22:25.709 D/RemoteAnimationRunnerCompat( 4091): animationFinishedCallback start, transition id: 2525, multiOpenId: -1, isPredictiveBackBlockablAnim: false, mFinishCallback: android.window.IRemoteTransitionFinishedCallback$Stub$Proxy@f5dab6c, mMultiRemoteCallback: null
06-07 20:22:25.710 W/RemoteAnimFrameRateManager( 4091): this os is not support dynamic frame rate .
06-07 20:22:25.710 D/RemoteAnimRunnerExt( 4091): setPredictiveBackAnimPair, id: 2525, active: false, previous id: -1
06-07 20:22:25.710 W/RemoteAnimRunnerExt( 4091): setPredictiveBackBlockablAnimPair, miss matching id for inactive
06-07 20:22:25.710 D/RemoteAnimationRunnerCompat( 4091): animationFinishedCallback call, transition id: 2525, needMergeT: false, mergeTransition: null
06-07 20:22:25.710 D/QuickBackInputPolicy( 3272): setInterceptInputKeyStatus, enable=false, enableFlag=1, inputCallback=android.window.IRemoteTransitionInputCallback$Stub$Proxy@b068b
06-07 20:22:25.711 D/OplusShellTransition( 4186): RemoteTransitionHandlerandroid.os.BinderProxy@261b034, onTransitionFinished thread=571, true
06-07 20:22:25.712 D/OplusShellTransition( 4186): RemoteTransitionHandlerandroid.os.BinderProxy@261b034, onTransitionFinished, finishTransaction.mNativeObject=-5476376673957623040, thread=44
06-07 20:22:25.713 V/WindowManagerShell( 4186): Transition animation finished (aborted=false), notifying core (#2525) android.os.BinderProxy@261b034@0
06-07 20:22:25.713 D/SplitScreen-->AppLockManager( 4186): setStartFromSafeControl mStartFromSafeControl=false
06-07 20:22:25.714 D/ShellTaskOrganizerExt( 4186): adjust change for exiting mini task: -1
06-07 20:22:25.714 D/OplusScrollToTopManager(18362): setIsInWhiteList false
06-07 20:22:25.715 D/OplusShellTransition( 4186): isRecentsAnimation is: false isRemoteAnimation true
06-07 20:22:25.716 D/OplusViewDebugManager(18362): OplusViewDebugManager Constructor android.view.debug.OplusViewDebugManager@d8b0a27 [mHasViewDebugProperty true] [mHasMsgDebugProperty false] [DEBUG false] [EXTRAINFOENABLE false] [LIGHT_OS true]
06-07 20:22:25.717 D/BLASTBufferQueue( 3272): [[BBQ] OplusStartingSurface#33549#129](f:0,a:1) destructor()
06-07 20:22:25.717 D/BufferQueueConsumer( 3272): [[BBQ] OplusStartingSurface#33549#129(BLAST Consumer)129](id:cc800000144,api:2,p:3272,c:3272) disconnect
06-07 20:22:25.717 D/BufferQueueProducer( 3272): [[BBQ] OplusStartingSurface#33549#129(BLAST Consumer)129](id:cc800000144,api:2,p:3272,c:3272) disconnect: api 2
06-07 20:22:25.719 D/Transition( 3272): finishTransaction-onCommitted syncId=2525
06-07 20:22:25.719 I/DispPerfService( 1988): updateLayerMask 8
06-07 20:22:25.719 D/Transition( 3272): finishTransition ar ActivityRecord{18544384 u0 com.android.launcher/.Launcher t5}, isVisibleRequested=false, state=PAUSED, visibleAtTransitionEndTokens={ActivityRecord{262043282 u0 com.saucelabs.mydemoapp.android/.view.activities.SplashActivity t17212}, WallpaperWindowToken{fb089ba showWhenLocked=false}}, this=TransitionRecord{1f2068e id=2525 track=0 type=OPEN flags=0x0 state=2 c=[
06-07 20:22:25.719 D/Transition( 3272):    ChangeInfo{2af014a container=ActivityRecord{18544384 u0 com.android.launcher/.Launcher t5} flags=0x0}
06-07 20:22:25.719 D/Transition( 3272):    ChangeInfo{1e03eaf container=Task{2298778 #17212 type=standard A=10319:com.saucelabs.mydemoapp.android} flags=0x10}
06-07 20:22:25.719 D/Transition( 3272):    ChangeInfo{9ee32bc container=DefaultTaskDisplayArea@55477417 flags=0x0}
06-07 20:22:25.719 D/Transition( 3272):    ChangeInfo{181c2ec container=Task{5c0738a #1 type=home} flags=0x10}
06-07 20:22:25.719 D/Transition( 3272):    ChangeInfo{2448bb container=Task{8902a2e #5 type=home I=com.android.launcher/.Launcher} flags=0x10}
06-07 20:22:25.719 D/Transition( 3272):    ChangeInfo{7491245 container=Display{#0 state=ON size=720x1604 ROTATION_0} flags=0x0}
06-07 20:22:25.719 D/Transition( 3272):    ChangeInfo{93e21d8 container=WallpaperWindowToken{d792902 showWhenLocked=true} flags=0x0}
06-07 20:22:25.719 D/Transition( 3272):    ChangeInfo{40bfd9a container=ActivityRecord{262043282 u0 com.saucelabs.mydemoapp.android/.view.activities.SplashActivity t17212} flags=0x0}
06-07 20:22:25.719 D/Transition( 3272):    ChangeInfo{2d46931 container=WallpaperWindowToken{fb089ba showWhenLocked=false} flags=0x0}
06-07 20:22:25.719 D/Transition( 3272): ]
06-07 20:22:25.719 D/Transition( 3272): }
06-07 20:22:25.720 D/ActivityTaskManager( 3272): commitVisibility: ActivityRecord{18544384 u0 com.android.launcher/.Launcher t5}: visible=false visibleRequested=false, isInTransition=false 
06-07 20:22:25.721 D/WindowManager( 3272): NFW_setClientVisible:ActivityRecord{18544384 u0 com.android.launcher/.Launcher t5} clientVisible:false
06-07 20:22:25.721 D/VRI[Launcher]( 4091): dispatchAppVisibility visible:false mUpcomingWindowFocus:false
06-07 20:22:25.721 D/Transition( 3272): finishTransition ar ActivityRecord{262043282 u0 com.saucelabs.mydemoapp.android/.view.activities.SplashActivity t17212}, isVisibleRequested=true, state=RESUMED, visibleAtTransitionEndTokens={ActivityRecord{262043282 u0 com.saucelabs.mydemoapp.android/.view.activities.SplashActivity t17212}, WallpaperWindowToken{fb089ba showWhenLocked=false}}, this=TransitionRecord{1f2068e id=2525 track=0 type=OPEN flags=0x0 state=2 c=[
06-07 20:22:25.721 D/Transition( 3272):    ChangeInfo{2af014a container=ActivityRecord{18544384 u0 com.android.launcher/.Launcher t5} flags=0x0}
06-07 20:22:25.721 D/Transition( 3272):    ChangeInfo{1e03eaf container=Task{2298778 #17212 type=standard A=10319:com.saucelabs.mydemoapp.android} flags=0x10}
06-07 20:22:25.721 D/Transition( 3272):    ChangeInfo{9ee32bc container=DefaultTaskDisplayArea@55477417 flags=0x0}
06-07 20:22:25.721 D/Transition( 3272):    ChangeInfo{181c2ec container=Task{5c0738a #1 type=home} flags=0x10}
06-07 20:22:25.721 D/Transition( 3272):    ChangeInfo{2448bb container=Task{8902a2e #5 type=home I=com.android.launcher/.Launcher} flags=0x10}
06-07 20:22:25.721 D/Transition( 3272):    ChangeInfo{7491245 container=Display{#0 state=ON size=720x1604 ROTATION_0} flags=0x0}
06-07 20:22:25.721 D/Transition( 3272):    ChangeInfo{93e21d8 container=WallpaperWindowToken{d792902 showWhenLocked=true} flags=0x0}
06-07 20:22:25.721 D/Transition( 3272):    ChangeInfo{40bfd9a container=ActivityRecord{262043282 u0 com.saucelabs.mydemoapp.android/.view.activities.SplashActivity t17212} flags=0x0}
06-07 20:22:25.721 D/Transition( 3272):    ChangeInfo{2d46931 container=WallpaperWindowToken{fb089ba showWhenLocked=false} flags=0x0}
06-07 20:22:25.721 D/Transition( 3272): ]
06-07 20:22:25.721 D/Transition( 3272): }
06-07 20:22:25.722 D/WindowManager( 3272): NFW_setClientVisible:WallpaperWindowToken{fb089ba showWhenLocked=false} clientVisible:false
06-07 20:22:25.723 D/HWUI    ( 4091): SkiaOpenGLPipeline::setSurface: this=0xb400006e8ff17e00, surface=NULL
06-07 20:22:25.723 I/OplusAppSwitchManagerService( 3272):  handleAppVisible , r = ActivityRecord{262043282 u0 com.saucelabs.mydemoapp.android/.view.activities.SplashActivity t17212}
06-07 20:22:25.723 D/BufferQueueProducer( 4091): [VRI[Launcher]#125(BLAST Consumer)125](id:ffb000000e0,api:1,p:4091,c:4091) disconnect: api 1
06-07 20:22:25.724 D/OplusTransitionController( 3272): finishTransition, transition: TransitionRecord{1f2068e id=2525 track=0 type=OPEN flags=0x0 state=4 c=[
06-07 20:22:25.724 D/OplusTransitionController( 3272):    ChangeInfo{2af014a container=ActivityRecord{18544384 u0 com.android.launcher/.Launcher t5} flags=0x0}
06-07 20:22:25.724 D/OplusTransitionController( 3272):    ChangeInfo{1e03eaf container=Task{2298778 #17212 type=standard A=10319:com.saucelabs.mydemoapp.android} flags=0x10}
06-07 20:22:25.724 D/OplusTransitionController( 3272):    ChangeInfo{9ee32bc container=DefaultTaskDisplayArea@55477417 flags=0x0}
06-07 20:22:25.724 D/OplusTransitionController( 3272):    ChangeInfo{181c2ec container=Task{5c0738a #1 type=home} flags=0x10}
06-07 20:22:25.724 D/OplusTransitionController( 3272):    ChangeInfo{2448bb container=Task{8902a2e #5 type=home I=com.android.launcher/.Launcher} flags=0x10}
06-07 20:22:25.724 D/OplusTransitionController( 3272):    ChangeInfo{7491245 container=Display{#0 state=ON size=720x1604 ROTATION_0} flags=0x0}
06-07 20:22:25.724 D/OplusTransitionController( 3272):    ChangeInfo{93e21d8 container=WallpaperWindowToken{d792902 showWhenLocked=true} flags=0x0}
06-07 20:22:25.724 D/OplusTransitionController( 3272):    ChangeInfo{40bfd9a container=ActivityRecord{262043282 u0 com.saucelabs.mydemoapp.android/.view.activities.SplashActivity t17212} flags=0x0}
06-07 20:22:25.724 D/OplusTransitionController( 3272):    ChangeInfo{2d46931 container=WallpaperWindowToken{fb089ba showWhenLocked=false} flags=0x0}
06-07 20:22:25.724 D/OplusTransitionController( 3272): ]
06-07 20:22:25.724 D/OplusTransitionController( 3272): }
06-07 20:22:25.725 D/HWUI    ( 4091): createSurface new attribs array
06-07 20:22:25.725 D/libEGL  ( 4091): this is from skia gles
06-07 20:22:25.725 D/BufferQueueProducer( 4091): [VRI[Launcher]#125(BLAST Consumer)125](id:ffb000000e0,api:1,p:4091,c:4091) connect: api=1 producerControlledByApp=true
06-07 20:22:25.725 D/FlexibleTaskTransitionController( 3272):  finishTransition pendingRecentToFlexibleTask:null,isRotationTransition:false ,pendingRecentToFlexible:null ,transition:TransitionRecord{1f2068e id=2525 track=0 type=OPEN flags=0x0 state=4 c=[
06-07 20:22:25.725 D/FlexibleTaskTransitionController( 3272):    ChangeInfo{2af014a container=ActivityRecord{18544384 u0 com.android.launcher/.Launcher t5} flags=0x0}
06-07 20:22:25.725 D/FlexibleTaskTransitionController( 3272):    ChangeInfo{1e03eaf container=Task{2298778 #17212 type=standard A=10319:com.saucelabs.mydemoapp.android} flags=0x10}
06-07 20:22:25.725 D/FlexibleTaskTransitionController( 3272):    ChangeInfo{9ee32bc container=DefaultTaskDisplayArea@55477417 flags=0x0}
06-07 20:22:25.725 D/FlexibleTaskTransitionController( 3272):    ChangeInfo{181c2ec container=Task{5c0738a #1 type=home} flags=0x10}
06-07 20:22:25.725 D/FlexibleTaskTransitionController( 3272):    ChangeInfo{2448bb container=Task{8902a2e #5 type=home I=com.android.launcher/.Launcher} flags=0x10}
06-07 20:22:25.725 D/FlexibleTaskTransitionController( 3272):    ChangeInfo{7491245 container=Display{#0 state=ON size=720x1604 ROTATION_0} flags=0x0}
06-07 20:22:25.725 D/FlexibleTaskTransitionController( 3272):    ChangeInfo{93e21d8 container=WallpaperWindowToken{d792902 showWhenLocked=true} flags=0x0}
06-07 20:22:25.725 D/FlexibleTaskTransitionController( 3272):    ChangeInfo{40bfd9a container=ActivityRecord{262043282 u0 com.saucelabs.mydemoapp.android/.view.activities.SplashActivity t17212} flags=0x0}
06-07 20:22:25.725 D/FlexibleTaskTransitionController( 3272):    ChangeInfo{2d46931 container=WallpaperWindowToken{fb089ba showWhenLocked=false} flags=0x0}
06-07 20:22:25.725 D/FlexibleTaskTransitionController( 3272): ]
06-07 20:22:25.725 D/FlexibleTaskTransitionController( 3272): }
06-07 20:22:25.726 D/WallpaperControllerExtImpl( 3272): screenshot + id = 86 userId = 0
06-07 20:22:25.730 I/SystemUi--Keyguard( 4186): OplusWallpaperAnimControllerImpl-->refresh scale enable=true
06-07 20:22:25.731 I/SystemUi--Keyguard( 4186): OplusWallpaperAnimControllerImpl-->refreshCurScale scale =1.1
06-07 20:22:25.733 D/RefreshRate( 3272): ***** request traversal for refresh rate change, reason is highTempRefreshRateChanged: false, windowRefreshRateChanged: true, flexibleWindowStateChanged: false, has float/zoom window *****
06-07 20:22:25.733 D/TransitionControllerExtImpl( 3272): NFW_send RECOMPUTE_FOCUS in finishTransition
06-07 20:22:25.734 D/WindowManager( 3272): NFW_findFocusedWindowIfNeeded:null mCurrentFocus:null
06-07 20:22:25.735 D/ShellTaskOrganizer( 4186): onTransitionFinish, isRecent:false
06-07 20:22:25.735 V/WindowManagerShell( 4186): Track 0 became idle
06-07 20:22:25.735 V/WindowManagerShell( 4186): All active transition animations finished
06-07 20:22:25.739 D/SurfaceAnimationRunner( 3272): onAnimationStart:Surface(name=Surface(name=WindowToken{a3fb48 type=2000 android.os.BinderProxy@ad2813a})/@0x79afc5e - animation-leash of token_transform)/@0x8d3e14
06-07 20:22:25.740 I/TaskOrganizerController( 3272): onTaskInfoChanged taskid 17212 config { mBounds=Rect(0, 0 - 720, 1604) mAppBounds=Rect(0, 0 - 720, 1604) mMaxBounds=Rect(0, 0 - 720, 1604) mDisplayRotation=ROTATION_0 mWindowingMode=fullscreen mActivityType=standard mAlwaysOnTop=undefined mRotation=ROTATION_0}
06-07 20:22:25.741 D/OplusFlexibleDragToSplitAnimController( 3272): visibleFlexibleTaskInfos delete:17212
06-07 20:22:25.741 E/FlexibleWindowManagerService( 3272): notifyTaskObserverToAttachController not need to notify!
06-07 20:22:25.741 I/FlexibleWindowManagerService( 3272): onFlexibleWindowTaskInfoChanged, return for cur task not embedded
06-07 20:22:25.741 D/ShellTaskOrganizerExt( 4186): visibleFlexibleTaskInfos delete:17212
06-07 20:22:25.741 D/ShellTaskOrganizerExt( 4186): isOnCanvas size:0
06-07 20:22:25.741 D/ShellTaskOrganizerExt( 4186): isOnThreeFlexibleCanvas size:0
06-07 20:22:25.741 I/TaskOrganizerController( 3272): onTaskInfoChanged taskid 1 config { mBounds=Rect(0, 0 - 720, 1604) mAppBounds=Rect(0, 0 - 720, 1604) mMaxBounds=Rect(0, 0 - 720, 1604) mDisplayRotation=ROTATION_0 mWindowingMode=fullscreen mActivityType=home mAlwaysOnTop=undefined mRotation=ROTATION_0}
06-07 20:22:25.742 D/OplusFlexibleDragToSplitAnimController( 3272): visibleFlexibleTaskInfos delete:1
06-07 20:22:25.742 E/FlexibleWindowManagerService( 3272): notifyTaskObserverToAttachController not need to notify!
06-07 20:22:25.742 I/FlexibleWindowManagerService( 3272): onFlexibleWindowTaskInfoChanged, return for cur task not embedded
06-07 20:22:25.743 D/ShellTaskOrganizerExt( 4186): visibleFlexibleTaskInfos delete:1
06-07 20:22:25.743 D/ShellTaskOrganizerExt( 4186): isOnCanvas size:0
06-07 20:22:25.743 D/ShellTaskOrganizerExt( 4186): isOnThreeFlexibleCanvas size:0
06-07 20:22:25.752 I/DispPerfService( 1988): updateLayerMask 0
06-07 20:22:25.755 W/libc    (18362): Access denied finding property "ro.odm.prev.product.name"
06-07 20:22:25.776 D/BatteryChargeControl( 1895): bcc get no support from charging protocol
06-07 20:22:25.837 D/TrafficMonitor3(24348): checkWifiApEnabled ap state:11 0/false
06-07 20:22:25.894 D/SurfaceAnimationRunner( 3272): onAnimationEnd:Surface(name=Surface(name=WindowToken{a3fb48 type=2000 android.os.BinderProxy@ad2813a})/@0x79afc5e - animation-leash of token_transform)/@0x8d3e14
06-07 20:22:25.910 D/RefreshRate( 3272): Refresh rate changing from 90.0 to 60.000004,maxRefreshRate=60.000004 FOR:{
