06-07 20:22:32.761 D/OplusTransitionAnimationManager( 3272): activityRecordCount0fullScreenArBeHindStartingWindow null
06-07 20:22:32.762 D/ClockTag_WidgetStartUtils( 1224): Finished handleClockWidgetUpdate
06-07 20:22:32.763 D/ClockTag_ClockWidget.ClockWidgetWeatherService( 1224): ClockWidgetWeatherService onCreate:
06-07 20:22:32.763 D/ClockTag_ClockWidget.ClockWidgetWeatherService( 1224): ClockWidgetWeatherService registerAll
06-07 20:22:32.767 D/ContinuousTransitionController( 3272): is match the remote transition.
06-07 20:22:32.767 D/QuickBackInputPolicy( 3272): resetInputInterceptState for remoteTransition: false
06-07 20:22:32.767 D/OplusTransitionController( 3272): onTransactionReady, transition: 2527, info: {id=2527 t=CLOSE f=0x10 trk=0 r=[0@Point(0, 0)] c=[{WCT{RemoteToken{ebf0ab0 Task{5c0738a #1 type=home}}} m=TO_FRONT f=SHOW_WALLPAPER|MOVE_TO_TOP leash=Surface(name=Task=1)/@0xa9e3275 sb=Rect(0, 0 - 720, 1604) eb=Rect(0, 0 - 720, 1604) epz=Point(720, 1604) d=0 taskParent=-1},{WCT{RemoteToken{bd5676d Task{2298778 #17212 type=standard A=10319:com.saucelabs.mydemoapp.android}}} m=CLOSE f=NONE leash=Surface(name=Task=17212)/@0xa219e8d sb=Rect(0, 0 - 720, 1604) eb=Rect(0, 0 - 720, 1604) epz=Point(720, 1604) d=0 taskParent=-1},{m=TO_FRONT f=IS_WALLPAPER leash=Surface(name=WallpaperWindowToken{fb089ba showWhenLocked=false})/@0xc25a06a sb=Rect(0, 0 - 720, 1604) eb=Rect(0, 0 - 720, 1604) epz=Point(720, 1604) d=0}] 
06-07 20:22:32.767 D/OplusTransitionController( 3272): extendInfo=[
06-07 20:22:32.767 D/OplusTransitionController( 3272):  OplusTransitionExtendedInfo{mTmpFinishT=null, mInOplusCompatMode=false, mIsProcessRunning=false, mHasMismatchBoundsTarget=false, mRecentsController=null, mRemoteTransition=null, mIsTranslucentActivityToHome=false, mAvoidInterceptKeyEventToHome=false, mIsFromHome=false, mParentLeash=null, mBackAnimClosingLeash=null, mIsOplusAnimRes=false, mKeepBgForContinuous=false, mIsBalAllow=false, mTaskNotInRecent=false, mIsPredictiveBackAnim=false, mIsMergedWithPredictive=false, mIsLaunchFromSpruce=false, mIsLaunchFromDrive=false, mGlobalSearchPageSwitch=false, mNeedNoAlphaGlobalSearchScene=false, mAssistScreenShowing=false, mSwipeUpBrowserScreenShowing=false, mUserIdTransition=0
06-07 20:22:32.767 D/OplusTransitionController( 3272): , mInRemoteScene=false, mInPreReady=false, mPreStart=false, mToken=null, mAbortByRemoteFromHome=false, mShellApplyToken=null, mRequestTransitionTaskId=17212, mAbortTransitionOnShell=0, mStartFromShortcut=false, mRemovedTaskId=-1, mTransitionInterruptType=0, mMergeSecondTaskId=-1, mTaskIdStartFromRecents=0, mTransitionId=2527, mCanUseSpringSlideAnim=false, mTransitionLaunchFrom=0, mFoldChangeType=-1, mAnimStartingPosition=[0, 0, 0, 0], mIsOpeningStkDialogActivity=false, mSecondaryHomeToFrontWhenUnFolding=false, mIsNeedApplyStartTForEmbedded=false
06-07 20:22:32.767 D/OplusTransitionController( 3272): , mNeedCanvasExitAnim=false, mMergeSecondTaskAnimation=false, mIsLaunchUnityStart=false, mIsLaunchFromAssistantByDefault=false, mSkipRemoteTransitionfalse, mIsStartFromKeyguard=false flags=0x0, mWCT=null, mIsOpenMergeToInValidPredictive=false}]}, targets : [ChangeInfo{601f333 container=Task{5c0738a #1 type=home} flags=0x30}, ChangeInfo{36046f0 container=Task{2298778 #17212 type=standard A=10319:com.saucelabs.mydemoapp.android} flags=0x10}, ChangeInfo{33b8469 container=WallpaperWindowToken{fb089ba showWhenLocked=false} flags=0x0}], participants: {ActivityRecord{18544384 u0 com.android.launcher/.Launcher t5}, ActivityRecord{22799810 u0 com.saucelabs.mydemoapp.android/.view.activities.MainActivity t17212 f} isExiting}, Task{2298778 #17212 type=standard A=10319:com.saucelabs.mydemoapp.android}, Task{5c0738a #1 type=home}, Task{8902a2e #5 type=home I=com.android.launcher/.Launcher}, WallpaperWindowToken{fb089ba showWhenLocked=false}}
06-07 20:22:32.769 I/Quality-ScreenOnOffLogProcessor(18780): withInScreenOnOffRange mIsScreenOn:true refTime:1780852952559 mRecentScreenOnTime:1780852680401 mRecentScreenOffTime:1780851631819
06-07 20:22:32.771 W/WindowManager( 3272): captureTaskSnapshot mSnapshotMode= 0 source=Task{2298778 #17212 type=standard A=10319:com.saucelabs.mydemoapp.android}
06-07 20:22:32.772 D/TaskSnapshotControllerExtImpl( 3272): createTaskSnapshot isCompatMode:false, isCompactWindow:false
06-07 20:22:32.772 W/AbsAppSnapshotControllerExtImpl( 3272): updateExcludeLayers, addExcludeLayerList is null or empty, return excludeLayers
06-07 20:22:32.772 D/ClockTag_ClockWidget.ClockWidgetWeatherService( 1224): registerWeatherCityObserver
06-07 20:22:32.773 D/SurfaceAnimationRunner( 3272): onAnimationStart:Surface(name=Surface(name=WindowToken{a3fb48 type=2000 android.os.BinderProxy@ad2813a})/@0x79afc5e - animation-leash of token_transform)/@0x9cfccdd
06-07 20:22:32.773 D/SurfaceAnimationRunner( 3272): onAnimationEnd:Surface(name=Surface(name=WindowToken{a3fb48 type=2000 android.os.BinderProxy@ad2813a})/@0x79afc5e - animation-leash of token_transform)/@0x9cfccdd
06-07 20:22:32.775 V/WindowManagerShell( 4186): onTransitionReady(transaction=14053133166147)
06-07 20:22:32.776 V/WindowManagerShell( 4186): onTransitionReady (#2527) android.os.BinderProxy@64563a: {id=2527 t=CLOSE f=0x10 trk=0 r=[0@Point(0, 0)] c=[
06-07 20:22:32.776 V/WindowManagerShell( 4186):         {m=TO_FRONT f=SHOW_WALLPAPER|MOVE_TO_TOP leash=Surface(name=Task=1)/@0x799b6e1 sb=Rect(0, 0 - 720, 1604) eb=Rect(0, 0 - 720, 1604) epz=Point(720, 1604) d=0 taskParent=-1},
06-07 20:22:32.776 V/WindowManagerShell( 4186):         {m=CLOSE f=NONE leash=Surface(name=Task=17212)/@0x5319c06 sb=Rect(0, 0 - 720, 1604) eb=Rect(0, 0 - 720, 1604) epz=Point(720, 1604) d=0 taskParent=-1},
06-07 20:22:32.776 V/WindowManagerShell( 4186):         {m=TO_FRONT f=IS_WALLPAPER leash=Surface(name=WallpaperWindowToken{fb089ba showWhenLocked=false})/@0x64d72c7 sb=Rect(0, 0 - 720, 1604) eb=Rect(0, 0 - 720, 1604) epz=Point(720, 1604) d=0}
06-07 20:22:32.776 V/WindowManagerShell( 4186):     ] 
06-07 20:22:32.776 V/WindowManagerShell( 4186): extendInfo=[
06-07 20:22:32.776 V/WindowManagerShell( 4186):  OplusTransitionExtendedInfo{mTmpFinishT=null, mInOplusCompatMode=false, mIsProcessRunning=false, mHasMismatchBoundsTarget=false, mRecentsController=null, mRemoteTransition=null, mIsTranslucentActivityToHome=false, mAvoidInterceptKeyEventToHome=false, mIsFromHome=false, mParentLeash=null, mBackAnimClosingLeash=null, mIsOplusAnimRes=false, mKeepBgForContinuous=false, mIsBalAllow=false, mTaskNotInRecent=false, mIsPredictiveBackAnim=false, mIsMergedWithPredictive=false, mIsLaunchFromSpruce=false, mIsLaunchFromDrive=false, mGlobalSearchPageSwitch=false, mNeedNoAlphaGlobalSearchScene=false, mAssistScreenShowing=false, mSwipeUpBrowserScreenShowing=false, mUserIdTransition=0
06-07 20:22:32.776 V/WindowManagerShell( 4186): , mInRemoteScene=false, mInPreReady=false, mPreStart=false, mToken=null, mAbortByRemoteFromHome=false, mShellApplyToken=null, mRequestTransitionTaskId=17212, mAbortTransitionOnShell=0, mStartFromShortcut=false, mRemovedTaskId=-1, mTransitionInterruptType=0, mMergeSecondTaskId=-1, mTaskIdStartFromRecents=0, mTransitionId=2527, mCanUseSpringSlideAnim=false, mTransitionLaunchFrom=0, mFoldChangeType=-1, mAnimStartingPosition=[0, 0, 0, 0], mIsOpeningStkDialogActivity=false, mSecondaryHomeToFrontWhenUnFolding=false, mIsNeedApplyStartTForEmbedded=false
06-07 20:22:32.776 V/WindowManagerShell( 4186): , mNeedCanvasExitAnim=false, mMergeSecondTaskAnimation=false, mIsLaunchUnityStart=false, mIsLaunchFromAssistantByDefault=false, mSkipRemoteTransitionfalse, mIsStartFromKeyguard=false flags=0x0, mWCT=null, mIsOpenMergeToInValidPredictive=false}]}
06-07 20:22:32.776 D/OplusShellTransition( 4186): dispatchReady, active:(#2527) android.os.BinderProxy@64563a@0, isSync=false, track:com.android.wm.shell.transition.Transitions$Track@1f9391e
06-07 20:22:32.776 D/OplusShellTransition( 4186): Abort transition (#2527) android.os.BinderProxy@64563a@0 WMCore requested. reason: 0; abortTransition: false
06-07 20:22:32.777 V/WindowManagerShell( 4186): Playing animation for (#2527) android.os.BinderProxy@64563a@0
06-07 20:22:32.777 V/ShellRecents( 4186): RecentsTransitionHandler.startAnimation: no controller found
06-07 20:22:32.777 V/WindowManagerShell( 4186): start OnePuttTransition animation, info = {id=2527 t=CLOSE f=0x10 trk=0 r=[0@Point(0, 0)] c=[{m=TO_FRONT f=SHOW_WALLPAPER|MOVE_TO_TOP leash=Surface(name=Task=1)/@0x799b6e1 sb=Rect(0, 0 - 720, 1604) eb=Rect(0, 0 - 720, 1604) epz=Point(720, 1604) d=0 taskParent=-1},{m=CLOSE f=NONE leash=Surface(name=Task=17212)/@0x5319c06 sb=Rect(0, 0 - 720, 1604) eb=Rect(0, 0 - 720, 1604) epz=Point(720, 1604) d=0 taskParent=-1},{m=TO_FRONT f=IS_WALLPAPER leash=Surface(name=WallpaperWindowToken{fb089ba showWhenLocked=false})/@0x64d72c7 sb=Rect(0, 0 - 720, 1604) eb=Rect(0, 0 - 720, 1604) epz=Point(720, 1604) d=0}] 
06-07 20:22:32.777 V/WindowManagerShell( 4186): extendInfo=[
06-07 20:22:32.777 V/WindowManagerShell( 4186):  OplusTransitionExtendedInfo{mTmpFinishT=null, mInOplusCompatMode=false, mIsProcessRunning=false, mHasMismatchBoundsTarget=false, mRecentsController=null, mRemoteTransition=null, mIsTranslucentActivityToHome=false, mAvoidInterceptKeyEventToHome=false, mIsFromHome=false, mParentLeash=null, mBackAnimClosingLeash=null, mIsOplusAnimRes=false, mKeepBgForContinuous=false, mIsBalAllow=false, mTaskNotInRecent=false, mIsPredictiveBackAnim=false, mIsMergedWithPredictive=false, mIsLaunchFromSpruce=false, mIsLaunchFromDrive=false, mGlobalSearchPageSwitch=false, mNeedNoAlphaGlobalSearchScene=false, mAssistScreenShowing=false, mSwipeUpBrowserScreenShowing=false, mUserIdTransition=0
06-07 20:22:32.777 V/WindowManagerShell( 4186): , mInRemoteScene=false, mInPreReady=false, mPreStart=false, mToken=null, mAbortByRemoteFromHome=false, mShellApplyToken=null, mRequestTransitionTaskId=17212, mAbortTransitionOnShell=0, mStartFromShortcut=false, mRemovedTaskId=-1, mTransitionInterruptType=0, mMergeSecondTaskId=-1, mTaskIdStartFromRecents=0, mTransitionId=2527, mCanUseSpringSlideAnim=false, mTransitionLaunchFrom=0, mFoldChangeType=-1, mAnimStartingPosition=[0, 0, 0, 0], mIsOpeningStkDialogActivity=false, mSecondaryHomeToFrontWhenUnFolding=false, mIsNeedApplyStartTForEmbedded=false
06-07 20:22:32.777 V/WindowManagerShell( 4186): , mNeedCanvasExitAnim=false, mMergeSecondTaskAnimation=false, mIsLaunchUnityStart=false, mIsLaunchFromAssistantByDefault=false, mSkipRemoteTransitionfalse, mIsStartFromKeyguard=false flags=0x0, mWCT=null, mIsOpenMergeToInValidPredictive=false}]}
06-07 20:22:32.777 D/FlexibleTaskTransitionHandler( 4186):  performAnimation transition:android.os.BinderProxy@64563a ,info:{id=2527 t=CLOSE f=0x10 trk=0 r=[0@Point(0, 0)] c=[{m=TO_FRONT f=SHOW_WALLPAPER|MOVE_TO_TOP leash=Surface(name=Task=1)/@0x799b6e1 sb=Rect(0, 0 - 720, 1604) eb=Rect(0, 0 - 720, 1604) epz=Point(720, 1604) d=0 taskParent=-1},{m=CLOSE f=NONE leash=Surface(name=Task=17212)/@0x5319c06 sb=Rect(0, 0 - 720, 1604) eb=Rect(0, 0 - 720, 1604) epz=Point(720, 1604) d=0 taskParent=-1},{m=TO_FRONT f=IS_WALLPAPER leash=Surface(name=WallpaperWindowToken{fb089ba showWhenLocked=false})/@0x64d72c7 sb=Rect(0, 0 - 720, 1604) eb=Rect(0, 0 - 720, 1604) epz=Point(720, 1604) d=0}] 
06-07 20:22:32.777 D/FlexibleTaskTransitionHandler( 4186): extendInfo=[
06-07 20:22:32.777 D/FlexibleTaskTransitionHandler( 4186):  OplusTransitionExtendedInfo{mTmpFinishT=null, mInOplusCompatMode=false, mIsProcessRunning=false, mHasMismatchBoundsTarget=false, mRecentsController=null, mRemoteTransition=null, mIsTranslucentActivityToHome=false, mAvoidInterceptKeyEventToHome=false, mIsFromHome=false, mParentLeash=null, mBackAnimClosingLeash=null, mIsOplusAnimRes=false, mKeepBgForContinuous=false, mIsBalAllow=false, mTaskNotInRecent=false, mIsPredictiveBackAnim=false, mIsMergedWithPredictive=false, mIsLaunchFromSpruce=false, mIsLaunchFromDrive=false, mGlobalSearchPageSwitch=false, mNeedNoAlphaGlobalSearchScene=false, mAssistScreenShowing=false, mSwipeUpBrowserScreenShowing=false, mUserIdTransition=0
06-07 20:22:32.777 D/FlexibleTaskTransitionHandler( 4186): , mInRemoteScene=false, mInPreReady=false, mPreStart=false, mToken=null, mAbortByRemoteFromHome=false, mShellApplyToken=null, mRequestTransitionTaskId=17212, mAbortTransitionOnShell=0, mStartFromShortcut=false, mRemovedTaskId=-1, mTransitionInterruptType=0, mMergeSecondTaskId=-1, mTaskIdStartFromRecents=0, mTransitionId=2527, mCanUseSpringSlideAnim=false, mTransitionLaunchFrom=0, mFoldChangeType=-1, mAnimStartingPosition=[0, 0, 0, 0], mIsOpeningStkDialogActivity=false, mSecondaryHomeToFrontWhenUnFolding=false, mIsNeedApplyStartTForEmbedded=false
06-07 20:22:32.777 D/FlexibleTaskTransitionHandler( 4186): , mNeedCanvasExitAnim=false, mMergeSecondTaskAnimation=false, mIsLaunchUnityStart=false, mIsLaunchFromAssistantByDefault=false, mSkipRemoteTransitionfalse, mIsStartFromKeyguard=false flags=0x0, mWCT=null, mIsOpenMergeToInValidPredictive=false}]}
06-07 20:22:32.777 D/FlexibleTaskTransitionHandler( 4186):  no need handler this transitionInfo: {id=2527 t=CLOSE f=0x10 trk=0 r=[0@Point(0, 0)] c=[{m=TO_FRONT f=SHOW_WALLPAPER|MOVE_TO_TOP leash=Surface(name=Task=1)/@0x799b6e1 sb=Rect(0, 0 - 720, 1604) eb=Rect(0, 0 - 720, 1604) epz=Point(720, 1604) d=0 taskParent=-1},{m=CLOSE f=NONE leash=Surface(name=Task=17212)/@0x5319c06 sb=Rect(0, 0 - 720, 1604) eb=Rect(0, 0 - 720, 1604) epz=Point(720, 1604) d=0 taskParent=-1},{m=TO_FRONT f=IS_WALLPAPER leash=Surface(name=WallpaperWindowToken{fb089ba showWhenLocked=false})/@0x64d72c7 sb=Rect(0, 0 - 720, 1604) eb=Rect(0, 0 - 720, 1604) epz=Point(720, 1604) d=0}] 
06-07 20:22:32.777 D/FlexibleTaskTransitionHandler( 4186): extendInfo=[
06-07 20:22:32.777 D/FlexibleTaskTransitionHandler( 4186):  OplusTransitionExtendedInfo{mTmpFinishT=null, mInOplusCompatMode=false, mIsProcessRunning=false, mHasMismatchBoundsTarget=false, mRecentsController=null, mRemoteTransition=null, mIsTranslucentActivityToHome=false, mAvoidInterceptKeyEventToHome=false, mIsFromHome=false, mParentLeash=null, mBackAnimClosingLeash=null, mIsOplusAnimRes=false, mKeepBgForContinuous=false, mIsBalAllow=false, mTaskNotInRecent=false, mIsPredictiveBackAnim=false, mIsMergedWithPredictive=false, mIsLaunchFromSpruce=false, mIsLaunchFromDrive=false, mGlobalSearchPageSwitch=false, mNeedNoAlphaGlobalSearchScene=false, mAssistScreenShowing=false, mSwipeUpBrowserScreenShowing=false, mUserIdTransition=0
06-07 20:22:32.777 D/FlexibleTaskTransitionHandler( 4186): , mInRemoteScene=false, mInPreReady=false, mPreStart=false, mToken=null, mAbortByRemoteFromHome=false, mShellApplyToken=null, mRequestTransitionTaskId=17212, mAbortTransitionOnShell=0, mStartFromShortcut=false, mRemovedTaskId=-1, mTransitionInterruptType=0, mMergeSecondTaskId=-1, mTaskIdStartFromRecents=0, mTransitionId=2527, mCanUseSpringSlideAnim=false, mTransitionLaunchFrom=0, mFoldChangeType=-1, mAnimStartingPosition=[0, 0, 0, 0], mIsOpeningStkDialogActivity=false, mSecondaryHomeToFrontWhenUnFolding=false, mIsNeedApplyStartTForEmbedded=false
06-07 20:22:32.777 D/FlexibleTaskTransitionHandler( 4186): , mNeedCanvasExitAnim=false, mMergeSecondTaskAnimation=false, mIsLaunchUnityStart=false, mIsLaunchFromAssistantByDefault=false, mSkipRemoteTransitionfalse, mIsStartFromKeyguard=false flags=0x0, mWCT=null, mIsOpenMergeToInValidPredictive=false}]}
06-07 20:22:32.778 V/WindowManagerShell( 4186): Transition doesn't have explicit remote, search filters for match for {id=2527 t=CLOSE f=0x10 trk=0 r=[0@Point(0, 0)] c=[{m=TO_FRONT f=SHOW_WALLPAPER|MOVE_TO_TOP leash=Surface(name=Task=1)/@0x799b6e1 sb=Rect(0, 0 - 720, 1604) eb=Rect(0, 0 - 720, 1604) epz=Point(720, 1604) d=0 taskParent=-1},{m=CLOSE f=NONE leash=Surface(name=Task=17212)/@0x5319c06 sb=Rect(0, 0 - 720, 1604) eb=Rect(0, 0 - 720, 1604) epz=Point(720, 1604) d=0 taskParent=-1},{m=TO_FRONT f=IS_WALLPAPER leash=Surface(name=WallpaperWindowToken{fb089ba showWhenLocked=false})/@0x64d72c7 sb=Rect(0, 0 - 720, 1604) eb=Rect(0, 0 - 720, 1604) epz=Point(720, 1604) d=0}] 
06-07 20:22:32.778 V/WindowManagerShell( 4186): extendInfo=[
06-07 20:22:32.778 V/WindowManagerShell( 4186):  OplusTransitionExtendedInfo{mTmpFinishT=null, mInOplusCompatMode=false, mIsProcessRunning=false, mHasMismatchBoundsTarget=false, mRecentsController=null, mRemoteTransition=null, mIsTranslucentActivityToHome=false, mAvoidInterceptKeyEventToHome=false, mIsFromHome=false, mParentLeash=null, mBackAnimClosingLeash=null, mIsOplusAnimRes=false, mKeepBgForContinuous=false, mIsBalAllow=false, mTaskNotInRecent=false, mIsPredictiveBackAnim=false, mIsMergedWithPredictive=false, mIsLaunchFromSpruce=false, mIsLaunchFromDrive=false, mGlobalSearchPageSwitch=false, mNeedNoAlphaGlobalSearchScene=false, mAssistScreenShowing=false, mSwipeUpBrowserScreenShowing=false, mUserIdTransition=0
06-07 20:22:32.778 V/WindowManagerShell( 4186): , mInRemoteScene=false, mInPreReady=false, mPreStart=false, mToken=null, mAbortByRemoteFromHome=false, mShellApplyToken=null, mRequestTransitionTaskId=17212, mAbortTransitionOnShell=0, mStartFromShortcut=false, mRemovedTaskId=-1, mTransitionInterruptType=0, mMergeSecondTaskId=-1, mTaskIdStartFromRecents=0, mTransitionId=2527, mCanUseSpringSlideAnim=false, mTransitionLaunchFrom=0, mFoldChangeType=-1, mAnimStartingPosition=[0, 0, 0, 0], mIsOpeningStkDialogActivity=false, mSecondaryHomeToFrontWhenUnFolding=false, mIsNeedApplyStartTForEmbedded=false
06-07 20:22:32.778 V/WindowManagerShell( 4186): , mNeedCanvasExitAnim=false, mMergeSecondTaskAnimation=false, mIsLaunchUnityStart=false, mIsLaunchFromAssistantByDefault=false, mSkipRemoteTransitionfalse, mIsStartFromKeyguard=false flags=0x0, mWCT=null, mIsOpenMergeToInValidPredictive=false}]}
06-07 20:22:32.778 V/WindowManagerShell( 4186):  Checking filter Pair{{types=[] flags=0x0] notFlags=0x100 checks=[{atype=home independent=true modes=[OPEN,TO_FRONT] flags=NONE mustBeTask=false order=TOP topActivity=ComponentInfo{com.android.launcher/com.android.launcher.Launcher} launchCookie=null windowingMode=undefined},{atype=standard independent=true modes=[CLOSE,TO_BACK] flags=NONE mustBeTask=false order=ANY topActivity=null launchCookie=null windowingMode=undefined}]} RemoteTransition { remoteTransition = android.window.IRemoteTransition$Stub$Proxy@3c248d7, appThread = android.app.IApplicationThread$Stub$Proxy@934b5c4, debugName = QuickstepLaunchHome }}
06-07 20:22:32.778 D/RemoteTransitionHandler( 4186): Found filterPair{{types=[] flags=0x0] notFlags=0x100 checks=[{atype=home independent=true modes=[OPEN,TO_FRONT] flags=NONE mustBeTask=false order=TOP topActivity=ComponentInfo{com.android.launcher/com.android.launcher.Launcher} launchCookie=null windowingMode=undefined},{atype=standard independent=true modes=[CLOSE,TO_BACK] flags=NONE mustBeTask=false order=ANY topActivity=null launchCookie=null windowingMode=undefined}]} RemoteTransition { remoteTransition = android.window.IRemoteTransition$Stub$Proxy@3c248d7, appThread = android.app.IApplicationThread$Stub$Proxy@934b5c4, debugName = QuickstepLaunchHome }}
06-07 20:22:32.778 V/WindowManagerShell( 4186):  Delegate animation for (#2527) to RemoteTransition { remoteTransition = android.window.IRemoteTransition$Stub$Proxy@3c248d7, appThread = android.app.IApplicationThread$Stub$Proxy@934b5c4, debugName = QuickstepLaunchHome }
06-07 20:22:32.778 D/OplusShellTransition( 4186): RemoteTransitionHandler, shell start remote animation, type: CLOSE
06-07 20:22:32.780 D/ClockTag_ClockWidget.ClockWidgetWeatherService( 1224): registerLocationResultNotifyObserver
06-07 20:22:32.781 D/RemoteAnimationRunnerCompat( 4091): Remote transition startAnimation, startFromLauncher: false, support nav anim: false, isPredictiveBackBlockablAnim: false, mIsAppLaunchTransition: null, info = {id=2527 t=CLOSE f=0x10 trk=0 r=[0@Point(0, 0)] c=[{m=TO_FRONT f=SHOW_WALLPAPER|MOVE_TO_TOP leash=Surface(name=Task=1)/@0x48280af sb=Rect(0, 0 - 720, 1604) eb=Rect(0, 0 - 720, 1604) epz=Point(720, 1604) d=0 taskParent=-1},{m=CLOSE f=NONE leash=Surface(name=Task=17212)/@0x5204cbc sb=Rect(0, 0 - 720, 1604) eb=Rect(0, 0 - 720, 1604) epz=Point(720, 1604) d=0 taskParent=-1},{m=TO_FRONT f=IS_WALLPAPER leash=Surface(name=WallpaperWindowToken{fb089ba showWhenLocked=false})/@0xb8a2445 sb=Rect(0, 0 - 720, 1604) eb=Rect(0, 0 - 720, 1604) epz=Point(720, 1604) d=0}] 
06-07 20:22:32.781 D/RemoteAnimationRunnerCompat( 4091): extendInfo=[
06-07 20:22:32.781 D/RemoteAnimationRunnerCompat( 4091):  OplusTransitionExtendedInfo{mTmpFinishT=null, mInOplusCompatMode=false, mIsProcessRunning=false, mHasMismatchBoundsTarget=false, mRecentsController=null, mRemoteTransition=null, mIsTranslucentActivityToHome=false, mAvoidInterceptKeyEventToHome=false, mIsFromHome=false, mParentLeash=null, mBackAnimClosingLeash=null, mIsOplusAnimRes=false, mKeepBgForContinuous=false, mIsBalAllow=false, mTaskNotInRecent=false, mIsPredictiveBackAnim=false, mIsMergedWithPredictive=false, mIsLaunchFromSpruce=false, mIsLaunchFromDrive=false, mGlobalSearchPageSwitch=false, mNeedNoAlphaGlobalSearchScene=false, mAssistScreenShowing=false, mSwipeUpBrowserScreenShowing=false, mUserIdTransition=0
06-07 20:22:32.781 D/RemoteAnimationRunnerCompat( 4091): , mInRemoteScene=false, mInPreReady=false, mPreStart=false, mToken=null, mAbortByRemoteFromHome=false, mShellApplyToken=android.os.BinderProxy@b128a35, mRequestTransitionTaskId=17212, mAbortTransitionOnShell=0, mStartFromShortcut=false, mRemovedTaskId=-1, mTransitionInterruptType=0, mMergeSecondTaskId=-1, mTaskIdStartFromRecents=0, mTransitionId=2527, mCanUseSpringSlideAnim=false, mTransitionLaunchFrom=0, mFoldChangeType=-1, mAnimStartingPosition=[0, 0, 0, 0], mIsOpeningStkDialogActivity=false, mSecondaryHomeToFrontWhenUnFolding=false, mIsNeedApplyStartTForEmbedded=false
06-07 20:22:32.781 D/RemoteAnimationRunnerCompat( 4091): , mNeedCanvasExitAnim=false, mMergeSecondTaskAnimation=false, mIsLaunchUnityStart=false, mIsLaunchFromAssistantByDefault=false, mSkipRemoteTransitionfalse, mIsStartFromKeyguard=false flags=0x0, mWCT=null, mIsOpenMergeToInValidPredictive=false}]}
06-07 20:22:32.781 D/RemoteAnimationRunnerCompat( 4091): Remote transition preStartOpen, supportPreStart: false, isPreStart: false, isOpenFromHome: false, is map contains: false
06-07 20:22:32.781 D/RemoteAnimationRunnerCompat( 4091): Remote transition startAnimation, isPreStart: false, isPreStartAnimRunning: false, mIsMultiOpenPreStart: false, mNeedReparentLauncher: false, mRemoteTransitionId: 2527, finish cb == null: false
06-07 20:22:32.783 D/ClockTag_ClockWidget.ClockWidgetWeatherService( 1224): ClockWidgetWeatherService onStartCommand
06-07 20:22:32.783 D/ClockTag_ClockWidget.ClockWidgetWeatherService( 1224): checkConfigChanged:true
06-07 20:22:32.783 D/BatteryChargeControl( 1895): bcc get no support from charging protocol
06-07 20:22:32.783 D/ClockTag_ClockWidgetState( 1224): system config, dual clock:0, split screen:0, color:-1/true, screenDisplayModel:0
06-07 20:22:32.785 D/ClockTag_ClockWidgetState( 1224): systemDualClock:0
06-07 20:22:32.786 W/RemoteAnimFrameRateManager( 4091): this os is not support dynamic frame rate .
06-07 20:22:32.786 D/ClockTag_ClockWidgetState( 1224): systemSplitScreenMode:false
06-07 20:22:32.786 D/AnimSeqTimeStamp( 4091): resetLastStartAppTime
06-07 20:22:32.786 D/AnimSeqTimeStamp( 4091): resetLastRecentFinishTime
06-07 20:22:32.786 D/RemoteAnimationTargetCompat( 4091): Clear the break param
06-07 20:22:32.786 D/ClockTag_ClockWidgetState( 1224): systemWallpaperColor:-1/true
06-07 20:22:32.786 I/RemoteAnimationRunnerCompat( 4091): Got app task 17212
06-07 20:22:32.787 D/TaskSnapshotCache( 3272): putSnapshot mRunningCache top= ActivityRecord{22799810 u0 com.saucelabs.mydemoapp.android/.view.activities.MainActivity t17212 f} isExiting}, mTaskId=17212, snapshot=TaskSnapshot{ mId=1780852952772 mCaptureTime=267053090232822 mTopActivityComponent=com.saucelabs.mydemoapp.android/.view.activities.MainActivity mSnapshot=android.hardware.HardwareBuffer@8bb016f (504x1122) mColorSpace=sRGB IEC61966-2.1 (id=0, model=RGB) mOrientation=1 mRotation=0 mTaskSize=Point(720, 1604) mOplusCompatMode=false mTopActivityBounds=[0,65][720,1604] mHasDimLayer=false mContentInsets=[0,65][0,0] mLetterboxInsets=[0,0][0,0] mIsLowResolution=false mIsRealSnapshot=true mWindowingMode=1 mAppearance=0 mIsTranslucent=false mHasImeSurface=false mInternalReferences=2 mUiMode=21, mAppIdMap size= 10
06-07 20:22:32.788 I/RemoteAnimationRunnerCompat( 4091): onAnimationStart, is calling, apps size: 2
06-07 20:22:32.788 D/RemoteAnimInflectUtil( 4091): getTaskLeashFromRemoteTarget: Surface(name=Task=1)/@0x48280af
06-07 20:22:32.788 D/RemoteAnimationUtil( 4091): initOplusField launchViewInfo:null
06-07 20:22:32.788 I/RemoteAnimationTargetCompat( 4091): New instance. RecentsTaskId:0, clientAnim: false, taskLeash: Surface(name=Task=1)/@0x48280af, leash: Surface(name=Surface(name=Task=1)/@0x48280af_transition-leash)/@0x70078cb
06-07 20:22:32.788 D/RemoteAnimInflectUtil( 4091): getTaskLeashFromRemoteTarget: Surface(name=Task=17212)/@0x5204cbc
06-07 20:22:32.788 D/RemoteAnimationUtil( 4091): initOplusField launchViewInfo:null
06-07 20:22:32.788 I/RemoteAnimationTargetCompat( 4091): New instance. RecentsTaskId:0, clientAnim: false, taskLeash: Surface(name=Task=17212)/@0x5204cbc, leash: Surface(name=Surface(name=Task=17212)/@0x5204cbc_transition-leash)/@0x80378a8
06-07 20:22:32.789 D/RemoteAnimInflectUtil( 4091): getTaskLeashFromRemoteTarget: Surface(name=WallpaperWindowToken{fb089ba showWhenLocked=false})/@0xb8a2445
06-07 20:22:32.789 D/RemoteAnimationUtil( 4091): initOplusField launchViewInfo:null
06-07 20:22:32.789 V/WindowManager( 3272): Sent Transition (#2527) createdAt=06-07 20:22:32.557 via request=TransitionRequestInfo { type = CLOSE, triggerTask = TaskInfo{userId=0 taskId=17212 effectiveUid=10319 displayId=0 isRunning=true baseIntent=Intent { act=android.intent.action.MAIN cat=[android.intent.category.LAUNCHER] flg=0x10200000 cmp=com.saucelabs.mydemoapp.android/.view.activities.SplashActivity mCallingUid=10221 } baseActivity=ComponentInfo{com.saucelabs.mydemoapp.android/com.saucelabs.mydemoapp.android.view.activities.MainActivity} topActivity=ComponentInfo{com.saucelabs.mydemoapp.android/com.saucelabs.mydemoapp.android.view.activities.MainActivity} origActivity=null realActivity=ComponentInfo{com.saucelabs.mydemoapp.android/com.saucelabs.mydemoapp.android.view.activities.SplashActivity}
06-07 20:22:32.789 V/WindowManager( 3272):  numActivities=1 lastActiveTime=267047348 supportsSplitScreenMultiWindow=true supportsMultiWindow=true supportsPocketStudioMultiWindow=true isInFlexibleEmbedded = false uid = 10319 pid = 18362 resizeMode=1 isResizeable=true minWidth=-1 minHeight=-1 defaultMinSize=220 token=WCT{RemoteToken{bd5676d Task{2298778 #17212 type=standard A=10319:com.saucelabs.mydemoapp.android}}} topActivityType=1 pictureInPictureParams=null shouldDockBigOverlays=false launchIntoPipHostTaskId=-1 lastParentTaskIdBeforePip=-1 displayCutoutSafeInsets=Rect(0, 0 - 0, 0)
06-07 20:22:32.789 V/WindowManager( 3272):  topActivityInfo=ActivityInfo{4063564 com.saucelabs.mydemoapp.android.view.activities.MainActivity} launchCookies=[android.os.BinderProxy@f27e3ee] positionInParent=Point(0, 0) parentTaskId=-1 isFocused=true isVisible=true isVisibleRequested=true isTopActivityNoDisplay=false isSleeping=false locusId=null displayAreaFeatureId=1 isTopActivityTransparent=false isActivityStackTransparent=false lastNonFullscreenBounds=Rect(192, 474 - 528, 1194) capturedLink=null capturedLinkTimestamp=0 requestedVisibleTypes=-9 topActivityRequestOpenInBrowserEducationTimestamp=0
06-07 20:22:32.789 V/WindowManager( 3272):  appCompatTaskInfo=AppCompatTaskInfo { topActivityInSizeCompat=false topActivityInOplusCompatMode=false eligibleForLetterboxEducation= false isLetterboxEducationEnabled= false isLetterboxDoubleTapEnabled= false eligibleForUserAspectRatioButton= false topActivityBoundsLetterboxed= false isFromLetterboxDoubleTap= false topActivityLetterboxVerticalPosition= -1 topActivityLetterboxHorizontalPosition= -1 topActivityLetterboxWidth=-1 topActivityLetterboxHeight=-1 topActivityAppBounds=Rect(0, 65 - 720, 1604) isUserFullscreenOverrideEnabled=false isSystemFullscreenOverrideEnabled=false hasMinAspectRatioOverride=false topActivityLetterboxBounds=null cameraCompatTaskInfo=CameraCompatTaskInfo { freeformCameraCompatMode=inactive}} topActivityMainWindowFrame=null topActivityLetterboxInsets=Rect(0, 0 - 0, 0)
06-07 20:22:32.789 V/WindowManager( 3272):  mOplusExtraBundle = Bundle[{androidx.flexible.taskFrame=Rect(0, 0 - 0, 0), topOpaqueSystemBarsAppearance=0, androidx.flexible.Alpha=1.0, androidx.activity.task.attach.blur=0, androidx.activity.LaunchInsensible=0, androidx.activity.LaunchCornerRadius=0, key_flexible_task_state=0, topActivitySupportAppInnerSplit=false, key_flexible_task_animating_type=-1, key_flexible_task_root_activity_processname=com.saucelabs.mydemoapp.android, androidx.activity.LaunchScenario=0, is_oplus_clone_task=false, flexible_super_mini_state=false, topRunningActivityHash=22799810, androidx.activity.LaunchScale=1.0, androidx.activity.LaunchShadowRadius=0, is_transient_hide_for_task_info=false, key_flexible_task_root_activity_pid=18362, key_flexible_task_root_activity_uid=10319}]}, pipChange = null, remoteTransition = null, displayChange = null, flags = 16, debugId = 2527 }
06-07 20:22:32.789 V/WindowManager( 3272):     startWCT=WindowContainerTransaction { changes= {} hops= [] errorCallbackToken=null taskFragmentOrganizer=null }
06-07 20:22:32.789 I/RemoteAnimationTargetCompat( 4091): New instance. RecentsTaskId:0, clientAnim: false, taskLeash: Surface(name=WallpaperWindowToken{fb089ba showWhenLocked=false})/@0xb8a2445, leash: Surface(name=WallpaperWindowToken{fb089ba showWhenLocked=false})/@0xb8a2445
06-07 20:22:32.789 V/WindowManager( 3272):     info={id=2527 t=CLOSE f=0x10 trk=0 r=[0@Point(0, 0)] c=[
06-07 20:22:32.789 V/WindowManager( 3272):         {WCT{RemoteToken{ebf0ab0 Task{5c0738a #1 type=home}}} m=TO_FRONT f=SHOW_WALLPAPER|MOVE_TO_TOP leash=Surface(name=Task=1)/@0xa9e3275 sb=Rect(0, 0 - 720, 1604) eb=Rect(0, 0 - 720, 1604) epz=Point(720, 1604) d=0 taskParent=-1},
06-07 20:22:32.789 V/WindowManager( 3272):         {WCT{RemoteToken{bd5676d Task{2298778 #17212 type=standard A=10319:com.saucelabs.mydemoapp.android}}} m=CLOSE f=NONE leash=Surface(name=Task=17212)/@0xa219e8d sb=Rect(0, 0 - 720, 1604) eb=Rect(0, 0 - 720, 1604) epz=Point(720, 1604) d=0 taskParent=-1},
06-07 20:22:32.789 V/WindowManager( 3272):         {m=TO_FRONT f=IS_WALLPAPER leash=Surface(name=WallpaperWindowToken{fb089ba showWhenLocked=false})/@0xc25a06a sb=Rect(0, 0 - 720, 1604) eb=Rect(0, 0 - 720, 1604) epz=Point(720, 1604) d=0}
06-07 20:22:32.789 V/WindowManager( 3272):     ] 
06-07 20:22:32.789 V/WindowManager( 3272): extendInfo=[
06-07 20:22:32.789 V/WindowManager( 3272):  OplusTransitionExtendedInfo{mTmpFinishT=null, mInOplusCompatMode=false, mIsProcessRunning=false, mHasMismatchBoundsTarget=false, mRecentsController=null, mRemoteTransition=null, mIsTranslucentActivityToHome=false, mAvoidInterceptKeyEventToHome=false, mIsFromHome=false, mParentLeash=null, mBackAnimClosingLeash=null, mIsOplusAnimRes=false, mKeepBgForContinuous=false, mIsBalAllow=false, mTaskNotInRecent=false, mIsPredictiveBackAnim=false, mIsMergedWithPredictive=false, mIsLaunchFromSpruce=false, mIsLaunchFromDrive=false, mGlobalSearchPageSwitch=false, mNeedNoAlphaGlobalSearchScene=false, mAssistScreenShowing=false, mSwipeUpBrowserScreenShowing=false, mUserIdTransition=0
06-07 20:22:32.789 V/WindowManager( 3272): , mInRemoteScene=false, mInPreReady=false, mPreStart=false, mToken=null, mAbortByRemoteFromHome=false, mShellApplyToken=null, mRequestTransitionTaskId=17212, mAbortTransitionOnShell=0, mStartFromShortcut=false, mRemovedTaskId=-1, mTransitionInterruptType=0, mMergeSecondTaskId=-1, mTaskIdStartFromRecents=0, mTransitionId=2527, mCanUseSpringSlideAnim=false, mTransitionLaunchFrom=0, mFoldChangeType=-1, mAnimStartingPosition=[0, 0, 0, 0], mIsOpeningStkDialogActivity=false, mSecondaryHomeToFrontWhenUnFolding=false, mIsNeedApplyStartTForEmbedded=false
06-07 20:22:32.789 V/WindowManager( 3272): , mNeedCanvasExitAnim=false, mMergeSecondTaskAnimation=false, mIsLaunchUnityStart=false, mIsLaunchFromAssistantByDefault=false, mSkipRemoteTransitionfalse, mIsStartFromKeyguard=false flags=0x0, mWCT=null, mIsOpenMergeToInValidPredictive=false}]}
06-07 20:22:32.789 V/WindowManagerShell( 4186):  animated by com.android.wm.shell.transition.RemoteTransitionHandler@4f397ef
06-07 20:22:32.789 D/OplusShellTransition( 4186): dispatchTransition, animated mHandler: com.android.wm.shell.transition.RemoteTransitionHandler@4f397ef
06-07 20:22:32.790 W/LauncherClient[u0]( 4091): isConnected false because mOverlay is null
06-07 20:22:32.790 W/LauncherJankManager[u0]( 4091): skipReport: JankScene(GO_HOME|2|0|4), reason: adaptive animation
06-07 20:22:32.790 I/[UAH_CLIENT]( 4091): UahEventAcquire, cmdid:86, pkg:none, identity:GpuBoost
06-07 20:22:32.791 D/BackgroundInstallControlService( 3272): Package event received: 0
06-07 20:22:32.795 I/TaskOrganizerController( 3272): onTaskInfoChanged taskid 1 config { mBounds=Rect(0, 0 - 720, 1604) mAppBounds=Rect(0, 0 - 720, 1604) mMaxBounds=Rect(0, 0 - 720, 1604) mDisplayRotation=ROTATION_0 mWindowingMode=fullscreen mActivityType=home mAlwaysOnTop=undefined mRotation=ROTATION_0}
06-07 20:22:32.797 D/OplusVisibleTasks( 3272):  notifyTasksNumChange no need to notify.
06-07 20:22:32.797 D/OplusFlexibleDragToSplitAnimController( 3272): visibleFlexibleTaskInfos delete:1
06-07 20:22:32.797 E/FlexibleWindowManagerService( 3272): notifyTaskObserverToAttachController not need to notify!
06-07 20:22:32.797 I/FlexibleWindowManagerService( 3272): onFlexibleWindowTaskInfoChanged, return for cur task not embedded
06-07 20:22:32.798 D/ShellTaskOrganizerExt( 4186): visibleFlexibleTaskInfos delete:1
06-07 20:22:32.798 I/BLASTSyncEngine( 3272): onCommitted syncId: 2527, timeout: false ran: false
06-07 20:22:32.798 D/ShellTaskOrganizerExt( 4186): isOnCanvas size:0
06-07 20:22:32.798 D/ShellTaskOrganizerExt( 4186): isOnThreeFlexibleCanvas size:0
06-07 20:22:32.802 I/InputDispatcher( 3272): updateFocusedWindow, 9f6b67a com.android.launcher/com.android.launcher.Launcher on display 0, reason: Window became focusable. Previous reason: NOT_VISIBLE, result:   FocusedWindows:
06-07 20:22:32.802 I/InputDispatcher( 3272):     displayId=0, name='9f6b67a com.android.launcher/com.android.launcher.Launcher'
06-07 20:22:32.802 I/ClockTag_ClockWidget.ClockWidgetManager( 1224): isRPlus = false
06-07 20:22:32.802 D/ClockTag_ClockWidget.ClockWidgetManager( 1224): allCheck: false
06-07 20:22:32.803 D/ClockTag_ClockWidget.BaseWidgetViewHelper( 1224): getLocalWeatherInfo isCommonWeatherServiceExist is true
06-07 20:22:32.803 D/ClockTag_ClockWidget.BaseWidgetViewHelper( 1224): getResidentWeatherInfo isCommonWeatherServiceExist=true 
06-07 20:22:32.803 D/ClockTag_PrefUtils( 1224): long key:clock_last_update_weather_time_key; value:1780852952803; commit:false
06-07 20:22:32.803 D/ClockTag_ClockWidget.BaseWidgetViewHelper( 1224): isExpVersion getCurClockType isDoubleClockOpened:false,localWeatherEntity:WeatherEntity{mDegree='32', mType='55', mDescription='Mostly clear', mCentigrade='°', mTimeZone='3.0', mParentCityCode='00300840031255', mLocationResultCode='-410003', sunriseTime='1780800803000', sunsetTime='1780851272000'},residentWeatherEntity:null
06-07 20:22:32.803 D/ClockTag_ClockWidget.ClockWidgetManager( 1224): init clock type:1->1
06-07 20:22:32.803 D/ClockTag_ClockWidget.BaseWidgetViewHelper( 1224): getLocalWeatherInfo isCommonWeatherServiceExist is true
06-07 20:22:32.803 D/ClockTag_ClockWidgetUtils( 1224): supportLandWidget false
06-07 20:22:32.803 D/ClockTag_ClockWidget.BaseWidgetViewHelper( 1224): requestDoubleWeatherInfo methodName=getDoubleCityWeatherDataAndUpdate isNeed=true
06-07 20:22:32.804 D/ClockTag_FoldScreenUtils( 1224): haveFold:false
06-07 20:22:32.804 D/ClockTag_ClockWidgetUtils( 1224): supportMultiWallpaper: false
06-07 20:22:32.804 D/ClockTag_OplusDateUtils( 1224): isTimeMillisDayTime -- hour = 20 sunriseTime:1780800803000 sunsetTime:1780851272000
06-07 20:22:32.804 D/ClockTag_WeatherResUtil( 1224): getOpWeatherIcon -- index:55 OP_WEATHER_ICON_LENGTH:71 correctWeatherIndex:68
06-07 20:22:32.807 I/AccessibilityWindowsPopulator( 3272): getInsensibleFlag flag = 0
06-07 20:22:32.808 D/VRI[Launcher]( 4091): onFocusEvent true
06-07 20:22:32.809 W/LauncherJankManager[u0]( 4091): skipReport: JankScene(GO_HOME|2|0|4), reason: adaptive animation
06-07 20:22:32.809 D/OplusGcSupressionExtImpl( 4091): callGcSupression : java.lang.NullPointerException: Attempt to invoke virtual method 'java.lang.Object java.lang.reflect.Method.invoke(java.lang.Object, java.lang.Object[])' on a null object reference
06-07 20:22:32.809 E/[OPLUS_AFS_CONFIG]( 4091): Failed to open AFS config file: /proc/oplus_afs_config/afs_config
06-07 20:22:32.809 E/AFS_CONFIG( 4091): Failed to get scene config
06-07 20:22:32.809 E/OplusAfsManager( 4091): afsConfigSceneConfigGet sceneType is null
06-07 20:22:32.810 I/[UAH_CLIENT]( 4091): UahEventAcquire, cmdid:86, pkg:none, identity:GpuBoost
06-07 20:22:32.810 D/ClockTag_ClockWidget.ClockWidgetManager( 1224): updateTimeAndDateInfo lunar:
06-07 20:22:32.810 D/ClockTag_ClockWidget.ClockWidgetManager( 1224): updateLocalData type:false weather:false time:true force:true
06-07 20:22:32.811 D/ClockTag_WidgetUpdateHelper( 1224): start update all widgets
06-07 20:22:32.811 D/ClockTag_WidgetUpdateHelper( 1224): skip update widget (cached absent): class com.coloros.widget.smallweather.OppoWeather
06-07 20:22:32.811 D/ClockTag_WidgetUpdateHelper( 1224): skip update widget (cached absent): class com.coloros.widget.smallweather.OppoWeatherSingle
06-07 20:22:32.811 D/ClockTag_WidgetUpdateHelper( 1224): getWidgetIds: class com.coloros.widget.smallweather.OppoWeatherMultiVertical
06-07 20:22:32.811 W/System.err( 4091): java.lang.NoSuchFieldException: No field mSnapshotBundle in class Landroid/window/TaskSnapshot; (declaration of 'android.window.TaskSnapshot' appears in /system/framework/framework.jar!classes5.dex)
06-07 20:22:32.812 W/System.err( 4091): 	at java.lang.Class.getDeclaredField(Native Method)
06-07 20:22:32.812 W/System.err( 4091): 	at com.oplus.basecommon.util.ReflectUtil.getFieldValue(SourceFile:4)
06-07 20:22:32.812 W/System.err( 4091): 	at com.oplus.basecommon.util.ReflectUtil.getFieldValue(SourceFile:1)
06-07 20:22:32.812 W/System.err( 4091): 	at com.oplus.basecommon.util.ReflectUtil.getRefBundle(SourceFile:0)
06-07 20:22:32.812 W/System.err( 4091): 	at com.android.systemui.shared.recents.model.ThumbnailData.<init>(SourceFile:31)
06-07 20:22:32.812 W/System.err( 4091): 	at com.android.systemui.shared.system.TaskStackChangeListeners$Impl.lambda$handleMessage$1(SourceFile:22)
06-07 20:22:32.812 W/System.err( 4091): 	at com.android.systemui.shared.system.TaskStackChangeListeners$Impl.b(SourceFile:0)
06-07 20:22:32.812 D/ClockTag_WidgetUpdateHelper( 1224): getWidgetViewProxy:320
06-07 20:22:32.812 W/System.err( 4091): 	at com.android.systemui.shared.system.m.run(SourceFile:6)
06-07 20:22:32.812 W/System.err( 4091): 	at com.android.quickstep.OplusTaskThumbnailCacheImpl.callTaskSnapshotChanged(SourceFile:62)
06-07 20:22:32.812 W/System.err( 4091): 	at com.android.systemui.shared.system.TaskStackChangeListeners$Impl.handleMessage(SourceFile:632)
06-07 20:22:32.812 W/System.err( 4091): 	at android.os.Handler.dispatchMessage(Handler.java:111)
06-07 20:22:32.812 W/System.err( 4091): 	at android.os.Looper.loopOnce(Looper.java:298)
06-07 20:22:32.812 W/System.err( 4091): 	at android.os.Looper.loop(Looper.java:408)
06-07 20:22:32.813 W/System.err( 4091): 	at com.android.launcher.monitor.exception.MainThreadExceptionMonitor.startWatching$lambda$2(SourceFile:14)
06-07 20:22:32.813 W/System.err( 4091): 	at com.android.launcher.monitor.exception.MainThreadExceptionMonitor.a(SourceFile:0)
06-07 20:22:32.813 W/System.err( 4091): 	at com.android.common.config.e.run(SourceFile:57)
06-07 20:22:32.813 W/System.err( 4091): 	at android.os.Handler.handleCallback(Handler.java:1027)
06-07 20:22:32.813 W/System.err( 4091): 	at android.os.Handler.dispatchMessage(Handler.java:108)
06-07 20:22:32.813 W/System.err( 4091): 	at android.os.Looper.loopOnce(Looper.java:298)
06-07 20:22:32.813 W/System.err( 4091): 	at android.os.Looper.loop(Looper.java:408)
06-07 20:22:32.813 W/System.err( 4091): 	at android.app.ActivityThread.main(ActivityThread.java:9964)
06-07 20:22:32.813 W/System.err( 4091): 	at java.lang.reflect.Method.invoke(Native Method)
06-07 20:22:32.813 W/System.err( 4091): 	at com.android.internal.os.RuntimeInit$MethodAndArgsCaller.run(RuntimeInit.java:613)
06-07 20:22:32.813 W/System.err( 4091): 	at com.android.internal.os.ZygoteInit.main(ZygoteInit.java:1074)
06-07 20:22:32.816 I/AccessibilityWindowsPopulator( 3272): getInsensibleFlag flag = 0
06-07 20:22:32.817 D/OplusSystemUINavigationGesture( 4091): packageName: com.android.launcher, systemGestureExclusionChanged region=SkRegion((0,0,720,1604)) list:
06-07 20:22:32.817 D/OplusSystemUINavigationGesture( 4091): systemGestureExclusionChanged rect=Rect(0, 0 - 720, 1604)
06-07 20:22:32.817 D/InputMethodManagerService( 3272): isSecurity: attribute.packageName = com.android.launcher mCurMethodId = com.google.android.inputmethod.latin/com.android.inputmethod.latin.LatinIME isSecurity = false ( enable = true needShow = false inBlackList = false isExist = true )
06-07 20:22:32.818 I/AccessibilityWindowsPopulator( 3272): getInsensibleFlag flag = 0
06-07 20:22:32.818 I/ImeTracker( 3272): com.android.launcher:73eb7b7a: onRequestHide at ORIGIN_SERVER reason HIDE_UNSPECIFIED_WINDOW fromUser false
06-07 20:22:32.818 I/DispPerfService( 1988): updateLayerMask 9
06-07 20:22:32.819 D/InsetsController( 4091): hide(ime(), fromIme=false)
06-07 20:22:32.819 I/ImeTracker( 4091): com.android.launcher:73eb7b7a: onCancelled at PHASE_CLIENT_ALREADY_HIDDEN
06-07 20:22:32.821 V/A11yInputMethod(18429): startInput(): editor=android.view.inputmethod.EditorInfo@5a9c6fb
06-07 20:22:32.821 V/A11yInputMethod(18429): CALL: doFinishInput
06-07 20:22:32.821 V/A11yInputMethod(18429): CALL: onFinishInput
06-07 20:22:32.822 D/ClockTag_WidgetUpdateHelper( 1224): updateWidget: [I@a35406c class com.coloros.widget.smallweather.OppoWeatherMultiVertical
06-07 20:22:32.822 D/ClockTag_WidgetUpdateHelper( 1224): relayoutAllWidget :[2]
06-07 20:22:32.822 D/ClockTag_ClockWidget.BaseClockWidget( 1224): relayoutWidget mLastClockType = 1 isClockAllOverTheme =false
06-07 20:22:32.822 D/ClockTag_ClockWidgetUtils( 1224): supportLandWidget false
06-07 20:22:32.823 D/ClockTag_ClockWidget.ClockWidgetManager( 1224): getIntentToStartApp action=com.oplus.alarmclock.AlarmClock category=null
06-07 20:22:32.823 I/WeatherS_WeatherBaseDataTask( 1224): Service has not started, bind update Service.
06-07 20:22:32.823 I/WeatherS_WeatherServiceManager( 1224): bindUpdateService false
06-07 20:22:32.823 I/GoogleInputMethodService( 6695): GoogleInputMethodService.onFinishInput():2259 
06-07 20:22:32.825 I/Module  ( 6695): DeviceLockedStatusModuleProvider$Module.updateDeviceLockedStatus():103 repeatCheckTimes = 0, locked = false
06-07 20:22:32.826 V/AutofillInlineSuggestionsRequestSession( 3272): onInputMethodFinishInput() received
06-07 20:22:32.826 I/GoogleInputMethodService( 6695): GoogleInputMethodService.onStartInput():1446 onStartInput(EditorInfo{EditorInfo{packageName=com.android.launcher, inputType=0, inputTypeString=NULL, enableLearning=false, autoCorrection=false, autoComplete=false, imeOptions=0, privateImeOptions=null, actionName=UNSPECIFIED, actionLabel=null, initialSelStart=-1, initialSelEnd=-1, initialCapsMode=0, label=null, fieldId=0, fieldName=null, extras=Bundle[{com.oplus.im.WINDOW_MODE=1, com.oplus.im.SCENES=0}], hintText=null, hintLocales=[]}}, false)
06-07 20:22:32.827 I/AndroidIME( 6695): LatinIMEBase.updateInputViewCoverNavigation():322 Update input view padding, isNavbarOverInputWindow=true, bottom inset=88
06-07 20:22:32.827 V/AutofillInlineSuggestionsRequestSession( 3272): onInputMethodStartInput() received on 0
06-07 20:22:32.828 I/Module  ( 6695): DeviceLockedStatusModuleProvider$Module.updateDeviceLockedStatus():103 repeatCheckTimes = 1, locked = false
06-07 20:22:32.828 D/WindowManager( 3272): setFrameRateStart invalid typeId return!
06-07 20:22:32.829 I/ImeTracker( 3272): system_server:19046d81: onRequestHide at ORIGIN_SERVER reason IME_REQUESTED_CHANGED_LISTENER fromUser false
06-07 20:22:32.829 I/ImeTracker( 3272): system_server:19046d81: onCancelled at PHASE_SERVER_SHOULD_HIDE
06-07 20:22:32.830 W/PackageConfigPersister( 3272): App-specific configuration not found for packageName: com.android.launcher and userId: 0
06-07 20:22:32.830 D/PackageDisabledManager( 1224): pkg com.coloros.weather2  status  is 0
06-07 20:22:32.830 D/RateLimit( 3272): decrementToken , current = 5, offset = 1
06-07 20:22:32.831 D/PackageDisabledManager( 1224): pkg net.oneplus.weather  status  is 2
06-07 20:22:32.832 D/ClockTag_ClockWidget.BaseWidgetViewHelper( 1224): getLocalWeatherInfo isCommonWeatherServiceExist is true
06-07 20:22:32.833 D/ClockTag_ClockWidgetState( 1224): systemWallpaperColor:-1/true
06-07 20:22:32.833 D/ClockTag_ClockWidget.ClockWidgetManager( 1224): updateTextColor -- str = -1/true, colors size = 2
06-07 20:22:32.833 D/ClockTag_ClockWidget.ClockWidgetManager( 1224): updateTextColor, color: ffffffff, mDrawTextShadow = true, mCurDividerLineColor = 4dffffff
06-07 20:22:32.833 D/ClockTag_ClockWidget.BaseClockWidget( 1224): updateTextViewColor color = -1
06-07 20:22:32.833 V/GrammaticalInflectionUtils( 3272): AttributionSource: android.content.AttributionSource@6198f24c does not have READ_SYSTEM_GRAMMATICAL_GENDER permission.
06-07 20:22:32.835 D/ClockTag_CommonUtil( 1224): isAddZero language:en
06-07 20:22:32.835 D/ClockTag_ClockWidget.BaseClockWidget( 1224): updateTimeFormat:HH
06-07 20:22:32.836 D/ClockTag_ClockWidget.BaseClockWidget( 1224): updateDataFormat dataFormat=EEE, MMM d
06-07 20:22:32.836 D/ClockTag_ClockWidget.BaseClockWidget( 1224): updateDataFormat:EEE, MMM d
06-07 20:22:32.846 D/ClockTag_DeviceUtils( 1224): isDisableWeatherTemperature false
06-07 20:22:32.846 D/ClockTag_ClockWidget.BaseClockWidget( 1224): localWeatherInfo = 32‎°‎
06-07 20:22:32.849 D/Zygote  ( 1707): Forked child process 18498
06-07 20:22:32.850 I/ActivityManager( 3272): Start proc 18498:com.coloros.weather.service/u0a202 for service {com.coloros.weather.service/com.oplus.weather.external.WeatherCommonService}
06-07 20:22:32.850 I/ActivityManager( 3272): ProcessObserver broadcast disabled
06-07 20:22:32.851 I/OStatsManager_OplusBatteryStatsManager( 3272): updateStateTime: PkgName = com.coloros.weather.service, uid = 10202, state to bg, mForegroundCnt = 0, isFg = false
06-07 20:22:32.855 D/ClockTag_ClockWidget.BaseClockWidget( 1224): TextSize ratio:1.0;false
06-07 20:22:32.857 D/ClockTag_WidgetUpdateHelper( 1224): relayoutAllWidgets widgetIds: [2] remoteView:android.widget.RemoteViews@99f7996
06-07 20:22:32.858 I/AppWidgetManager( 1224): updateAppWidgetIds, mPackageName: com.coloros.alarmclock, appWidgetIds: [2], views:android.widget.RemoteViews@99f7996
06-07 20:22:32.860 D/AppWidgetServiceImpl( 3272): updateAppWidgetIds remoteViews = android.widget.RemoteViews@b8fa30a
06-07 20:22:32.860 D/AppWidgetServiceImpl( 3272): action size = 34
06-07 20:22:32.860 I/AppWidgetServiceImpl( 3272): lookupWidgetLocked widgetId=2, uid=10186, packageName=com.coloros.alarmclock, mWidgets.size=3
06-07 20:22:32.860 I/AppWidgetServiceImpl( 3272): isDifferentPackageFromProvider provider.id=ProviderId{user:0, app:10186, cmp:ComponentInfo{com.coloros.alarmclock/com.coloros.widget.smallweather.OppoWeatherMultiVertical}}, provider.id.componentName=ComponentInfo{com.coloros.alarmclock/com.coloros.widget.smallweather.OppoWeatherMultiVertical}, packageName=com.coloros.alarmclock, providerpackgename=com.coloros.alarmclock
06-07 20:22:32.861 I/AppWidgetServiceImpl( 3272): updateViews: 59877243 widget:AppWidgetId{2:Host{HostId{user:0, app:10221, hostId:1024, pkg:com.android.launcher}}:Provider{ProviderId{user:0, app:10186, cmp:ComponentInfo{com.coloros.alarmclock/com.coloros.widget.smallweather.OppoWeatherMultiVertical}}}}
06-07 20:22:32.861 I/AppWidgetServiceImpl( 3272): handleNotifyUpdateAppWidget,appWidgetId: 2,packageName:com.coloros.alarmclock
06-07 20:22:32.862 D/ClockTag_WidgetUpdateHelper( 1224): relayoutAllWidgets finished
06-07 20:22:32.862 D/AppWidgetServiceImpl( 3272): Trying to notify widget update for package com.coloros.alarmclock with widget id: 2 callbacks:com.android.internal.appwidget.IAppWidgetHost$Stub$Proxy@a2df998
06-07 20:22:32.862 D/ClockTag_WidgetUpdateHelper( 1224): skip update widget (cached absent): class com.coloros.widget.smallweather.OppoWeatherVertical
06-07 20:22:32.862 D/ClockTag_WidgetUpdateHelper( 1224): end update all widgets
06-07 20:22:32.863 D/AppWidgetHostView( 4091): inflateAsync(rvToApply), appWidgetId: 2
06-07 20:22:32.875 E/weather.service(18498): Unknown bits set in runtime_flags: 0x40000000
06-07 20:22:32.876 I/weather.service(18498): Using generational CollectorTypeCMC GC.
06-07 20:22:32.893 D/nativeloader(18498): Load libframework-connectivity-tiramisu-jni.so using APEX ns com_android_tethering for caller /apex/com.android.tethering/javalib/framework-connectivity-t.jar: ok
06-07 20:22:32.901 D/OplusActivityThreadExtImpl(18498): java.lang.NoSuchMethodException: dalvik.system.VMRuntime.SupressionGC [int, int]
06-07 20:22:32.901 W/libc    (18498): Access denied finding property "persist.vendor.sys.activitylog"
06-07 20:22:32.901 I/OneTrace(18498): Mark active for pid=18498? true
06-07 20:22:32.901 D/cutils-dev(18498): otrace_set_tracing_enabled? true tag:0
06-07 20:22:32.902 D/cutils-dev(18498): properties changed in otrace_seq_number_changed!
