06-07 20:22:27.089 V/A11yInputMethod(18429): CALL: doFinishInput
06-07 20:22:27.089 V/A11yInputMethod(18429): CALL: onFinishInput
06-07 20:22:27.091 V/AutofillInlineSuggestionsRequestSession( 3272): onInputMethodFinishInput() received
06-07 20:22:27.091 I/GoogleInputMethodService( 6695): GoogleInputMethodService.onFinishInput():2259 
06-07 20:22:27.093 I/Module  ( 6695): DeviceLockedStatusModuleProvider$Module.updateDeviceLockedStatus():103 repeatCheckTimes = 0, locked = false
06-07 20:22:27.094 V/AutofillInlineSuggestionsRequestSession( 3272): onInputMethodStartInput() received on 0
06-07 20:22:27.094 I/GoogleInputMethodService( 6695): GoogleInputMethodService.onStartInput():1446 onStartInput(EditorInfo{EditorInfo{packageName=com.saucelabs.mydemoapp.android, inputType=0, inputTypeString=NULL, enableLearning=false, autoCorrection=false, autoComplete=false, imeOptions=0, privateImeOptions=null, actionName=UNSPECIFIED, actionLabel=null, initialSelStart=-1, initialSelEnd=-1, initialCapsMode=0, label=null, fieldId=0, fieldName=null, extras=Bundle[{com.oplus.im.WINDOW_MODE=1, com.oplus.im.SCENES=0}], hintText=null, hintLocales=[]}}, false)
06-07 20:22:27.094 I/AndroidIME( 6695): LatinIMEBase.updateInputViewCoverNavigation():322 Update input view padding, isNavbarOverInputWindow=true, bottom inset=88
06-07 20:22:27.095 D/WindowManager( 3272): setFrameRateStart invalid typeId return!
06-07 20:22:27.095 I/Module  ( 6695): DeviceLockedStatusModuleProvider$Module.updateDeviceLockedStatus():103 repeatCheckTimes = 1, locked = false
06-07 20:22:27.096 I/ImeTracker( 3272): system_server:3b90594f: onRequestHide at ORIGIN_SERVER reason IME_REQUESTED_CHANGED_LISTENER fromUser false
06-07 20:22:27.096 I/ImeTracker( 3272): system_server:3b90594f: onCancelled at PHASE_SERVER_SHOULD_HIDE
06-07 20:22:27.097 W/PackageConfigPersister( 3272): App-specific configuration not found for packageName: com.saucelabs.mydemoapp.android and userId: 0
06-07 20:22:27.103 D/OplusPredictiveBackController(18362): initPredictiveBackConfig for com.saucelabs.mydemoapp.android.view.activities.MainActivity@6a213cb initPredictiveBackConfig mShouldInterceptKeyEvent false
06-07 20:22:27.103 D/WindowOnBackDispatcher(18362):  predictive settings is disabled for com.saucelabs.mydemoapp.android
06-07 20:22:27.136 D/ScrollOptimizationHelper(18362): can't find the config file for optimizaiton
06-07 20:22:27.136 D/ScrollOptimizationHelper(18362): will not debug for debug is false
06-07 20:22:27.144 I/APS_ALOG(12088): flushRoutine g_immediateFlush=0 g_pendingCount=0 g_oobCount=0 asan-debug7
06-07 20:22:27.144 E/APS_ALOG(12088): CAM_ALOG_LIMIT,Fatal Err! mFd -1
06-07 20:22:27.144 E/APS_ALOG(12088): CAM_ALOG_LIMIT,Fatal Err! FilePath nullptr!
06-07 20:22:27.144 I/APS_ALOG(12088): CAM_ALOG_LIMIT, re-create file!
06-07 20:22:27.145 E/APS_ALOG(12088): Failed to open directory
06-07 20:22:27.145 I/APS_ALOG(12088): spaceCheck: freeSpace(70745) totalSpace(105811)
06-07 20:22:27.145 I/APS_ALOG(12088): spaceCheck: threshold(5120) isEnough(1)
06-07 20:22:27.145 I/APS_ALOG(12088): open sUseALog(0) sEnable(0) sSpaceOK(1) sFlushThreadRunning(1) sEncryptEnable(0)
06-07 20:22:27.145 E/APS_ALOG(12088): FileALogWriter: file open failed /data/vendor/cam_alog_2026_0607_202227_12088_01.txt
06-07 20:22:27.145 E/APS_ALOG(12088): Unable to open file. Please disable SELinux and restart camerahalserver. !!!
06-07 20:22:27.153 I/SystemUiProxy( 4091): SystemUiProxy#getRecentTasks isInGoRecentsAnim: false
06-07 20:22:27.155 D/ActivityTaskManager( 3272): Skipping, invisible task: Task{8902a2e #5 type=home I=com.android.launcher/.Launcher}
06-07 20:22:27.155 D/OplusSplitScreenManagerService( 3272): com.android.settings unSupportsSplitScreen by blockList or ForbidActivityList
06-07 20:22:27.155 D/RecentTasksExtImpl( 3272): isExcludeFromRecents scenario:0 task:Task{43cf80 #17210 type=standard A=10226:com.android.systemui} embedded:false res:true
06-07 20:22:27.155 D/ActivityTaskManager( 3272): Skipping, invisible task by policy range: Task{43cf80 #17210 type=standard A=10226:com.android.systemui},position:4
06-07 20:22:27.157 D/ActivityTaskManager( 3272): after skip size:8,pre-Filtered:com.saucelabs.mydemoapp.android # com.medisafe.android.client # com.android.settings # com.google.android.googlequicksearchbox # com.whatsapp # com.coloros.gallery3d # com.android.chrome # com.android.vending # 
06-07 20:22:27.176 W/UserAwareMgr( 3272): event can not be released, id: 1010, count: 678, releasePid: 3272
06-07 20:22:27.183 E/OplusCustomizeRestrictionManager(18362): sInstance is null, start a new sInstance
06-07 20:22:27.228 I/Quality (18362): InflateViewInfo:100125208,androidx.drawerlayout.widget.DrawerLayout
06-07 20:22:27.277 W/OPLUS_LOG_LOAD( 4186): ==LOGS PROG INFO, prog(com.android.systemui) ==
06-07 20:22:27.277 I/SystemUi--NavBar( 4186): NoBackGesture-->display_id_0 updateGestureAreaRatio newSize: 44.0 ,mBottomGestureAreaHeightInMistouch: 44
06-07 20:22:27.277 I/SystemUi--NavBar( 4186): NoBackGesture-->display_id_0 updateGestureBottomArea: mBottomGestureAreaHeight = 44
06-07 20:22:27.278 E/OplusInputManagerService_jni( 3272): updateInvalidRegion start!!!
06-07 20:22:27.278 E/InputDispatcherExtImpl( 3272): rectF left: 0.000000, top: 1560.000000, right: 720.000000, bottom: 1604.000000 offset_left: 0.000000, offset_top: -52.000000, offset_right: 0.000000, offset_bottom: 0.000000, isClosedRegion:0
06-07 20:22:27.278 W/InputDispatcherExtImpl( 3272): invalidRegions and dispatchRegions map setted, key: homegesture_displayid_0
06-07 20:22:27.279 E/OplusInputManagerService_jni( 3272): updateInvalidRegion start!!!
06-07 20:22:27.279 E/OplusInputManagerService_jni( 3272): updateInvalidRegion start!!!
06-07 20:22:27.286 D/AppSenseConfig( 4857): getIgnoreAppList: [com.android.launcher, com.android.contacts, com.oplus.wirelesssettings, com.coloros.alarmclock, com.coloros.calculator, com.coloros.calendar, com.coloros.phonemanager, com.android.settings, com.android.phone, com.oplus.nas, com.oplus.nhs, com.oplus.appdetail, com.android.permissioncontroller, com.oplus.pscanvas, com.oplus.autotest.test.ctp, com.android.systemui, com.android.systemui.overlay.fingerprint.anim.fy, com.android.systemui.overlay.fingerprint.anim.qy, com.android.systemui.overlay.fingerprint.anim.sw, com.android.systemui.overlay.fingerprint.anim.xw, com.android.systemui.overlay.fingerprint.anim.ccyh, com.android.systemui.overlay.fingerprint.anim.halo, com.android.systemui.overlay.fingerprint.anim.jslz, com.android.systemui.overlay.fingerprint.anim.none, com.android.systemui.overlay.fingerprint.anim.xklc]
06-07 20:22:27.287 D/AppSenseConfig( 4857): getIgnoreAppList: [com.android.launcher, com.android.contacts, com.oplus.wirelesssettings, com.coloros.alarmclock, com.coloros.calculator, com.coloros.calendar, com.coloros.phonemanager, com.android.settings, com.android.phone, com.oplus.nas, com.oplus.nhs, com.oplus.appdetail, com.android.permissioncontroller, com.oplus.pscanvas, com.oplus.autotest.test.ctp, com.android.systemui, com.android.systemui.overlay.fingerprint.anim.fy, com.android.systemui.overlay.fingerprint.anim.qy, com.android.systemui.overlay.fingerprint.anim.sw, com.android.systemui.overlay.fingerprint.anim.xw, com.android.systemui.overlay.fingerprint.anim.ccyh, com.android.systemui.overlay.fingerprint.anim.halo, com.android.systemui.overlay.fingerprint.anim.jslz, com.android.systemui.overlay.fingerprint.anim.none, com.android.systemui.overlay.fingerprint.anim.xklc]
06-07 20:22:27.287 D/ActivityAdapter( 4857): taskChange: pre: 0, cur: 1, changed:true
06-07 20:22:27.287 D/ActivityAdapter( 4857): notifyActivityQuery: [com.saucelabs.mydemoapp.android; com.saucelabs.mydemoapp.android.view.activities.SplashActivity; 1; COMMON; 10319]
06-07 20:22:27.287 D/OPlusFrontAppManager( 4857): useAdapterResult, pkg=com.saucelabs.mydemoapp.android,activity=com.saucelabs.mydemoapp.android.view.activities.SplashActivity,result=true
06-07 20:22:27.288 D/OPlusFrontAppManager( 4857): decide -->> [com.saucelabs.mydemoapp.android; com.saucelabs.mydemoapp.android.view.activities.SplashActivity; 1; COMMON; 10319]
06-07 20:22:27.288 D/ConferenceScene( 4857): pkg:com.saucelabs.mydemoapp.android, activity:com.saucelabs.mydemoapp.android.view.activities.SplashActivity, appSense:COMMON
06-07 20:22:27.288 D/NetworkUtils( 4857): list1 size 1,list2 size0
06-07 20:22:27.289 D/Subsys-ScoreAppManager( 4857): handleMessage what:2
06-07 20:22:27.289 D/Subsys-ScoreAppManager( 4857): EVENT_ID_APP_SENSE_CHANGE  onFrontActivityChanged
06-07 20:22:27.289 D/Subsys-ScoreAppManager( 4857): appSceneChange fgAppUnits size 1 fgAppUnits [{pkgName:com.saucelabs.mydemoapp.android,activityName:,winMode:1,event:COMMON,type:0,subEvent:0,pid:18362,uid:10319}] mLastNetworkList[134]
06-07 20:22:27.289 D/Subsys-ScoreAppManager( 4857): createApp
06-07 20:22:27.289 D/CommonApp-134-10319( 4857): init22
06-07 20:22:27.289 D/AppSenseClient( 3272): handleMessage: 100
06-07 20:22:27.289 D/NetworkService[0]( 4857): getIfIndexByNetid netId:134,ifName:wlan0,ifIndex:37
06-07 20:22:27.289 D/AppSenseClient( 3272): handleSenseEvent appInfoUnits: {pkgName:com.saucelabs.mydemoapp.android,activityName:com.saucelabs.mydemoapp.android.view.activities.SplashActivity,winMode:1,event:COMMON,type:0,subEvent:0,pid:18362,uid:10319},
06-07 20:22:27.289 D/NetworkService[0]( 4857): getIfIndexByNetid netId:134,ifName:wlan0,ifIndex:37
06-07 20:22:27.289 D/AppSenseClient( 3272): handleSenseEvent clients: 1
06-07 20:22:27.289 D/AppSenseClient( 3272): handleSenseEvent clientId: 109492587
06-07 20:22:27.290 D/AppSenseClient( 3272): notifyAppEvent: pkgName: com.saucelabs.mydemoapp.android,activityName:com.saucelabs.mydemoapp.android.view.activities.SplashActivity;state: 1;event: COMMON;type: 0;subEvent: 0;pid: 18362;uid: 10319
06-07 20:22:27.290 D/CommonApp-134-10319( 4857): BaseApp init, mNetId 134 mIfIndex 37 network 134
06-07 20:22:27.290 D/AppSenseClient( 3272): notifyAppChanges: [{pkgName:com.saucelabs.mydemoapp.android,activityName:com.saucelabs.mydemoapp.android.view.activities.SplashActivity,winMode:1,event:COMMON,type:0,subEvent:0,pid:18362,uid:10319}]
06-07 20:22:27.290 D/SceneService( 4857): handleMessage what:1004
06-07 20:22:27.290 E/PhoneInterfaceManager( 4699): getServiceStateForSlot retuning null for invalid slotIndex=-1
06-07 20:22:27.290 D/SceneService( 4857): notifyAppSceneChanged original mode:{live:0,video:0,voice call:0,video call:0,live host:0,game:0,meeting:0,news:0,file transfer:0},appInfoUnit:[{pkgName:com.saucelabs.mydemoapp.android,activityName:,winMode:1,event:COMMON,type:0,subEvent:0,pid:18362,uid:10319}]
06-07 20:22:27.291 D/AppSenseClient( 4699): handleMessage: 100
06-07 20:22:27.291 D/AppSenseClient( 4699): handleSenseEvent appInfoUnits: {pkgName:com.saucelabs.mydemoapp.android,activityName:com.saucelabs.mydemoapp.android.view.activities.SplashActivity,winMode:1,event:COMMON,type:0,subEvent:0,pid:18362,uid:10319},
06-07 20:22:27.291 D/AppSenseClient( 4699): handleSenseEvent clients: 1
06-07 20:22:27.291 D/AppSenseClient( 4699): handleSenseEvent clientId: 87041057
06-07 20:22:27.291 D/AppSenseClient( 4699): notifyAppEvent: pkgName: com.saucelabs.mydemoapp.android,activityName:com.saucelabs.mydemoapp.android.view.activities.SplashActivity;state: 1;event: COMMON;type: 0;subEvent: 0;pid: 18362;uid: 10319
06-07 20:22:27.291 D/AppSenseClient( 4699): notifyAppChanges: [{pkgName:com.saucelabs.mydemoapp.android,activityName:com.saucelabs.mydemoapp.android.view.activities.SplashActivity,winMode:1,event:COMMON,type:0,subEvent:0,pid:18362,uid:10319}]
06-07 20:22:27.291 D/CommonApp-134-10319( 4857): choiceScoreWay
06-07 20:22:27.291 D/CommonApp-134-10319( 4857): useTraditionalScore
06-07 20:22:27.291 D/CommonApp-134-10319( 4857): initState
06-07 20:22:27.291 D/CommonApp-134-10319( 4857): createScenarios
06-07 20:22:27.291 D/CommonApp-134-10319( 4857): init end
06-07 20:22:27.292 D/Subsys-ScoreAppManager( 4857): unit: {pkgName:com.saucelabs.mydemoapp.android,activityName:,winMode:1,event:COMMON,type:0,subEvent:0,pid:18362,uid:10319}
06-07 20:22:27.292 D/CommonApp-134-10319( 4857): CommonState enter
06-07 20:22:27.292 D/CommonApp-134-10319( 4857): DefaultState EVENT_INIT_STATE_COMPLETE
06-07 20:22:27.292 D/AppSenseClient( 4771): handleMessage: 100
06-07 20:22:27.292 D/CommonApp-134-10319( 4857): startDataCollection
06-07 20:22:27.292 D/CommonApp-134-10319( 4857): current network isn't cellular,not need enable modem report
06-07 20:22:27.292 D/AppSenseClient( 4771): handleSenseEvent appInfoUnits: {pkgName:com.saucelabs.mydemoapp.android,activityName:com.saucelabs.mydemoapp.android.view.activities.SplashActivity,winMode:1,event:COMMON,type:0,subEvent:0,pid:18362,uid:10319},
06-07 20:22:27.292 D/AppSenseClient( 4771): handleSenseEvent clients: 1
06-07 20:22:27.292 D/NetlinkUtils( 4857): sendToKernel byteBuffer:java.nio.HeapByteBuffer[pos=32 lim=32 cap=32],nlmsg_pid:4857,nlmsg_type:56,cmdType:1,type:9,nla_len:12
06-07 20:22:27.292 D/AppSenseClient( 4771): handleSenseEvent clientId: 61116671
06-07 20:22:27.292 D/AppSenseClient( 4771): notifyAppEvent: pkgName: com.saucelabs.mydemoapp.android,activityName:com.saucelabs.mydemoapp.android.view.activities.SplashActivity;state: 1;event: COMMON;type: 0;subEvent: 0;pid: 18362;uid: 10319
06-07 20:22:27.292 D/NetlinkUtils( 4857): sendTransportScoreInfo result:true
06-07 20:22:27.292 D/AppSenseClient( 4771): notifyAppChanges: [{pkgName:com.saucelabs.mydemoapp.android,activityName:com.saucelabs.mydemoapp.android.view.activities.SplashActivity,winMode:1,event:COMMON,type:0,subEvent:0,pid:18362,uid:10319}]
06-07 20:22:27.292 D/Subsys-ScoreAppManager( 4857): handleMessage what:40
06-07 20:22:27.292 D/Subsys-ScoreAppManager( 4857): EVENT_SCORE_STATE_INFOtrue
06-07 20:22:27.293 D/NhsAppSenseListener( 4771): onAppEvent enter
06-07 20:22:27.293 D/NhsAppSenseListener( 4771): new event: event=0, state=1, pkg=com.saucelabs.mydemoapp.android, type=0, subEvent=0
06-07 20:22:27.293 D/ScorePolicyManager( 4857): handleMessage: SCORE_STATE_CHANGEtrue
06-07 20:22:27.293 D/NhsAppSenseListener( 4771): onAppChanged, app list size: 1
06-07 20:22:27.293 D/AppSenseClient( 4762): handleMessage: 100
06-07 20:22:27.293 D/AppSenseClient( 4762): handleSenseEvent appInfoUnits: {pkgName:com.saucelabs.mydemoapp.android,activityName:com.saucelabs.mydemoapp.android.view.activities.SplashActivity,winMode:1,event:COMMON,type:0,subEvent:0,pid:18362,uid:10319},
06-07 20:22:27.293 D/AppSenseService( 4857): notifySenseEvent: {pkgName:com.saucelabs.mydemoapp.android,activityName:com.saucelabs.mydemoapp.android.view.activities.SplashActivity,winMode:1,event:COMMON,type:0,subEvent:0,pid:18362,uid:10319},
06-07 20:22:27.293 D/AppSenseClient( 4762): handleSenseEvent clients: 1
06-07 20:22:27.293 D/AppSenseClient( 4762): handleSenseEvent clientId: 183680109
06-07 20:22:27.293 D/AppSenseClient( 4762): notifyAppEvent: pkgName: com.saucelabs.mydemoapp.android,activityName:com.saucelabs.mydemoapp.android.view.activities.SplashActivity;state: 1;event: COMMON;type: 0;subEvent: 0;pid: 18362;uid: 10319
06-07 20:22:27.293 D/AppSenseClient( 4762): notifyAppChanges: [{pkgName:com.saucelabs.mydemoapp.android,activityName:com.saucelabs.mydemoapp.android.view.activities.SplashActivity,winMode:1,event:COMMON,type:0,subEvent:0,pid:18362,uid:10319}]
06-07 20:22:27.293 D/NAS-DataSceneEvent( 4762): onAppEvent enter
06-07 20:22:27.293 D/NAS-DataSceneEvent( 4762): new event: event=0, state=1, pkg=com.saucelabs.mydemoapp.android, type=0, subEvent=0
06-07 20:22:27.293 D/NAS-DataSceneEvent( 4762): onAppChanged, app list size: 1
06-07 20:22:27.294 D/NAS-DataSceneEvent( 4762): updateAppSenseChange [{pkgName:com.saucelabs.mydemoapp.android,activityName:com.saucelabs.mydemoapp.android.view.activities.SplashActivity,winMode:1,event:COMMON,type:0,subEvent:0,pid:18362,uid:10319}]
06-07 20:22:27.295 D/AppDatabase(18362): Getting the database instance
06-07 20:22:27.295 D/AppDatabase(18362): Getting the database instance
06-07 20:22:27.296 E/OplusNetlinkConnect( 4762): parse rsp msg failed!Message missing required fields: header
06-07 20:22:27.306 I/ContentCaptureHelper(18362): Setting logging level to OFF
06-07 20:22:27.307 D/ActivityThread(18362): ComponentInfo{com.saucelabs.mydemoapp.android/com.saucelabs.mydemoapp.android.view.activities.MainActivity} checkFinished=false 2
06-07 20:22:27.308 D/ResourcesManagerExtImpl(18362): applyConfigurationToAppResourcesLocked app.getDisplayId() return callback.displayId:0
06-07 20:22:27.308 V/AutofillClientController(18362): onActivityResumed()
06-07 20:22:27.309 D/AutofillManager(18362): Fill dialog is enabled:false, hints=[]
06-07 20:22:27.314 V/AutofillClientController(18362): onActivityPostResumed()
06-07 20:22:27.315 V/AutofillClientController(18362): onActivityPostResumed(): Relayout fix enabled
06-07 20:22:27.315 V/AutofillClientController(18362): forResume(): Not attempting refill.
06-07 20:22:27.320 D/WindowManager(18362): Add to mViews: com.android.internal.policy.DecorView{26e8105 I.E...... R.....ID 0,0-0,0 alpha=1.0 viewInfo = }[MainActivity],pkg= com.saucelabs.mydemoapp.android
06-07 20:22:27.321 D/skia    (18362): setRusSupported enable 0
06-07 20:22:27.330 D/WindowManager( 3272): attachImeScreenshotOnTargetIfNeeded, mImeHiding = false, requestedVisibleTypes = -9
06-07 20:22:27.330 I/WindowManager( 3272): addWindow: New client android.os.BinderProxy@c888aa5 : window=Window{ff7e7a u0 com.saucelabs.mydemoapp.android/com.saucelabs.mydemoapp.android.view.activities.MainActivity}
06-07 20:22:27.333 D/ViewRootImplExtImpl(18362): onDisplayChanged -1 for VRI android.view.ViewRootImpl@5560c68
06-07 20:22:27.339 D/JobSchedulerServiceExtImpl( 3272): updateOsenseRestrictMode for 1 false false
06-07 20:22:27.341 D/VRI[SplashActivity](18362): onFocusEvent false
06-07 20:22:27.342 D/ResourcesManagerExtImpl(18362): applyConfigurationToAppResourcesLocked app.getDisplayId() return callback.displayId:0
06-07 20:22:27.343 D/InsetsController(18362): hide(ime(), fromIme=false)
06-07 20:22:27.344 D/Osense-BaseDecisionMaker( 3272): notifyDelayedSceneToPolicy
06-07 20:22:27.344 I/ImeTracker(18362): com.saucelabs.mydemoapp.android:b774d68a: onCancelled at PHASE_CLIENT_ALREADY_HIDDEN
06-07 20:22:27.355 E/OplusBracketLog(18362): [OplusViewMirrorManager] updateHostViewRootIfNeeded, not support android.view.ViewRootImpl@5560c68
06-07 20:22:27.356 W/AccessibilityInteractionClient(18429): return null for 1
06-07 20:22:27.369 D/WindowOnBackDispatcher(18362):  predictive settings is disabled for com.saucelabs.mydemoapp.android
06-07 20:22:27.369 D/WindowOnBackDispatcher(18362):  predictive settings is disabled for com.saucelabs.mydemoapp.android
06-07 20:22:27.371 D/CoreBackPreview( 3272): Window{ff7e7a u0 com.saucelabs.mydemoapp.android/com.saucelabs.mydemoapp.android.view.activities.MainActivity}: Setting back callback OnBackInvokedCallbackInfo{mCallback=android.window.IOnBackInvokedCallback$Stub$Proxy@e1c2c21, mPriority=0, mIsAnimationCallback=false, mOverrideBehavior=0}
06-07 20:22:27.387 W/QosScheduler( 3272): getScenario failed! scenarios is null, mask=2
06-07 20:22:27.388 W/QosScheduler( 3272): executeSceneQosStrategy get scenario failed! scenario is null
06-07 20:22:27.403 D/ViewRootImplExtImpl(18362): wrapConfigInfoIntoFlags rotation=0, smallestScreenWidthDp=0, residentWS=false, scenario=0, bounds=Rect(0, 0 - 720, 1604), relayoutAsync=false, flags=0, newFlags=840957952, title=com.saucelabs.mydemoapp.android/com.saucelabs.mydemoapp.android.view.activities.MainActivity
06-07 20:22:27.405 V/WindowManager( 3272): Relayout Window{ff7e7a u0 com.saucelabs.mydemoapp.android/com.saucelabs.mydemoapp.android.view.activities.MainActivity}: viewVisibility=0, oldvis=4, req=720x1604 , apr = 0, vsysui=, x=0, y=0
06-07 20:22:27.406 I/WindowManager( 3272): Window{ff7e7a u0 com.saucelabs.mydemoapp.android/com.saucelabs.mydemoapp.android.view.activities.MainActivity} state from NO_SURFACE to DRAW_PENDING; reason: resetDrawState
06-07 20:22:27.413 D/WindowManager( 3272): NFW_findFocusedWindowIfNeeded:Window{ff7e7a u0 com.saucelabs.mydemoapp.android/com.saucelabs.mydemoapp.android.view.activities.MainActivity} mCurrentFocus:null
06-07 20:22:27.413 D/WindowManager( 3272): attachImeScreenshotOnTargetIfNeeded, mImeHiding = false, requestedVisibleTypes = -9
06-07 20:22:27.414 V/WindowManager( 3272): Changing focus from null to Window{ff7e7a u0 com.saucelabs.mydemoapp.android/com.saucelabs.mydemoapp.android.view.activities.MainActivity},diplayid=0
06-07 20:22:27.417 D/WindowManager( 3272): setFrameRateStart invalid typeId return!
06-07 20:22:27.420 D/WindowManager( 3272): setFrameRateStart invalid typeId return!
06-07 20:22:27.421 D/Theia.NoFocusWindow( 3272): FocusWindowErrorScene cancelCheckFreezeScreen
06-07 20:22:27.421 W/TheiaWindowMonitor( 3272): [check] focusedWindow is null or enable is false
06-07 20:22:27.426 D/VRI[MainActivity](18362): relayoutWindow result, sizeChanged:true, surfaceControlChanged:true, transformHintChanged:false, mSurfaceSize:Point(720, 1604), mLastSurfaceSize:Point(0, 0), mWidth:-1, mHeight:-1, requestedWidth:720, requestedHeight:1604, transformHint:0, installOrientation:0, displayRotation:0, isSurfaceValid:true, attr.flag:-2122252032, tmpFrames:ClientWindowFrames{frame=[0,0][720,1604] display=[0,0][720,1604] parentFrame=[0,0][0,0]}, relayoutAsync:false, mSyncSeqId:0
06-07 20:22:27.426 W/VRI[MainActivity](18362): updateBlastSurfaceIfNeeded, surfaceSize:Point(720, 1604), lastSurfaceSize:Point(0, 0), format:-1, blastBufferQueue:null
06-07 20:22:27.426 D/BufferQueueConsumer(18362): [](id:47ba00000001,api:0,p:-1,c:18362) connect: controlledByApp=false
06-07 20:22:27.427 D/BufferQueueConsumer(18362): [VRI[MainActivity]#1(BLAST Consumer)1](id:47ba00000001,api:0,p:-1,c:18362) setMaxAcquiredBufferCount: 2
06-07 20:22:27.430 D/HWUI    (18362): createSurface new attribs array
06-07 20:22:27.431 D/libEGL  (18362): this is from skia gles
06-07 20:22:27.431 D/BufferQueueProducer(18362): [VRI[MainActivity]#1(BLAST Consumer)1](id:47ba00000001,api:1,p:18362,c:18362) connect: api=1 producerControlledByApp=true
06-07 20:22:27.436 D/SurfaceComposerClient( 3272): Transaction::apply InputWindowCommands.focusRequests timestamp=85396594828412, windowName=ff7e7a com.saucelabs.mydemoapp.android/com.saucelabs.mydemoapp.android.view.activities.MainActivity
06-07 20:22:27.456 D/SurfaceFlinger( 1988): updateWinowInfo=1, setFocusedWindow timestamp=85396594828412, windowName=ff7e7a com.saucelabs.mydemoapp.android/com.saucelabs.mydemoapp.android.view.activities.MainActivity
06-07 20:22:27.457 I/InputDispatcher( 3272): NFW_setFocusedWindow, ff7e7a com.saucelabs.mydemoapp.android/com.saucelabs.mydemoapp.android.view.activities.MainActivity on display 0, same as the previous:0
06-07 20:22:27.459 W/RecyclerView(18362): No adapter attached; skipping layout
06-07 20:22:27.497 D/WifiStaIfaceHidlImpl( 3272): getCachedScanData is not implemented by HIDL
06-07 20:22:27.503 D/vendor.oplus.hardware.charger-V10-service( 1895): ret_value:159, read content:,335,350,4417,4413,-820,1500,2200,89,89,1,6,1425,4732,89,1,0,1,1,0,0,4490,0,6,0,6,0,0,0,-2740,0,1,1,0,0,41,41,41,0,0,0,0,0,0,0,0,0,0,4,0,1,0,100,0,0,0,0,0,0,0
06-07 20:22:27.503 D/vendor.oplus.hardware.charger-V10-service( 1895): gmtime: 2026-06-07-20-22-27
06-07 20:22:27.504 D/vendor.oplus.hardware.charger-V10-service( 1895): usb_online:1, ac_online:0, wireless_online:-2147483648
06-07 20:22:27.508 D/VendorWifiService( 4857): onEvent event:9,action:1
06-07 20:22:27.513 D/ScorerUtils( 3272): isLowTraffic: txTputKBps=0, rxTputKBps=0
06-07 20:22:27.514 D/OplusWifiPower_TriggerCenter( 3272): mComponentCallback: wifistat
06-07 20:22:27.515 D/OplusWifiResidenceRecognition( 3272): No available relateBssidList
06-07 20:22:27.652 I/SurfaceControl(18362):  setExtendedRangeBrightness sc=Surface(name=com.saucelabs.mydemoapp.android/com.saucelabs.mydemoapp.android.view.activities.MainActivity)/@0x7b1da8c,currentBufferRatio=1.0,desiredRatio=1.0
06-07 20:22:27.678 D/BLASTBufferQueue(18362): [VRI[MainActivity]#1](f:0,a:1) acquireNextBufferLocked size=720x1604 mFrameNumber=1 applyTransaction=true mTimestamp=85396850364245(auto) mPendingTransactions.size=0 graphicBufferId=78864189489159 transform=0
06-07 20:22:27.679 D/VRI[MainActivity](18362): Received frameCommittedCallback lastAttemptedDrawFrameNum=1 didProduceBuffer=true syncBuffer=false
06-07 20:22:27.686 W/TextView(18362): onProvideContentCaptureStructure(): calling assumeLayout()
06-07 20:22:27.687 W/TextView(18362): onProvideContentCaptureStructure(): calling assumeLayout()
06-07 20:22:27.689 W/TextView(18362): onProvideContentCaptureStructure(): calling assumeLayout()
06-07 20:22:27.690 W/TextView(18362): onProvideContentCaptureStructure(): calling assumeLayout()
06-07 20:22:27.692 W/TextView(18362): onProvideContentCaptureStructure(): calling assumeLayout()
06-07 20:22:27.693 W/TextView(18362): onProvideContentCaptureStructure(): calling assumeLayout()
06-07 20:22:27.695 W/TextView(18362): onProvideContentCaptureStructure(): calling assumeLayout()
06-07 20:22:27.696 W/TextView(18362): onProvideContentCaptureStructure(): calling assumeLayout()
06-07 20:22:27.697 W/TextView(18362): onProvideContentCaptureStructure(): calling assumeLayout()
06-07 20:22:27.699 W/TextView(18362): onProvideContentCaptureStructure(): calling assumeLayout()
06-07 20:22:27.700 D/VRI[MainActivity](18362): draw finished. seqId=0
06-07 20:22:27.701 D/WindowManager( 3272): onSyncFinishedDrawing: Window{ff7e7a u0 com.saucelabs.mydemoapp.android/com.saucelabs.mydemoapp.android.view.activities.MainActivity}
06-07 20:22:27.702 I/WindowManager( 3272): finishDrawing skipLayout:false,syncSeqId=0,mPrepareSyncSeqId=0 Window{ff7e7a u0 com.saucelabs.mydemoapp.android/com.saucelabs.mydemoapp.android.view.activities.MainActivity} com.android.server.wm.WindowManagerService.finishDrawingWindow:3194 com.android.server.wm.Session.finishDrawing:369 android.view.IWindowSession$Stub.onTransact:793 
06-07 20:22:27.702 I/WindowManager( 3272): Window{ff7e7a u0 com.saucelabs.mydemoapp.android/com.saucelabs.mydemoapp.android.view.activities.MainActivity} state from DRAW_PENDING to COMMIT_DRAW_PENDING; reason: finishDrawingLocked
06-07 20:22:27.704 I/WindowManager( 3272): Window{ff7e7a u0 com.saucelabs.mydemoapp.android/com.saucelabs.mydemoapp.android.view.activities.MainActivity} state from COMMIT_DRAW_PENDING to READY_TO_SHOW; reason: commitFinishDrawingLocked
06-07 20:22:27.704 D/CoreBackPreview( 3272):  return markWindowHasDrawn mComposed: false  mWaitTransition: false
06-07 20:22:27.705 D/ActivityTaskManager( 3272): Clearing startingData for activity=ActivityRecord{22799810 u0 com.saucelabs.mydemoapp.android/.view.activities.MainActivity t17212} mStartingData=null mStartingSurface=null
06-07 20:22:27.705 I/OPM     ( 3272): handleNotifyLaunchTime : com.saucelabs.mydemoapp.android, :667
06-07 20:22:27.706 D/ActivityTaskManager( 3272): commitVisibility: ActivityRecord{22799810 u0 com.saucelabs.mydemoapp.android/.view.activities.MainActivity t17212}: visible=true visibleRequested=true, isInTransition=true 
06-07 20:22:27.706 D/CoreBackPreview( 3272):  return markWindowHasDrawn mComposed: false  mWaitTransition: false
06-07 20:22:27.706 D/ActivityTaskManager( 3272): Clearing startingData for activity=ActivityRecord{22799810 u0 com.saucelabs.mydemoapp.android/.view.activities.MainActivity t17212} mStartingData=null mStartingSurface=null
06-07 20:22:27.706 I/OplusHansManager ( 3272): Fast Freezer interval is less than 10000
06-07 20:22:27.708 I/WindowManager( 3272): Window{ff7e7a u0 com.saucelabs.mydemoapp.android/com.saucelabs.mydemoapp.android.view.activities.MainActivity} state from READY_TO_SHOW to HAS_DRAWN; reason: performShowLocked
06-07 20:22:27.709 D/CoreBackPreview( 3272):  return markWindowHasDrawn mComposed: false  mWaitTransition: false
06-07 20:22:27.709 E/OplusAppQuickStart_AppQuickStartController( 3272): not start from launcher transition:2526
06-07 20:22:27.709 D/Transition( 3272): collectOrderChanges onTopTasksEnd: [Task{2298778 #17212 type=standard A=10319:com.saucelabs.mydemoapp.android}], reportedOnTop:null, mOnTopTasksStart: [Task{2298778 #17212 type=standard A=10319:com.saucelabs.mydemoapp.android}], TDA child: [Task{4d7e4b6 #2 type=undefined}, Task{538b2be #17190 type=standard A=10117:com.android.vending}, Task{a0f944f #17176 type=standard A=10161:com.android.chrome}, Task{3372f30 #17160 type=standard A=10147:com.oppo.gallery3d.app.Gallery}, Task{2adcb35 #17142 type=standard I=com.google.android.googlequicksearchbox/com.google.android.apps.search.assistant.surfaces.voice.robin.main.MainActivity minWidth=660 minHeight=700}, Task{c6b4f86 #17211 type=standard A=10402:com.medisafe.android.client nonResizable}, Task{5c0738a #1 type=home}, Task{2298778 #17212 type=standard A=10319:com.saucelabs.mydemoapp.android}]
06-07 20:22:27.710 D/OplusFlexibleActivityTransitionManager( 3272): fixTransitType type result:1, targets: [ChangeInfo{cbf98cc container=ActivityRecord{22799810 u0 com.saucelabs.mydemoapp.android/.view.activities.MainActivity t17212} flags=0x0}, ChangeInfo{7ea6715 container=ActivityRecord{262043282 u0 com.saucelabs.mydemoapp.android/.view.activities.SplashActivity t17212 f}} flags=0x0}]
06-07 20:22:27.711 D/RadioProxyJ[0]( 4857): [22811]> getRRCStatus
06-07 20:22:27.712 D/QmiNasClient( 2394): getRRCStatus - enter
06-07 20:22:27.715 D/OplusTransitionAnimationManager( 3272): activityRecordCount1fullScreenArBeHindStartingWindow null
06-07 20:22:27.715 D/OplusTransitionAnimationManager( 3272): activityRecordCount1fullScreenArBeHindStartingWindow null
06-07 20:22:27.715 D/QmiNasClient( 2394): getRRCStatus callback - enter
06-07 20:22:27.715 D/QmiNasClient( 2394): getRRCStatus result.rsp.rrcStatusInfo.rrcStatus = 0
06-07 20:22:27.715 D/NasProxy( 2394): handleMessage msg is 4001
06-07 20:22:27.716 D/RadioProxy( 2394): getRRCStatus : response cb for instance 0
06-07 20:22:27.716 D/QuickBackInputPolicy( 3272): resetInputInterceptState for remoteTransition: false
06-07 20:22:27.716 D/OplusTransitionController( 3272): onTransactionReady, transition: 2526, info: {id=2526 t=OPEN f=0x0 trk=0 r=[0@Point(0, 0)] c=[{m=OPEN f=FILLS_TASK leash=Surface(name=ActivityRecord{22799810 u0 com.saucelabs.mydemoapp.android/.view.activities.MainActivity t17212})/@0xa4d001b sb=Rect(0, 0 - 0, 0) eb=Rect(0, 0 - 720, 1604) epz=Point(720, 1604) d=-1->0 r=-1->0:-1 bc=ffffffff component=com.saucelabs.mydemoapp.android/.view.activities.MainActivity opt={t=FROM_STYLE mUserId=0}},{m=CLOSE f=FILLS_TASK leash=Surface(name=ActivityRecord{262043282 u0 com.saucelabs.mydemoapp.android/.view.activities.SplashActivity t17212})/@0x8b375b8 sb=Rect(0, 0 - 720, 1604) eb=Rect(0, 0 - 720, 1604) epz=Point(720, 1604) d=0 bc=ffffffff component=com.saucelabs.mydemoapp.android/.view.activities.SplashActivity opt={t=FROM_STYLE mUserId=0}}] 
06-07 20:22:27.716 D/OplusTransitionController( 3272): extendInfo=[
06-07 20:22:27.716 D/OplusTransitionController( 3272):  OplusTransitionExtendedInfo{mTmpFinishT=null, mInOplusCompatMode=false, mIsProcessRunning=false, mHasMismatchBoundsTarget=false, mRecentsController=null, mRemoteTransition=null, mIsTranslucentActivityToHome=false, mAvoidInterceptKeyEventToHome=false, mIsFromHome=false, mParentLeash=null, mBackAnimClosingLeash=null, mIsOplusAnimRes=false, mKeepBgForContinuous=false, mIsBalAllow=false, mTaskNotInRecent=false, mIsPredictiveBackAnim=false, mIsMergedWithPredictive=false, mIsLaunchFromSpruce=false, mIsLaunchFromDrive=false, mGlobalSearchPageSwitch=false, mNeedNoAlphaGlobalSearchScene=false, mAssistScreenShowing=false, mSwipeUpBrowserScreenShowing=false, mUserIdTransition=-1
06-07 20:22:27.716 D/OplusTransitionController( 3272): , mInRemoteScene=false, mInPreReady=false, mPreStart=false, mToken=null, mAbortByRemoteFromHome=false, mShellApplyToken=null, mRequestTransitionTaskId=17212, mAbortTransitionOnShell=0, mStartFromShortcut=false, mRemovedTaskId=-1, mTransitionInterruptType=0, mMergeSecondTaskId=-1, mTaskIdStartFromRecents=0, mTransitionId=2526, mCanUseSpringSlideAnim=false, mTransitionLaunchFrom=0, mFoldChangeType=-1, mAnimStartingPosition=[0, 0, 0, 0], mIsOpeningStkDialogActivity=false, mSecondaryHomeToFrontWhenUnFolding=false, mIsNeedApplyStartTForEmbedded=false
06-07 20:22:27.716 D/OplusTransitionController( 3272): , mNeedCanvasExitAnim=false, mMergeSecondTaskAnimation=false, mIsLaunchUnityStart=false, mIsLaunchFromAssistantByDefault=false, mSkipRemoteTransitionfalse, mIsStartFromKeyguard=false flags=0x0, mWCT=null, mIsOpenMergeToInValidPredictive=false}]}, targets : [ChangeInfo{cbf98cc container=ActivityRecord{22799810 u0 com.saucelabs.mydemoapp.android/.view.activities.MainActivity t17212} flags=0x0}, ChangeInfo{7ea6715 container=ActivityRecord{262043282 u0 com.saucelabs.mydemoapp.android/.view.activities.SplashActivity t17212 f}} flags=0x0}], participants: {ActivityRecord{22799810 u0 com.saucelabs.mydemoapp.android/.view.activities.MainActivity t17212}, ActivityRecord{262043282 u0 com.saucelabs.mydemoapp.android/.view.activities.SplashActivity t17212 f}}}
06-07 20:22:27.718 D/RadioProxyJ[0]( 4857): [22811]< getRRCStatusResponse 0
06-07 20:22:27.718 D/CoexRfService( 4857): report RRC state:false
06-07 20:22:27.719 I/Quality ( 3272): LaunchTime2.0: com.saucelabs.mydemoapp.android/.view.activities.MainActivity 2 708 com.saucelabs.mydemoapp.android -1 -1
06-07 20:22:27.719 V/WindowManagerShell( 4186): onTransitionReady(transaction=14053133166119)
06-07 20:22:27.720 I/Quality-ScreenOnOffLogProcessor(18780): withInScreenOnOffRange mIsScreenOn:true refTime:1780852947009 mRecentScreenOnTime:1780852680401 mRecentScreenOffTime:1780851631819
06-07 20:22:27.720 V/WindowManagerShell( 4186): onTransitionReady (#2526) android.os.BinderProxy@bb7262c: {id=2526 t=OPEN f=0x0 trk=0 r=[0@Point(0, 0)] c=[
06-07 20:22:27.720 V/WindowManagerShell( 4186):         {m=OPEN f=FILLS_TASK leash=Surface(name=ActivityRecord{22799810 u0 com.saucelabs.mydemoapp.android/.view.activities.MainActivity t17212})/@0x6867918 sb=Rect(0, 0 - 0, 0) eb=Rect(0, 0 - 720, 1604) epz=Point(720, 1604) d=-1->0 r=-1->0:-1 bc=ffffffff component=com.saucelabs.mydemoapp.android/.view.activities.MainActivity opt={t=FROM_STYLE mUserId=0}},
06-07 20:22:27.720 V/WindowManagerShell( 4186):         {m=CLOSE f=FILLS_TASK leash=Surface(name=ActivityRecord{262043282 u0 com.saucelabs.mydemoapp.android/.view.activities.SplashActivity t17212})/@0xb70f71 sb=Rect(0, 0 - 720, 1604) eb=Rect(0, 0 - 720, 1604) epz=Point(720, 1604) d=0 bc=ffffffff component=com.saucelabs.mydemoapp.android/.view.activities.SplashActivity opt={t=FROM_STYLE mUserId=0}}
06-07 20:22:27.720 V/WindowManagerShell( 4186):     ] 
06-07 20:22:27.720 V/WindowManagerShell( 4186): extendInfo=[
06-07 20:22:27.720 V/WindowManagerShell( 4186):  OplusTransitionExtendedInfo{mTmpFinishT=null, mInOplusCompatMode=false, mIsProcessRunning=false, mHasMismatchBoundsTarget=false, mRecentsController=null, mRemoteTransition=null, mIsTranslucentActivityToHome=false, mAvoidInterceptKeyEventToHome=false, mIsFromHome=false, mParentLeash=null, mBackAnimClosingLeash=null, mIsOplusAnimRes=false, mKeepBgForContinuous=false, mIsBalAllow=false, mTaskNotInRecent=false, mIsPredictiveBackAnim=false, mIsMergedWithPredictive=false, mIsLaunchFromSpruce=false, mIsLaunchFromDrive=false, mGlobalSearchPageSwitch=false, mNeedNoAlphaGlobalSearchScene=false, mAssistScreenShowing=false, mSwipeUpBrowserScreenShowing=false, mUserIdTransition=-1
06-07 20:22:27.720 V/WindowManagerShell( 4186): , mInRemoteScene=false, mInPreReady=false, mPreStart=false, mToken=null, mAbortByRemoteFromHome=false, mShellApplyToken=null, mRequestTransitionTaskId=17212, mAbortTransitionOnShell=0, mStartFromShortcut=false, mRemovedTaskId=-1, mTransitionInterruptType=0, mMergeSecondTaskId=-1, mTaskIdStartFromRecents=0, mTransitionId=2526, mCanUseSpringSlideAnim=false, mTransitionLaunchFrom=0, mFoldChangeType=-1, mAnimStartingPosition=[0, 0, 0, 0], mIsOpeningStkDialogActivity=false, mSecondaryHomeToFrontWhenUnFolding=false, mIsNeedApplyStartTForEmbedded=false
06-07 20:22:27.720 V/WindowManagerShell( 4186): , mNeedCanvasExitAnim=false, mMergeSecondTaskAnimation=false, mIsLaunchUnityStart=false, mIsLaunchFromAssistantByDefault=false, mSkipRemoteTransitionfalse, mIsStartFromKeyguard=false flags=0x0, mWCT=null, mIsOpenMergeToInValidPredictive=false}]}
06-07 20:22:27.721 D/OplusShellTransition( 4186): dispatchReady, active:(#2526) android.os.BinderProxy@bb7262c@0, isSync=false, track:com.android.wm.shell.transition.Transitions$Track@1f9391e
06-07 20:22:27.721 D/OplusShellTransition( 4186): Abort transition (#2526) android.os.BinderProxy@bb7262c@0 WMCore requested. reason: 0; abortTransition: false
06-07 20:22:27.721 V/WindowManagerShell( 4186): Playing animation for (#2526) android.os.BinderProxy@bb7262c@0
06-07 20:22:27.722 V/ShellRecents( 4186): RecentsTransitionHandler.startAnimation: no controller found
06-07 20:22:27.722 V/WindowManagerShell( 4186): start OnePuttTransition animation, info = {id=2526 t=OPEN f=0x0 trk=0 r=[0@Point(0, 0)] c=[{m=OPEN f=FILLS_TASK leash=Surface(name=ActivityRecord{22799810 u0 com.saucelabs.mydemoapp.android/.view.activities.MainActivity t17212})/@0x6867918 sb=Rect(0, 0 - 0, 0) eb=Rect(0, 0 - 720, 1604) epz=Point(720, 1604) d=-1->0 r=-1->0:-1 bc=ffffffff component=com.saucelabs.mydemoapp.android/.view.activities.MainActivity opt={t=FROM_STYLE mUserId=0}},{m=CLOSE f=FILLS_TASK leash=Surface(name=ActivityRecord{262043282 u0 com.saucelabs.mydemoapp.android/.view.activities.SplashActivity t17212})/@0xb70f71 sb=Rect(0, 0 - 720, 1604) eb=Rect(0, 0 - 720, 1604) epz=Point(720, 1604) d=0 bc=ffffffff component=com.saucelabs.mydemoapp.android/.view.activities.SplashActivity opt={t=FROM_STYLE mUserId=0}}] 
06-07 20:22:27.722 V/WindowManagerShell( 4186): extendInfo=[
06-07 20:22:27.722 V/WindowManagerShell( 4186):  OplusTransitionExtendedInfo{mTmpFinishT=null, mInOplusCompatMode=false, mIsProcessRunning=false, mHasMismatchBoundsTarget=false, mRecentsController=null, mRemoteTransition=null, mIsTranslucentActivityToHome=false, mAvoidInterceptKeyEventToHome=false, mIsFromHome=false, mParentLeash=null, mBackAnimClosingLeash=null, mIsOplusAnimRes=false, mKeepBgForContinuous=false, mIsBalAllow=false, mTaskNotInRecent=false, mIsPredictiveBackAnim=false, mIsMergedWithPredictive=false, mIsLaunchFromSpruce=false, mIsLaunchFromDrive=false, mGlobalSearchPageSwitch=false, mNeedNoAlphaGlobalSearchScene=false, mAssistScreenShowing=false, mSwipeUpBrowserScreenShowing=false, mUserIdTransition=-1
06-07 20:22:27.722 V/WindowManagerShell( 4186): , mInRemoteScene=false, mInPreReady=false, mPreStart=false, mToken=null, mAbortByRemoteFromHome=false, mShellApplyToken=null, mRequestTransitionTaskId=17212, mAbortTransitionOnShell=0, mStartFromShortcut=false, mRemovedTaskId=-1, mTransitionInterruptType=0, mMergeSecondTaskId=-1, mTaskIdStartFromRecents=0, mTransitionId=2526, mCanUseSpringSlideAnim=false, mTransitionLaunchFrom=0, mFoldChangeType=-1, mAnimStartingPosition=[0, 0, 0, 0], mIsOpeningStkDialogActivity=false, mSecondaryHomeToFrontWhenUnFolding=false, mIsNeedApplyStartTForEmbedded=false
06-07 20:22:27.722 V/WindowManagerShell( 4186): , mNeedCanvasExitAnim=false, mMergeSecondTaskAnimation=false, mIsLaunchUnityStart=false, mIsLaunchFromAssistantByDefault=false, mSkipRemoteTransitionfalse, mIsStartFromKeyguard=false flags=0x0, mWCT=null, mIsOpenMergeToInValidPredictive=false}]}
06-07 20:22:27.722 I/ActivityTaskManager( 3272): Displayed com.saucelabs.mydemoapp.android/.view.activities.MainActivity for user 0: +714ms
06-07 20:22:27.722 D/FlexibleTaskTransitionHandler( 4186):  performAnimation transition:android.os.BinderProxy@bb7262c ,info:{id=2526 t=OPEN f=0x0 trk=0 r=[0@Point(0, 0)] c=[{m=OPEN f=FILLS_TASK leash=Surface(name=ActivityRecord{22799810 u0 com.saucelabs.mydemoapp.android/.view.activities.MainActivity t17212})/@0x6867918 sb=Rect(0, 0 - 0, 0) eb=Rect(0, 0 - 720, 1604) epz=Point(720, 1604) d=-1->0 r=-1->0:-1 bc=ffffffff component=com.saucelabs.mydemoapp.android/.view.activities.MainActivity opt={t=FROM_STYLE mUserId=0}},{m=CLOSE f=FILLS_TASK leash=Surface(name=ActivityRecord{262043282 u0 com.saucelabs.mydemoapp.android/.view.activities.SplashActivity t17212})/@0xb70f71 sb=Rect(0, 0 - 720, 1604) eb=Rect(0, 0 - 720, 1604) epz=Point(720, 1604) d=0 bc=ffffffff component=com.saucelabs.mydemoapp.android/.view.activities.SplashActivity opt={t=FROM_STYLE mUserId=0}}] 
06-07 20:22:27.722 D/FlexibleTaskTransitionHandler( 4186): extendInfo=[
06-07 20:22:27.722 D/FlexibleTaskTransitionHandler( 4186):  OplusTransitionExtendedInfo{mTmpFinishT=null, mInOplusCompatMode=false, mIsProcessRunning=false, mHasMismatchBoundsTarget=false, mRecentsController=null, mRemoteTransition=null, mIsTranslucentActivityToHome=false, mAvoidInterceptKeyEventToHome=false, mIsFromHome=false, mParentLeash=null, mBackAnimClosingLeash=null, mIsOplusAnimRes=false, mKeepBgForContinuous=false, mIsBalAllow=false, mTaskNotInRecent=false, mIsPredictiveBackAnim=false, mIsMergedWithPredictive=false, mIsLaunchFromSpruce=false, mIsLaunchFromDrive=false, mGlobalSearchPageSwitch=false, mNeedNoAlphaGlobalSearchScene=false, mAssistScreenShowing=false, mSwipeUpBrowserScreenShowing=false, mUserIdTransition=-1
06-07 20:22:27.722 D/FlexibleTaskTransitionHandler( 4186): , mInRemoteScene=false, mInPreReady=false, mPreStart=false, mToken=null, mAbortByRemoteFromHome=false, mShellApplyToken=null, mRequestTransitionTaskId=17212, mAbortTransitionOnShell=0, mStartFromShortcut=false, mRemovedTaskId=-1, mTransitionInterruptType=0, mMergeSecondTaskId=-1, mTaskIdStartFromRecents=0, mTransitionId=2526, mCanUseSpringSlideAnim=false, mTransitionLaunchFrom=0, mFoldChangeType=-1, mAnimStartingPosition=[0, 0, 0, 0], mIsOpeningStkDialogActivity=false, mSecondaryHomeToFrontWhenUnFolding=false, mIsNeedApplyStartTForEmbedded=false
06-07 20:22:27.722 D/FlexibleTaskTransitionHandler( 4186): , mNeedCanvasExitAnim=false, mMergeSecondTaskAnimation=false, mIsLaunchUnityStart=false, mIsLaunchFromAssistantByDefault=false, mSkipRemoteTransitionfalse, mIsStartFromKeyguard=false flags=0x0, mWCT=null, mIsOpenMergeToInValidPredictive=false}]}
06-07 20:22:27.722 D/FlexibleTaskTransitionHandler( 4186):  no need handler this transitionInfo: {id=2526 t=OPEN f=0x0 trk=0 r=[0@Point(0, 0)] c=[{m=OPEN f=FILLS_TASK leash=Surface(name=ActivityRecord{22799810 u0 com.saucelabs.mydemoapp.android/.view.activities.MainActivity t17212})/@0x6867918 sb=Rect(0, 0 - 0, 0) eb=Rect(0, 0 - 720, 1604) epz=Point(720, 1604) d=-1->0 r=-1->0:-1 bc=ffffffff component=com.saucelabs.mydemoapp.android/.view.activities.MainActivity opt={t=FROM_STYLE mUserId=0}},{m=CLOSE f=FILLS_TASK leash=Surface(name=ActivityRecord{262043282 u0 com.saucelabs.mydemoapp.android/.view.activities.SplashActivity t17212})/@0xb70f71 sb=Rect(0, 0 - 720, 1604) eb=Rect(0, 0 - 720, 1604) epz=Point(720, 1604) d=0 bc=ffffffff component=com.saucelabs.mydemoapp.android/.view.activities.SplashActivity opt={t=FROM_STYLE mUserId=0}}] 
06-07 20:22:27.722 D/FlexibleTaskTransitionHandler( 4186): extendInfo=[
06-07 20:22:27.722 D/FlexibleTaskTransitionHandler( 4186):  OplusTransitionExtendedInfo{mTmpFinishT=null, mInOplusCompatMode=false, mIsProcessRunning=false, mHasMismatchBoundsTarget=false, mRecentsController=null, mRemoteTransition=null, mIsTranslucentActivityToHome=false, mAvoidInterceptKeyEventToHome=false, mIsFromHome=false, mParentLeash=null, mBackAnimClosingLeash=null, mIsOplusAnimRes=false, mKeepBgForContinuous=false, mIsBalAllow=false, mTaskNotInRecent=false, mIsPredictiveBackAnim=false, mIsMergedWithPredictive=false, mIsLaunchFromSpruce=false, mIsLaunchFromDrive=false, mGlobalSearchPageSwitch=false, mNeedNoAlphaGlobalSearchScene=false, mAssistScreenShowing=false, mSwipeUpBrowserScreenShowing=false, mUserIdTransition=-1
06-07 20:22:27.722 D/FlexibleTaskTransitionHandler( 4186): , mInRemoteScene=false, mInPreReady=false, mPreStart=false, mToken=null, mAbortByRemoteFromHome=false, mShellApplyToken=null, mRequestTransitionTaskId=17212, mAbortTransitionOnShell=0, mStartFromShortcut=false, mRemovedTaskId=-1, mTransitionInterruptType=0, mMergeSecondTaskId=-1, mTaskIdStartFromRecents=0, mTransitionId=2526, mCanUseSpringSlideAnim=false, mTransitionLaunchFrom=0, mFoldChangeType=-1, mAnimStartingPosition=[0, 0, 0, 0], mIsOpeningStkDialogActivity=false, mSecondaryHomeToFrontWhenUnFolding=false, mIsNeedApplyStartTForEmbedded=false
06-07 20:22:27.722 D/FlexibleTaskTransitionHandler( 4186): , mNeedCanvasExitAnim=false, mMergeSecondTaskAnimation=false, mIsLaunchUnityStart=false, mIsLaunchFromAssistantByDefault=false, mSkipRemoteTransitionfalse, mIsStartFromKeyguard=false flags=0x0, mWCT=null, mIsOpenMergeToInValidPredictive=false}]}
06-07 20:22:27.722 V/WindowManagerShell( 4186): Transition doesn't have explicit remote, search filters for match for {id=2526 t=OPEN f=0x0 trk=0 r=[0@Point(0, 0)] c=[{m=OPEN f=FILLS_TASK leash=Surface(name=ActivityRecord{22799810 u0 com.saucelabs.mydemoapp.android/.view.activities.MainActivity t17212})/@0x6867918 sb=Rect(0, 0 - 0, 0) eb=Rect(0, 0 - 720, 1604) epz=Point(720, 1604) d=-1->0 r=-1->0:-1 bc=ffffffff component=com.saucelabs.mydemoapp.android/.view.activities.MainActivity opt={t=FROM_STYLE mUserId=0}},{m=CLOSE f=FILLS_TASK leash=Surface(name=ActivityRecord{262043282 u0 com.saucelabs.mydemoapp.android/.view.activities.SplashActivity t17212})/@0xb70f71 sb=Rect(0, 0 - 720, 1604) eb=Rect(0, 0 - 720, 1604) epz=Point(720, 1604) d=0 bc=ffffffff component=com.saucelabs.mydemoapp.android/.view.activities.SplashActivity opt={t=FROM_STYLE mUserId=0}}] 
06-07 20:22:27.722 V/WindowManagerShell( 4186): extendInfo=[
06-07 20:22:27.722 V/WindowManagerShell( 4186):  OplusTransitionExtendedInfo{mTmpFinishT=null, mInOplusCompatMode=false, mIsProcessRunning=false, mHasMismatchBoundsTarget=false, mRecentsController=null, mRemoteTransition=null, mIsTranslucentActivityToHome=false, mAvoidInterceptKeyEventToHome=false, mIsFromHome=false, mParentLeash=null, mBackAnimClosingLeash=null, mIsOplusAnimRes=false, mKeepBgForContinuous=false, mIsBalAllow=false, mTaskNotInRecent=false, mIsPredictiveBackAnim=false, mIsMergedWithPredictive=false, mIsLaunchFromSpruce=false, mIsLaunchFromDrive=false, mGlobalSearchPageSwitch=false, mNeedNoAlphaGlobalSearchScene=false, mAssistScreenShowing=false, mSwipeUpBrowserScreenShowing=false, mUserIdTransition=-1
06-07 20:22:27.722 V/WindowManagerShell( 4186): , mInRemoteScene=false, mInPreReady=false, mPreStart=false, mToken=null, mAbortByRemoteFromHome=false, mShellApplyToken=null, mRequestTransitionTaskId=17212, mAbortTransitionOnShell=0, mStartFromShortcut=false, mRemovedTaskId=-1, mTransitionInterruptType=0, mMergeSecondTaskId=-1, mTaskIdStartFromRecents=0, mTransitionId=2526, mCanUseSpringSlideAnim=false, mTransitionLaunchFrom=0, mFoldChangeType=-1, mAnimStartingPosition=[0, 0, 0, 0], mIsOpeningStkDialogActivity=false, mSecondaryHomeToFrontWhenUnFolding=false, mIsNeedApplyStartTForEmbedded=false
06-07 20:22:27.722 V/WindowManagerShell( 4186): , mNeedCanvasExitAnim=false, mMergeSecondTaskAnimation=false, mIsLaunchUnityStart=false, mIsLaunchFromAssistantByDefault=false, mSkipRemoteTransitionfalse, mIsStartFromKeyguard=false flags=0x0, mWCT=null, mIsOpenMergeToInValidPredictive=false}]}
06-07 20:22:27.723 V/WindowManagerShell( 4186):  Checking filter Pair{{types=[] flags=0x0] notFlags=0x100 checks=[{atype=home independent=true modes=[OPEN,TO_FRONT] flags=NONE mustBeTask=false order=TOP topActivity=ComponentInfo{com.android.launcher/com.android.launcher.Launcher} launchCookie=null windowingMode=undefined},{atype=standard independent=true modes=[CLOSE,TO_BACK] flags=NONE mustBeTask=false order=ANY topActivity=null launchCookie=null windowingMode=undefined}]} RemoteTransition { remoteTransition = android.window.IRemoteTransition$Stub$Proxy@3c248d7, appThread = android.app.IApplicationThread$Stub$Proxy@934b5c4, debugName = QuickstepLaunchHome }}
06-07 20:22:27.723 V/WindowManagerShell( 4186):  Delegate animation for (#2526) to null
06-07 20:22:27.723 V/WindowManagerShell( 4186): start default transition animation, info = {id=2526 t=OPEN f=0x0 trk=0 r=[0@Point(0, 0)] c=[{m=OPEN f=FILLS_TASK leash=Surface(name=ActivityRecord{22799810 u0 com.saucelabs.mydemoapp.android/.view.activities.MainActivity t17212})/@0x6867918 sb=Rect(0, 0 - 0, 0) eb=Rect(0, 0 - 720, 1604) epz=Point(720, 1604) d=-1->0 r=-1->0:-1 bc=ffffffff component=com.saucelabs.mydemoapp.android/.view.activities.MainActivity opt={t=FROM_STYLE mUserId=0}},{m=CLOSE f=FILLS_TASK leash=Surface(name=ActivityRecord{262043282 u0 com.saucelabs.mydemoapp.android/.view.activities.SplashActivity t17212})/@0xb70f71 sb=Rect(0, 0 - 720, 1604) eb=Rect(0, 0 - 720, 1604) epz=Point(720, 1604) d=0 bc=ffffffff component=com.saucelabs.mydemoapp.android/.view.activities.SplashActivity opt={t=FROM_STYLE mUserId=0}}] 
06-07 20:22:27.723 V/WindowManagerShell( 4186): extendInfo=[
06-07 20:22:27.723 V/WindowManagerShell( 4186):  OplusTransitionExtendedInfo{mTmpFinishT=null, mInOplusCompatMode=false, mIsProcessRunning=false, mHasMismatchBoundsTarget=false, mRecentsController=null, mRemoteTransition=null, mIsTranslucentActivityToHome=false, mAvoidInterceptKeyEventToHome=false, mIsFromHome=false, mParentLeash=null, mBackAnimClosingLeash=null, mIsOplusAnimRes=false, mKeepBgForContinuous=false, mIsBalAllow=false, mTaskNotInRecent=false, mIsPredictiveBackAnim=false, mIsMergedWithPredictive=false, mIsLaunchFromSpruce=false, mIsLaunchFromDrive=false, mGlobalSearchPageSwitch=false, mNeedNoAlphaGlobalSearchScene=false, mAssistScreenShowing=false, mSwipeUpBrowserScreenShowing=false, mUserIdTransition=-1
